Archive member included because of file (symbol)

c:/users/lukasz/mentorgraphics/sourcery_codebench_lite_for_arm_eabi/bin/../lib/gcc/arm-none-eabi/4.8.1/armv6-m\libgcc.a(_udivsi3.o)
                              ..\obj\stm32f0xx_rcc.o (__aeabi_uidiv)
c:/users/lukasz/mentorgraphics/sourcery_codebench_lite_for_arm_eabi/bin/../lib/gcc/arm-none-eabi/4.8.1/armv6-m\libgcc.a(_dvmd_tls.o)
                              c:/users/lukasz/mentorgraphics/sourcery_codebench_lite_for_arm_eabi/bin/../lib/gcc/arm-none-eabi/4.8.1/armv6-m\libgcc.a(_udivsi3.o) (__aeabi_idiv0)
c:/users/lukasz/mentorgraphics/sourcery_codebench_lite_for_arm_eabi/bin/../lib/gcc/arm-none-eabi/4.8.1/../../../../arm-none-eabi/lib/armv6-m\libc.a(lib_a-memcpy-stub.o)
                              ..\obj\stm32_hardware_modules.o (memcpy)
c:/users/lukasz/mentorgraphics/sourcery_codebench_lite_for_arm_eabi/bin/../lib/gcc/arm-none-eabi/4.8.1/../../../../arm-none-eabi/lib/armv6-m\libc.a(lib_a-memset.o)
                              ..\obj\tasks.o (memset)
c:/users/lukasz/mentorgraphics/sourcery_codebench_lite_for_arm_eabi/bin/../lib/gcc/arm-none-eabi/4.8.1/../../../../arm-none-eabi/lib/armv6-m\libc.a(lib_a-strcpy.o)
                              ..\obj\stm32_hardware_modules.o (strcpy)
c:/users/lukasz/mentorgraphics/sourcery_codebench_lite_for_arm_eabi/bin/../lib/gcc/arm-none-eabi/4.8.1/../../../../arm-none-eabi/lib/armv6-m\libc.a(lib_a-strlen.o)
                              ..\obj\stm32_hardware_modules.o (strlen)
c:/users/lukasz/mentorgraphics/sourcery_codebench_lite_for_arm_eabi/bin/../lib/gcc/arm-none-eabi/4.8.1/../../../../arm-none-eabi/lib/armv6-m\libc.a(lib_a-strncmp.o)
                              ..\obj\stm32_hardware_modules.o (strncmp)

Allocating common symbols
Common symbol       size              file

USART_RxBuffer      0x21              ..\obj\stm32_hardware_modules.o
USART_RxData        0x22              ..\obj\stm32_hardware_modules.o
xKeyboardQueueSetMemberHandle
                    0x4               ..\obj\keyboard4x4.o
xHandleLEDGREEN     0x4               ..\obj\main.o
codeToSend          0x4               ..\obj\keyboard4x4.o
SPI_TxData          0x22              ..\obj\stm32_hardware_modules.o
xHandleLEDBLUE      0x4               ..\obj\main.o
xHandleTaskForStackOverlowDetection
                    0x4               ..\obj\main.o
xQueueRegistry      0x40              ..\obj\queue.o
AT24C64_DataNum     0x2               ..\obj\AT24c64.o
SPI_RxData          0x22              ..\obj\stm32_hardware_modules.o
xKeyboardQueueSet   0x4               ..\obj\keyboard4x4.o
pcTaskForStackOverlowDetection
                    0x4               ..\obj\main.o
USART_TxBuffer      0x21              ..\obj\stm32_hardware_modules.o
xSPI2WriteQueueHandle
                    0x4               ..\obj\stm32_hardware_modules.o
xReceivedCorrectDataCodeFromKeyboard
                    0x4               ..\obj\keyboard4x4.o
xKeyboardReceivedQueue
                    0x4               ..\obj\keyboard4x4.o
xUsartQueueHandle   0x4               ..\obj\stm32_hardware_modules.o
xSPI2ReadQueueHandle
                    0x4               ..\obj\stm32_hardware_modules.o
USART_TxData        0x22              ..\obj\stm32_hardware_modules.o

Discarded input sections

 .text          0x00000000        0x0 ..\obj\stm32f0xx_crc.o
 .data          0x00000000        0x0 ..\obj\stm32f0xx_crc.o
 .bss           0x00000000        0x0 ..\obj\stm32f0xx_crc.o
 .text.CRC_DeInit
                0x00000000       0x28 ..\obj\stm32f0xx_crc.o
 .text.CRC_ResetDR
                0x00000000       0x14 ..\obj\stm32f0xx_crc.o
 .text.CRC_ReverseInputDataSelect
                0x00000000       0x34 ..\obj\stm32f0xx_crc.o
 .text.CRC_ReverseOutputDataCmd
                0x00000000       0x38 ..\obj\stm32f0xx_crc.o
 .text.CRC_SetInitRegister
                0x00000000       0x18 ..\obj\stm32f0xx_crc.o
 .text.CRC_CalcCRC
                0x00000000       0x20 ..\obj\stm32f0xx_crc.o
 .text.CRC_CalcBlockCRC
                0x00000000       0x40 ..\obj\stm32f0xx_crc.o
 .text.CRC_GetCRC
                0x00000000       0x14 ..\obj\stm32f0xx_crc.o
 .text.CRC_SetIDRegister
                0x00000000       0x20 ..\obj\stm32f0xx_crc.o
 .text.CRC_GetIDRegister
                0x00000000       0x14 ..\obj\stm32f0xx_crc.o
 .debug_info    0x00000000      0x288 ..\obj\stm32f0xx_crc.o
 .debug_abbrev  0x00000000      0x15c ..\obj\stm32f0xx_crc.o
 .debug_aranges
                0x00000000       0x68 ..\obj\stm32f0xx_crc.o
 .debug_ranges  0x00000000       0x58 ..\obj\stm32f0xx_crc.o
 .debug_line    0x00000000      0x21f ..\obj\stm32f0xx_crc.o
 .debug_str     0x00000000      0x2af ..\obj\stm32f0xx_crc.o
 .comment       0x00000000       0x31 ..\obj\stm32f0xx_crc.o
 .ARM.attributes
                0x00000000       0x31 ..\obj\stm32f0xx_crc.o
 .debug_frame   0x00000000      0x140 ..\obj\stm32f0xx_crc.o
 .text          0x00000000        0x0 ..\obj\stm32f0xx_rcc.o
 .bss           0x00000000        0x0 ..\obj\stm32f0xx_rcc.o
 .text.RCC_DeInit
                0x00000000       0x88 ..\obj\stm32f0xx_rcc.o
 .text.RCC_HSEConfig
                0x00000000       0x24 ..\obj\stm32f0xx_rcc.o
 .text.RCC_WaitForHSEStartUp
                0x00000000       0x60 ..\obj\stm32f0xx_rcc.o
 .text.RCC_AdjustHSICalibrationValue
                0x00000000       0x3c ..\obj\stm32f0xx_rcc.o
 .text.RCC_HSICmd
                0x00000000       0x38 ..\obj\stm32f0xx_rcc.o
 .text.RCC_AdjustHSI14CalibrationValue
                0x00000000       0x3c ..\obj\stm32f0xx_rcc.o
 .text.RCC_HSI14Cmd
                0x00000000       0x38 ..\obj\stm32f0xx_rcc.o
 .text.RCC_HSI14ADCRequestCmd
                0x00000000       0x38 ..\obj\stm32f0xx_rcc.o
 .text.RCC_LSEConfig
                0x00000000       0x38 ..\obj\stm32f0xx_rcc.o
 .text.RCC_LSEDriveConfig
                0x00000000       0x2c ..\obj\stm32f0xx_rcc.o
 .text.RCC_LSICmd
                0x00000000       0x38 ..\obj\stm32f0xx_rcc.o
 .text.RCC_PLLConfig
                0x00000000       0x34 ..\obj\stm32f0xx_rcc.o
 .text.RCC_PLLCmd
                0x00000000       0x40 ..\obj\stm32f0xx_rcc.o
 .text.RCC_PREDIV1Config
                0x00000000       0x34 ..\obj\stm32f0xx_rcc.o
 .text.RCC_ClockSecuritySystemCmd
                0x00000000       0x40 ..\obj\stm32f0xx_rcc.o
 .text.RCC_MCOConfig
                0x00000000       0x20 ..\obj\stm32f0xx_rcc.o
 .text.RCC_SYSCLKConfig
                0x00000000       0x34 ..\obj\stm32f0xx_rcc.o
 .text.RCC_GetSYSCLKSource
                0x00000000       0x1c ..\obj\stm32f0xx_rcc.o
 .text.RCC_HCLKConfig
                0x00000000       0x34 ..\obj\stm32f0xx_rcc.o
 .text.RCC_PCLKConfig
                0x00000000       0x38 ..\obj\stm32f0xx_rcc.o
 .text.RCC_ADCCLKConfig
                0x00000000       0x50 ..\obj\stm32f0xx_rcc.o
 .text.RCC_CECCLKConfig
                0x00000000       0x2c ..\obj\stm32f0xx_rcc.o
 .text.RCC_I2CCLKConfig
                0x00000000       0x2c ..\obj\stm32f0xx_rcc.o
 .text.RCC_USARTCLKConfig
                0x00000000       0x2c ..\obj\stm32f0xx_rcc.o
 .text.RCC_RTCCLKConfig
                0x00000000       0x20 ..\obj\stm32f0xx_rcc.o
 .text.RCC_RTCCLKCmd
                0x00000000       0x40 ..\obj\stm32f0xx_rcc.o
 .text.RCC_BackupResetCmd
                0x00000000       0x40 ..\obj\stm32f0xx_rcc.o
 .text.RCC_AHBPeriphResetCmd
                0x00000000       0x3c ..\obj\stm32f0xx_rcc.o
 .text.RCC_APB2PeriphResetCmd
                0x00000000       0x3c ..\obj\stm32f0xx_rcc.o
 .text.RCC_APB1PeriphResetCmd
                0x00000000       0x3c ..\obj\stm32f0xx_rcc.o
 .text.RCC_ITConfig
                0x00000000       0x50 ..\obj\stm32f0xx_rcc.o
 .text.RCC_GetFlagStatus
                0x00000000       0x90 ..\obj\stm32f0xx_rcc.o
 .text.RCC_ClearFlag
                0x00000000       0x1c ..\obj\stm32f0xx_rcc.o
 .text.RCC_GetITStatus
                0x00000000       0x44 ..\obj\stm32f0xx_rcc.o
 .text.RCC_ClearITPendingBit
                0x00000000       0x20 ..\obj\stm32f0xx_rcc.o
 .text          0x00000000        0x0 ..\obj\stm32f0xx_adc.o
 .data          0x00000000        0x0 ..\obj\stm32f0xx_adc.o
 .bss           0x00000000        0x0 ..\obj\stm32f0xx_adc.o
 .text.ADC_DeInit
                0x00000000       0x34 ..\obj\stm32f0xx_adc.o
 .text.ADC_Init
                0x00000000       0x58 ..\obj\stm32f0xx_adc.o
 .text.ADC_StructInit
                0x00000000       0x34 ..\obj\stm32f0xx_adc.o
 .text.ADC_Cmd  0x00000000       0x38 ..\obj\stm32f0xx_adc.o
 .text.ADC_JitterCmd
                0x00000000       0x38 ..\obj\stm32f0xx_adc.o
 .text.ADC_AutoPowerOffCmd
                0x00000000       0x3c ..\obj\stm32f0xx_adc.o
 .text.ADC_WaitModeCmd
                0x00000000       0x3c ..\obj\stm32f0xx_adc.o
 .text.ADC_AnalogWatchdogCmd
                0x00000000       0x3c ..\obj\stm32f0xx_adc.o
 .text.ADC_AnalogWatchdogThresholdsConfig
                0x00000000       0x28 ..\obj\stm32f0xx_adc.o
 .text.ADC_AnalogWatchdogSingleChannelConfig
                0x00000000       0x34 ..\obj\stm32f0xx_adc.o
 .text.ADC_AnalogWatchdogSingleChannelCmd
                0x00000000       0x3c ..\obj\stm32f0xx_adc.o
 .text.ADC_TempSensorCmd
                0x00000000       0x40 ..\obj\stm32f0xx_adc.o
 .text.ADC_VrefintCmd
                0x00000000       0x40 ..\obj\stm32f0xx_adc.o
 .text.ADC_VbatCmd
                0x00000000       0x40 ..\obj\stm32f0xx_adc.o
 .text.ADC_ChannelConfig
                0x00000000       0x38 ..\obj\stm32f0xx_adc.o
 .text.ADC_ContinuousModeCmd
                0x00000000       0x3c ..\obj\stm32f0xx_adc.o
 .text.ADC_DiscModeCmd
                0x00000000       0x3c ..\obj\stm32f0xx_adc.o
 .text.ADC_OverrunModeCmd
                0x00000000       0x3c ..\obj\stm32f0xx_adc.o
 .text.ADC_GetCalibrationFactor
                0x00000000       0x60 ..\obj\stm32f0xx_adc.o
 .text.ADC_StopOfConversion
                0x00000000       0x1c ..\obj\stm32f0xx_adc.o
 .text.ADC_StartOfConversion
                0x00000000       0x1c ..\obj\stm32f0xx_adc.o
 .text.ADC_GetConversionValue
                0x00000000       0x18 ..\obj\stm32f0xx_adc.o
 .text.ADC_DMACmd
                0x00000000       0x3c ..\obj\stm32f0xx_adc.o
 .text.ADC_DMARequestModeConfig
                0x00000000       0x2c ..\obj\stm32f0xx_adc.o
 .text.ADC_ITConfig
                0x00000000       0x38 ..\obj\stm32f0xx_adc.o
 .text.ADC_GetFlagStatus
                0x00000000       0x60 ..\obj\stm32f0xx_adc.o
 .text.ADC_ClearFlag
                0x00000000       0x18 ..\obj\stm32f0xx_adc.o
 .text.ADC_GetITStatus
                0x00000000       0x50 ..\obj\stm32f0xx_adc.o
 .text.ADC_ClearITPendingBit
                0x00000000       0x18 ..\obj\stm32f0xx_adc.o
 .debug_info    0x00000000      0x86a ..\obj\stm32f0xx_adc.o
 .debug_abbrev  0x00000000      0x188 ..\obj\stm32f0xx_adc.o
 .debug_aranges
                0x00000000      0x100 ..\obj\stm32f0xx_adc.o
 .debug_ranges  0x00000000       0xf0 ..\obj\stm32f0xx_adc.o
 .debug_line    0x00000000      0x424 ..\obj\stm32f0xx_adc.o
 .debug_str     0x00000000      0x573 ..\obj\stm32f0xx_adc.o
 .comment       0x00000000       0x31 ..\obj\stm32f0xx_adc.o
 .ARM.attributes
                0x00000000       0x31 ..\obj\stm32f0xx_adc.o
 .debug_frame   0x00000000      0x3b0 ..\obj\stm32f0xx_adc.o
 .text          0x00000000        0x0 ..\obj\AT24c64.o
 .data          0x00000000        0x4 ..\obj\AT24c64.o
 .bss           0x00000000        0x2 ..\obj\AT24c64.o
 .text.AT24C64_DeInit
                0x00000000        0xc ..\obj\AT24c64.o
 .text.AT24C64_Init
                0x00000000       0x64 ..\obj\AT24c64.o
 .text.AT24C64_ReadBuffer
                0x00000000      0x340 ..\obj\AT24c64.o
 .text.AT24C64_WritePage
                0x00000000      0x104 ..\obj\AT24c64.o
 .text.AT24C64_WriteBuffer
                0x00000000      0x294 ..\obj\AT24c64.o
 .text.AT24C64_WaitEepromStandbyState
                0x00000000       0x98 ..\obj\AT24c64.o
 .debug_info    0x00000000      0x3c2 ..\obj\AT24c64.o
 .debug_abbrev  0x00000000      0x189 ..\obj\AT24c64.o
 .debug_aranges
                0x00000000       0x48 ..\obj\AT24c64.o
 .debug_ranges  0x00000000       0x38 ..\obj\AT24c64.o
 .debug_line    0x00000000      0x36c ..\obj\AT24c64.o
 .debug_str     0x00000000      0x341 ..\obj\AT24c64.o
 .comment       0x00000000       0x31 ..\obj\AT24c64.o
 .ARM.attributes
                0x00000000       0x31 ..\obj\AT24c64.o
 .debug_frame   0x00000000       0xcc ..\obj\AT24c64.o
 COMMON         0x00000000        0x2 ..\obj\AT24c64.o
 .text          0x00000000        0x0 ..\obj\stm32f0xx_iwdg.o
 .data          0x00000000        0x0 ..\obj\stm32f0xx_iwdg.o
 .bss           0x00000000        0x0 ..\obj\stm32f0xx_iwdg.o
 .text.IWDG_WriteAccessCmd
                0x00000000       0x20 ..\obj\stm32f0xx_iwdg.o
 .text.IWDG_SetPrescaler
                0x00000000       0x20 ..\obj\stm32f0xx_iwdg.o
 .text.IWDG_SetReload
                0x00000000       0x20 ..\obj\stm32f0xx_iwdg.o
 .text.IWDG_ReloadCounter
                0x00000000       0x18 ..\obj\stm32f0xx_iwdg.o
 .text.IWDG_SetWindowValue
                0x00000000       0x20 ..\obj\stm32f0xx_iwdg.o
 .text.IWDG_Enable
                0x00000000       0x18 ..\obj\stm32f0xx_iwdg.o
 .text.IWDG_GetFlagStatus
                0x00000000       0x44 ..\obj\stm32f0xx_iwdg.o
 .debug_info    0x00000000      0x1f0 ..\obj\stm32f0xx_iwdg.o
 .debug_abbrev  0x00000000      0x10c ..\obj\stm32f0xx_iwdg.o
 .debug_aranges
                0x00000000       0x50 ..\obj\stm32f0xx_iwdg.o
 .debug_ranges  0x00000000       0x40 ..\obj\stm32f0xx_iwdg.o
 .debug_line    0x00000000      0x1d1 ..\obj\stm32f0xx_iwdg.o
 .debug_str     0x00000000      0x23a ..\obj\stm32f0xx_iwdg.o
 .comment       0x00000000       0x31 ..\obj\stm32f0xx_iwdg.o
 .ARM.attributes
                0x00000000       0x31 ..\obj\stm32f0xx_iwdg.o
 .debug_frame   0x00000000       0xe8 ..\obj\stm32f0xx_iwdg.o
 .text          0x00000000        0x0 ..\obj\main.o
 .data          0x00000000        0x0 ..\obj\main.o
 .bss           0x00000000        0x0 ..\obj\main.o
 .text.vTaskGreen
                0x00000000       0x38 ..\obj\main.o
 .text          0x00000000       0x14 ..\obj\startup_stm32f0xx.o
 .data          0x00000000        0x0 ..\obj\startup_stm32f0xx.o
 .bss           0x00000000        0x0 ..\obj\startup_stm32f0xx.o
 .text          0x00000000        0x0 ..\obj\timers.o
 .data          0x00000000        0x0 ..\obj\timers.o
 .text.xTimerCreate
                0x00000000       0x6c ..\obj\timers.o
 .text.xTimerIsTimerActive
                0x00000000       0x2c ..\obj\timers.o
 .text.pvTimerGetTimerID
                0x00000000       0x18 ..\obj\timers.o
 .text          0x00000000        0x0 ..\obj\stm32f0xx_dma.o
 .data          0x00000000        0x0 ..\obj\stm32f0xx_dma.o
 .bss           0x00000000        0x0 ..\obj\stm32f0xx_dma.o
 .text.DMA_DeInit
                0x00000000       0xc0 ..\obj\stm32f0xx_dma.o
 .text.DMA_Init
                0x00000000       0x78 ..\obj\stm32f0xx_dma.o
 .text.DMA_StructInit
                0x00000000       0x50 ..\obj\stm32f0xx_dma.o
 .text.DMA_Cmd  0x00000000       0x3c ..\obj\stm32f0xx_dma.o
 .text.DMA_SetCurrDataCounter
                0x00000000       0x1c ..\obj\stm32f0xx_dma.o
 .text.DMA_GetCurrDataCounter
                0x00000000       0x18 ..\obj\stm32f0xx_dma.o
 .text.DMA_ITConfig
                0x00000000       0x38 ..\obj\stm32f0xx_dma.o
 .text.DMA_GetFlagStatus
                0x00000000       0x40 ..\obj\stm32f0xx_dma.o
 .text.DMA_ClearFlag
                0x00000000       0x18 ..\obj\stm32f0xx_dma.o
 .text.DMA_GetITStatus
                0x00000000       0x40 ..\obj\stm32f0xx_dma.o
 .text.DMA_ClearITPendingBit
                0x00000000       0x18 ..\obj\stm32f0xx_dma.o
 .debug_info    0x00000000      0x40d ..\obj\stm32f0xx_dma.o
 .debug_abbrev  0x00000000      0x15c ..\obj\stm32f0xx_dma.o
 .debug_aranges
                0x00000000       0x70 ..\obj\stm32f0xx_dma.o
 .debug_ranges  0x00000000       0x60 ..\obj\stm32f0xx_dma.o
 .debug_line    0x00000000      0x2b4 ..\obj\stm32f0xx_dma.o
 .debug_str     0x00000000      0x371 ..\obj\stm32f0xx_dma.o
 .comment       0x00000000       0x31 ..\obj\stm32f0xx_dma.o
 .ARM.attributes
                0x00000000       0x31 ..\obj\stm32f0xx_dma.o
 .debug_frame   0x00000000      0x170 ..\obj\stm32f0xx_dma.o
 .text          0x00000000        0x0 ..\obj\printf.o
 .data          0x00000000      0x430 ..\obj\printf.o
 .bss           0x00000000        0x0 ..\obj\printf.o
 .text.PrintChar
                0x00000000       0x14 ..\obj\printf.o
 .text.PutChar  0x00000000       0x20 ..\obj\printf.o
 .text.PutString
                0x00000000       0x38 ..\obj\printf.o
 .text.PutUnsignedInt
                0x00000000       0xa4 ..\obj\printf.o
 .text.PutSignedInt
                0x00000000      0x10c ..\obj\printf.o
 .text.PutHexa  0x00000000       0xf0 ..\obj\printf.o
 .text.vsnprintf
                0x00000000      0x224 ..\obj\printf.o
 .rodata        0x00000000       0xa8 ..\obj\printf.o
 .text.snprintf
                0x00000000       0x34 ..\obj\printf.o
 .text.vsprintf
                0x00000000       0x24 ..\obj\printf.o
 .text.vfprintf
                0x00000000       0x6c ..\obj\printf.o
 .text.vprintf  0x00000000       0x2c ..\obj\printf.o
 .text.fprintf  0x00000000       0x34 ..\obj\printf.o
 .text.printf   0x00000000       0x30 ..\obj\printf.o
 .text.sprintf  0x00000000       0x34 ..\obj\printf.o
 .text.puts     0x00000000       0x28 ..\obj\printf.o
 .text.fputc    0x00000000       0x40 ..\obj\printf.o
 .text.fputs    0x00000000       0x4c ..\obj\printf.o
 .debug_info    0x00000000      0xe38 ..\obj\printf.o
 .debug_abbrev  0x00000000      0x27e ..\obj\printf.o
 .debug_aranges
                0x00000000       0xa0 ..\obj\printf.o
 .debug_ranges  0x00000000       0x90 ..\obj\printf.o
 .debug_line    0x00000000      0x3dc ..\obj\printf.o
 .debug_str     0x00000000      0x679 ..\obj\printf.o
 .comment       0x00000000       0x31 ..\obj\printf.o
 .ARM.attributes
                0x00000000       0x31 ..\obj\printf.o
 .debug_frame   0x00000000      0x230 ..\obj\printf.o
 .text          0x00000000        0x0 ..\obj\tasks.o
 .text.vTaskPrioritySet
                0x00000000      0x118 ..\obj\tasks.o
 .text.vTaskSuspend
                0x00000000       0x90 ..\obj\tasks.o
 .text.xTaskIsTaskSuspended
                0x00000000       0x60 ..\obj\tasks.o
 .text.vTaskResume
                0x00000000       0x9c ..\obj\tasks.o
 .text.xTaskResumeFromISR
                0x00000000       0xbc ..\obj\tasks.o
 .text.vTaskEndScheduler
                0x00000000       0x18 ..\obj\tasks.o
 .text.xTaskGetTickCountFromISR
                0x00000000       0x2c ..\obj\tasks.o
 .text.uxTaskGetNumberOfTasks
                0x00000000       0x14 ..\obj\tasks.o
 .text.uxTaskGetSystemState
                0x00000000       0xdc ..\obj\tasks.o
 .text.uxTaskGetTaskNumber
                0x00000000       0x28 ..\obj\tasks.o
 .text.vTaskSetTaskNumber
                0x00000000       0x20 ..\obj\tasks.o
 .text.prvListTaskWithinSingleList
                0x00000000      0x100 ..\obj\tasks.o
 .text.prvTaskCheckFreeStackSpace
                0x00000000       0x4c ..\obj\tasks.o
 .text          0x00000000        0x0 ..\obj\stm32_hardware_modules.o
 .data          0x00000000        0x0 ..\obj\stm32_hardware_modules.o
 .text.SPI_GetFlagStatus
                0x00000000       0x50 ..\obj\stm32_hardware_modules.o
 .text.SPI2ReadDataViaInterrupt
                0x00000000       0x98 ..\obj\stm32_hardware_modules.o
 .text.vSendDataToUart
                0x00000000       0x68 ..\obj\stm32_hardware_modules.o
 .text.vSendIntToUart
                0x00000000       0x2c ..\obj\stm32_hardware_modules.o
 .text          0x00000000        0x0 ..\obj\stm32f0xx_spi.o
 .data          0x00000000        0x0 ..\obj\stm32f0xx_spi.o
 .bss           0x00000000        0x0 ..\obj\stm32f0xx_spi.o
 .text.SPI_I2S_DeInit
                0x00000000       0x58 ..\obj\stm32f0xx_spi.o
 .text.SPI_StructInit
                0x00000000       0x48 ..\obj\stm32f0xx_spi.o
 .text.I2S_StructInit
                0x00000000       0x34 ..\obj\stm32f0xx_spi.o
 .text.I2S_Init
                0x00000000      0x1c0 ..\obj\stm32f0xx_spi.o
 .text.SPI_TIModeCmd
                0x00000000       0x40 ..\obj\stm32f0xx_spi.o
 .text.I2S_Cmd  0x00000000       0x44 ..\obj\stm32f0xx_spi.o
 .text.SPI_DataSizeConfig
                0x00000000       0x58 ..\obj\stm32f0xx_spi.o
 .text.SPI_RxFIFOThresholdConfig
                0x00000000       0x3c ..\obj\stm32f0xx_spi.o
 .text.SPI_BiDirectionalLineConfig
                0x00000000       0x48 ..\obj\stm32f0xx_spi.o
 .text.SPI_NSSInternalSoftwareConfig
                0x00000000       0x4c ..\obj\stm32f0xx_spi.o
 .text.SPI_SSOutputCmd
                0x00000000       0x40 ..\obj\stm32f0xx_spi.o
 .text.SPI_NSSPulseModeCmd
                0x00000000       0x40 ..\obj\stm32f0xx_spi.o
 .text.SPI_I2S_SendData16
                0x00000000       0x1c ..\obj\stm32f0xx_spi.o
 .text.SPI_I2S_ReceiveData16
                0x00000000       0x18 ..\obj\stm32f0xx_spi.o
 .text.SPI_CRCLengthConfig
                0x00000000       0x3c ..\obj\stm32f0xx_spi.o
 .text.SPI_TransmitCRC
                0x00000000       0x20 ..\obj\stm32f0xx_spi.o
 .text.SPI_GetCRC
                0x00000000       0x44 ..\obj\stm32f0xx_spi.o
 .text.SPI_GetCRCPolynomial
                0x00000000       0x18 ..\obj\stm32f0xx_spi.o
 .text.SPI_I2S_DMACmd
                0x00000000       0x48 ..\obj\stm32f0xx_spi.o
 .text.SPI_LastDMATransferCmd
                0x00000000       0x3c ..\obj\stm32f0xx_spi.o
 .text.SPI_I2S_ITConfig
                0x00000000       0x7c ..\obj\stm32f0xx_spi.o
 .text.SPI_GetTransmissionFIFOStatus
                0x00000000       0x20 ..\obj\stm32f0xx_spi.o
 .text.SPI_GetReceptionFIFOStatus
                0x00000000       0x20 ..\obj\stm32f0xx_spi.o
 .text.SPI_I2S_GetFlagStatus
                0x00000000       0x48 ..\obj\stm32f0xx_spi.o
 .text.SPI_I2S_ClearFlag
                0x00000000       0x20 ..\obj\stm32f0xx_spi.o
 .text          0x00000000        0x0 ..\obj\stm32f0xx_i2c.o
 .data          0x00000000        0x0 ..\obj\stm32f0xx_i2c.o
 .bss           0x00000000        0x0 ..\obj\stm32f0xx_i2c.o
 .text.I2C_DeInit
                0x00000000       0x4c ..\obj\stm32f0xx_i2c.o
 .text.I2C_Init
                0x00000000       0xd0 ..\obj\stm32f0xx_i2c.o
 .text.I2C_StructInit
                0x00000000       0x3c ..\obj\stm32f0xx_i2c.o
 .text.I2C_Cmd  0x00000000       0x3c ..\obj\stm32f0xx_i2c.o
 .text.I2C_SoftwareResetCmd
                0x00000000       0x3c ..\obj\stm32f0xx_i2c.o
 .text.I2C_ITConfig
                0x00000000       0x38 ..\obj\stm32f0xx_i2c.o
 .text.I2C_StretchClockCmd
                0x00000000       0x3c ..\obj\stm32f0xx_i2c.o
 .text.I2C_StopModeCmd
                0x00000000       0x3c ..\obj\stm32f0xx_i2c.o
 .text.I2C_DualAddressCmd
                0x00000000       0x3c ..\obj\stm32f0xx_i2c.o
 .text.I2C_OwnAddress2Config
                0x00000000       0x50 ..\obj\stm32f0xx_i2c.o
 .text.I2C_GeneralCallCmd
                0x00000000       0x3c ..\obj\stm32f0xx_i2c.o
 .text.I2C_SlaveByteControlCmd
                0x00000000       0x3c ..\obj\stm32f0xx_i2c.o
 .text.I2C_SlaveAddressConfig
                0x00000000       0x3c ..\obj\stm32f0xx_i2c.o
 .text.I2C_10BitAddressingModeCmd
                0x00000000       0x3c ..\obj\stm32f0xx_i2c.o
 .text.I2C_AutoEndCmd
                0x00000000       0x3c ..\obj\stm32f0xx_i2c.o
 .text.I2C_ReloadCmd
                0x00000000       0x3c ..\obj\stm32f0xx_i2c.o
 .text.I2C_NumberOfBytesConfig
                0x00000000       0x44 ..\obj\stm32f0xx_i2c.o
 .text.I2C_MasterRequestConfig
                0x00000000       0x3c ..\obj\stm32f0xx_i2c.o
 .text.I2C_GenerateSTART
                0x00000000       0x3c ..\obj\stm32f0xx_i2c.o
 .text.I2C_GenerateSTOP
                0x00000000       0x3c ..\obj\stm32f0xx_i2c.o
 .text.I2C_10BitAddressHeaderCmd
                0x00000000       0x3c ..\obj\stm32f0xx_i2c.o
 .text.I2C_AcknowledgeConfig
                0x00000000       0x3c ..\obj\stm32f0xx_i2c.o
 .text.I2C_GetAddressMatched
                0x00000000       0x20 ..\obj\stm32f0xx_i2c.o
 .text.I2C_GetTransferDirection
                0x00000000       0x48 ..\obj\stm32f0xx_i2c.o
 .text.I2C_TransferHandling
                0x00000000       0x60 ..\obj\stm32f0xx_i2c.o
 .text.I2C_SMBusAlertCmd
                0x00000000       0x3c ..\obj\stm32f0xx_i2c.o
 .text.I2C_ClockTimeoutCmd
                0x00000000       0x3c ..\obj\stm32f0xx_i2c.o
 .text.I2C_ExtendedClockTimeoutCmd
                0x00000000       0x38 ..\obj\stm32f0xx_i2c.o
 .text.I2C_IdleClockTimeoutCmd
                0x00000000       0x3c ..\obj\stm32f0xx_i2c.o
 .text.I2C_TimeoutAConfig
                0x00000000       0x3c ..\obj\stm32f0xx_i2c.o
 .text.I2C_TimeoutBConfig
                0x00000000       0x44 ..\obj\stm32f0xx_i2c.o
 .text.I2C_CalculatePEC
                0x00000000       0x3c ..\obj\stm32f0xx_i2c.o
 .text.I2C_PECRequestCmd
                0x00000000       0x3c ..\obj\stm32f0xx_i2c.o
 .text.I2C_GetPEC
                0x00000000       0x18 ..\obj\stm32f0xx_i2c.o
 .text.I2C_ReadRegister
                0x00000000       0x2c ..\obj\stm32f0xx_i2c.o
 .text.I2C_SendData
                0x00000000       0x1c ..\obj\stm32f0xx_i2c.o
 .text.I2C_ReceiveData
                0x00000000       0x18 ..\obj\stm32f0xx_i2c.o
 .text.I2C_DMACmd
                0x00000000       0x38 ..\obj\stm32f0xx_i2c.o
 .text.I2C_GetFlagStatus
                0x00000000       0x4c ..\obj\stm32f0xx_i2c.o
 .text.I2C_ClearFlag
                0x00000000       0x18 ..\obj\stm32f0xx_i2c.o
 .text.I2C_GetITStatus
                0x00000000       0x88 ..\obj\stm32f0xx_i2c.o
 .text.I2C_ClearITPendingBit
                0x00000000       0x18 ..\obj\stm32f0xx_i2c.o
 .debug_info    0x00000000      0xb9c ..\obj\stm32f0xx_i2c.o
 .debug_abbrev  0x00000000      0x185 ..\obj\stm32f0xx_i2c.o
 .debug_aranges
                0x00000000      0x168 ..\obj\stm32f0xx_i2c.o
 .debug_ranges  0x00000000      0x158 ..\obj\stm32f0xx_i2c.o
 .debug_line    0x00000000      0x53a ..\obj\stm32f0xx_i2c.o
 .debug_str     0x00000000      0x600 ..\obj\stm32f0xx_i2c.o
 .comment       0x00000000       0x31 ..\obj\stm32f0xx_i2c.o
 .ARM.attributes
                0x00000000       0x31 ..\obj\stm32f0xx_i2c.o
 .debug_frame   0x00000000      0x550 ..\obj\stm32f0xx_i2c.o
 .text          0x00000000        0x0 ..\obj\AT24c64_HW.o
 .data          0x00000000        0x0 ..\obj\AT24c64_HW.o
 .bss           0x00000000        0x0 ..\obj\AT24c64_HW.o
 .text.AT24C64_I2cDriverDeInit
                0x00000000       0x64 ..\obj\AT24c64_HW.o
 .text.AT24C64_I2cDriverInit
                0x00000000       0x7c ..\obj\AT24c64_HW.o
 .debug_info    0x00000000      0x361 ..\obj\AT24c64_HW.o
 .debug_abbrev  0x00000000       0xf9 ..\obj\AT24c64_HW.o
 .debug_aranges
                0x00000000       0x28 ..\obj\AT24c64_HW.o
 .debug_ranges  0x00000000       0x18 ..\obj\AT24c64_HW.o
 .debug_line    0x00000000      0x1dd ..\obj\AT24c64_HW.o
 .debug_str     0x00000000      0x366 ..\obj\AT24c64_HW.o
 .comment       0x00000000       0x31 ..\obj\AT24c64_HW.o
 .ARM.attributes
                0x00000000       0x31 ..\obj\AT24c64_HW.o
 .debug_frame   0x00000000       0x50 ..\obj\AT24c64_HW.o
 .text          0x00000000        0x0 ..\obj\stm32f0xx_gpio.o
 .data          0x00000000        0x0 ..\obj\stm32f0xx_gpio.o
 .bss           0x00000000        0x0 ..\obj\stm32f0xx_gpio.o
 .text.GPIO_DeInit
                0x00000000       0xc8 ..\obj\stm32f0xx_gpio.o
 .text.GPIO_Init
                0x00000000      0x138 ..\obj\stm32f0xx_gpio.o
 .text.GPIO_StructInit
                0x00000000       0x30 ..\obj\stm32f0xx_gpio.o
 .text.GPIO_PinLockConfig
                0x00000000       0x44 ..\obj\stm32f0xx_gpio.o
 .text.GPIO_ReadInputDataBit
                0x00000000       0x48 ..\obj\stm32f0xx_gpio.o
 .text.GPIO_ReadInputData
                0x00000000       0x18 ..\obj\stm32f0xx_gpio.o
 .text.GPIO_ReadOutputDataBit
                0x00000000       0x48 ..\obj\stm32f0xx_gpio.o
 .text.GPIO_ReadOutputData
                0x00000000       0x18 ..\obj\stm32f0xx_gpio.o
 .text.GPIO_SetBits
                0x00000000       0x1c ..\obj\stm32f0xx_gpio.o
 .text.GPIO_ResetBits
                0x00000000       0x1c ..\obj\stm32f0xx_gpio.o
 .text.GPIO_WriteBit
                0x00000000       0x30 ..\obj\stm32f0xx_gpio.o
 .text.GPIO_Write
                0x00000000       0x1c ..\obj\stm32f0xx_gpio.o
 .text.GPIO_PinAFConfig
                0x00000000       0x9c ..\obj\stm32f0xx_gpio.o
 .debug_info    0x00000000      0x5ad ..\obj\stm32f0xx_gpio.o
 .debug_abbrev  0x00000000      0x18e ..\obj\stm32f0xx_gpio.o
 .debug_aranges
                0x00000000       0x80 ..\obj\stm32f0xx_gpio.o
 .debug_ranges  0x00000000       0x70 ..\obj\stm32f0xx_gpio.o
 .debug_line    0x00000000      0x2ec ..\obj\stm32f0xx_gpio.o
 .debug_str     0x00000000      0x452 ..\obj\stm32f0xx_gpio.o
 .comment       0x00000000       0x31 ..\obj\stm32f0xx_gpio.o
 .ARM.attributes
                0x00000000       0x31 ..\obj\stm32f0xx_gpio.o
 .debug_frame   0x00000000      0x1b0 ..\obj\stm32f0xx_gpio.o
 .text          0x00000000        0x0 ..\obj\keyboard4x4.o
 .data          0x00000000        0x0 ..\obj\keyboard4x4.o
 .text          0x00000000        0x0 ..\obj\list.o
 .data          0x00000000        0x0 ..\obj\list.o
 .bss           0x00000000        0x0 ..\obj\list.o
 .text          0x00000000        0x0 ..\obj\syscalls.o
 .data          0x00000000        0x0 ..\obj\syscalls.o
 .bss           0x00000000        0x4 ..\obj\syscalls.o
 .text._sbrk    0x00000000       0x3c ..\obj\syscalls.o
 .text.link     0x00000000       0x18 ..\obj\syscalls.o
 .text._close   0x00000000       0x14 ..\obj\syscalls.o
 .text._fstat   0x00000000       0x1c ..\obj\syscalls.o
 .text._isatty  0x00000000       0x14 ..\obj\syscalls.o
 .text._lseek   0x00000000       0x18 ..\obj\syscalls.o
 .text._read    0x00000000       0x18 ..\obj\syscalls.o
 .text._write   0x00000000       0x18 ..\obj\syscalls.o
 .text.abort    0x00000000        0x8 ..\obj\syscalls.o
 .debug_info    0x00000000      0x3ee ..\obj\syscalls.o
 .debug_abbrev  0x00000000       0xe2 ..\obj\syscalls.o
 .debug_aranges
                0x00000000       0x60 ..\obj\syscalls.o
 .debug_ranges  0x00000000       0x50 ..\obj\syscalls.o
 .debug_line    0x00000000      0x19f ..\obj\syscalls.o
 .debug_str     0x00000000      0x2ea ..\obj\syscalls.o
 .comment       0x00000000       0x31 ..\obj\syscalls.o
 .ARM.attributes
                0x00000000       0x31 ..\obj\syscalls.o
 .debug_frame   0x00000000      0x12c ..\obj\syscalls.o
 .text          0x00000000        0x0 ..\obj\stm32f0xx_usart.o
 .data          0x00000000        0x0 ..\obj\stm32f0xx_usart.o
 .bss           0x00000000        0x0 ..\obj\stm32f0xx_usart.o
 .text.USART_DeInit
                0x00000000       0x58 ..\obj\stm32f0xx_usart.o
 .text.USART_StructInit
                0x00000000       0x34 ..\obj\stm32f0xx_usart.o
 .text.USART_ClockInit
                0x00000000       0x48 ..\obj\stm32f0xx_usart.o
 .text.USART_ClockStructInit
                0x00000000       0x28 ..\obj\stm32f0xx_usart.o
 .text.USART_DirectionModeCmd
                0x00000000       0x38 ..\obj\stm32f0xx_usart.o
 .text.USART_OverSampling8Cmd
                0x00000000       0x3c ..\obj\stm32f0xx_usart.o
 .text.USART_OneBitMethodCmd
                0x00000000       0x3c ..\obj\stm32f0xx_usart.o
 .text.USART_MSBFirstCmd
                0x00000000       0x3c ..\obj\stm32f0xx_usart.o
 .text.USART_DataInvCmd
                0x00000000       0x3c ..\obj\stm32f0xx_usart.o
 .text.USART_InvPinCmd
                0x00000000       0x38 ..\obj\stm32f0xx_usart.o
 .text.USART_SWAPPinCmd
                0x00000000       0x3c ..\obj\stm32f0xx_usart.o
 .text.USART_ReceiverTimeOutCmd
                0x00000000       0x3c ..\obj\stm32f0xx_usart.o
 .text.USART_SetReceiverTimeOut
                0x00000000       0x28 ..\obj\stm32f0xx_usart.o
 .text.USART_SetPrescaler
                0x00000000       0x38 ..\obj\stm32f0xx_usart.o
 .text.USART_STOPModeCmd
                0x00000000       0x3c ..\obj\stm32f0xx_usart.o
 .text.USART_StopModeWakeUpSourceConfig
                0x00000000       0x2c ..\obj\stm32f0xx_usart.o
 .text.USART_AutoBaudRateCmd
                0x00000000       0x3c ..\obj\stm32f0xx_usart.o
 .text.USART_AutoBaudRateConfig
                0x00000000       0x2c ..\obj\stm32f0xx_usart.o
 .text.USART_SetAddress
                0x00000000       0x30 ..\obj\stm32f0xx_usart.o
 .text.USART_MuteModeCmd
                0x00000000       0x3c ..\obj\stm32f0xx_usart.o
 .text.USART_MuteModeWakeUpConfig
                0x00000000       0x2c ..\obj\stm32f0xx_usart.o
 .text.USART_AddressDetectionConfig
                0x00000000       0x2c ..\obj\stm32f0xx_usart.o
 .text.USART_LINBreakDetectLengthConfig
                0x00000000       0x2c ..\obj\stm32f0xx_usart.o
 .text.USART_LINCmd
                0x00000000       0x3c ..\obj\stm32f0xx_usart.o
 .text.USART_HalfDuplexCmd
                0x00000000       0x3c ..\obj\stm32f0xx_usart.o
 .text.USART_SetGuardTime
                0x00000000       0x3c ..\obj\stm32f0xx_usart.o
 .text.USART_SmartCardCmd
                0x00000000       0x3c ..\obj\stm32f0xx_usart.o
 .text.USART_SmartCardNACKCmd
                0x00000000       0x3c ..\obj\stm32f0xx_usart.o
 .text.USART_SetAutoRetryCount
                0x00000000       0x34 ..\obj\stm32f0xx_usart.o
 .text.USART_SetBlockLength
                0x00000000       0x30 ..\obj\stm32f0xx_usart.o
 .text.USART_IrDAConfig
                0x00000000       0x2c ..\obj\stm32f0xx_usart.o
 .text.USART_IrDACmd
                0x00000000       0x3c ..\obj\stm32f0xx_usart.o
 .text.USART_DECmd
                0x00000000       0x3c ..\obj\stm32f0xx_usart.o
 .text.USART_DEPolarityConfig
                0x00000000       0x2c ..\obj\stm32f0xx_usart.o
 .text.USART_SetDEAssertionTime
                0x00000000       0x30 ..\obj\stm32f0xx_usart.o
 .text.USART_SetDEDeassertionTime
                0x00000000       0x30 ..\obj\stm32f0xx_usart.o
 .text.USART_DMACmd
                0x00000000       0x38 ..\obj\stm32f0xx_usart.o
 .text.USART_DMAReceptionErrorConfig
                0x00000000       0x2c ..\obj\stm32f0xx_usart.o
 .text.USART_RequestCmd
                0x00000000       0x48 ..\obj\stm32f0xx_usart.o
 .text.USART_OverrunDetectionConfig
                0x00000000       0x2c ..\obj\stm32f0xx_usart.o
 .text.USART_GetFlagStatus
                0x00000000       0x3c ..\obj\stm32f0xx_usart.o
 .text.USART_ClearFlag
                0x00000000       0x18 ..\obj\stm32f0xx_usart.o
 .text.USART_ClearITPendingBit
                0x00000000       0x30 ..\obj\stm32f0xx_usart.o
 .text          0x00000000        0x0 ..\obj\stm32f0xx_tim.o
 .data          0x00000000        0x0 ..\obj\stm32f0xx_tim.o
 .bss           0x00000000        0x0 ..\obj\stm32f0xx_tim.o
 .text.TIM_DeInit
                0x00000000      0x124 ..\obj\stm32f0xx_tim.o
 .text.TIM_TimeBaseInit
                0x00000000       0xf0 ..\obj\stm32f0xx_tim.o
 .text.TIM_TimeBaseStructInit
                0x00000000       0x30 ..\obj\stm32f0xx_tim.o
 .text.TIM_PrescalerConfig
                0x00000000       0x28 ..\obj\stm32f0xx_tim.o
 .text.TIM_CounterModeConfig
                0x00000000       0x54 ..\obj\stm32f0xx_tim.o
 .text.TIM_SetCounter
                0x00000000       0x18 ..\obj\stm32f0xx_tim.o
 .text.TIM_SetAutoreload
                0x00000000       0x18 ..\obj\stm32f0xx_tim.o
 .text.TIM_GetCounter
                0x00000000       0x14 ..\obj\stm32f0xx_tim.o
 .text.TIM_GetPrescaler
                0x00000000       0x18 ..\obj\stm32f0xx_tim.o
 .text.TIM_UpdateDisableConfig
                0x00000000       0x40 ..\obj\stm32f0xx_tim.o
 .text.TIM_UpdateRequestConfig
                0x00000000       0x40 ..\obj\stm32f0xx_tim.o
 .text.TIM_ARRPreloadConfig
                0x00000000       0x40 ..\obj\stm32f0xx_tim.o
 .text.TIM_SelectOnePulseMode
                0x00000000       0x38 ..\obj\stm32f0xx_tim.o
 .text.TIM_SetClockDivision
                0x00000000       0x3c ..\obj\stm32f0xx_tim.o
 .text.TIM_Cmd  0x00000000       0x40 ..\obj\stm32f0xx_tim.o
 .text.TIM_BDTRConfig
                0x00000000       0x4c ..\obj\stm32f0xx_tim.o
 .text.TIM_BDTRStructInit
                0x00000000       0x38 ..\obj\stm32f0xx_tim.o
 .text.TIM_CtrlPWMOutputs
                0x00000000       0x48 ..\obj\stm32f0xx_tim.o
 .text.TIM_OC1Init
                0x00000000      0x1a4 ..\obj\stm32f0xx_tim.o
 .text.TIM_OC2Init
                0x00000000      0x1a4 ..\obj\stm32f0xx_tim.o
 .text.TIM_OC3Init
                0x00000000      0x1a8 ..\obj\stm32f0xx_tim.o
 .text.TIM_OC4Init
                0x00000000      0x134 ..\obj\stm32f0xx_tim.o
 .text.TIM_OCStructInit
                0x00000000       0x40 ..\obj\stm32f0xx_tim.o
 .text.TIM_SelectOCxM
                0x00000000       0xc0 ..\obj\stm32f0xx_tim.o
 .text.TIM_SetCompare1
                0x00000000       0x18 ..\obj\stm32f0xx_tim.o
 .text.TIM_SetCompare2
                0x00000000       0x18 ..\obj\stm32f0xx_tim.o
 .text.TIM_SetCompare3
                0x00000000       0x18 ..\obj\stm32f0xx_tim.o
 .text.TIM_SetCompare4
                0x00000000       0x18 ..\obj\stm32f0xx_tim.o
 .text.TIM_ForcedOC1Config
                0x00000000       0x54 ..\obj\stm32f0xx_tim.o
 .text.TIM_ForcedOC2Config
                0x00000000       0x5c ..\obj\stm32f0xx_tim.o
 .text.TIM_ForcedOC3Config
                0x00000000       0x54 ..\obj\stm32f0xx_tim.o
 .text.TIM_ForcedOC4Config
                0x00000000       0x5c ..\obj\stm32f0xx_tim.o
 .text.TIM_CCPreloadControl
                0x00000000       0x40 ..\obj\stm32f0xx_tim.o
 .text.TIM_OC1PreloadConfig
                0x00000000       0x54 ..\obj\stm32f0xx_tim.o
 .text.TIM_OC2PreloadConfig
                0x00000000       0x5c ..\obj\stm32f0xx_tim.o
 .text.TIM_OC3PreloadConfig
                0x00000000       0x54 ..\obj\stm32f0xx_tim.o
 .text.TIM_OC4PreloadConfig
                0x00000000       0x5c ..\obj\stm32f0xx_tim.o
 .text.TIM_OC1FastConfig
                0x00000000       0x54 ..\obj\stm32f0xx_tim.o
 .text.TIM_OC2FastConfig
                0x00000000       0x5c ..\obj\stm32f0xx_tim.o
 .text.TIM_OC3FastConfig
                0x00000000       0x54 ..\obj\stm32f0xx_tim.o
 .text.TIM_OC4FastConfig
                0x00000000       0x5c ..\obj\stm32f0xx_tim.o
 .text.TIM_ClearOC1Ref
                0x00000000       0x54 ..\obj\stm32f0xx_tim.o
 .text.TIM_ClearOC2Ref
                0x00000000       0x58 ..\obj\stm32f0xx_tim.o
 .text.TIM_ClearOC3Ref
                0x00000000       0x54 ..\obj\stm32f0xx_tim.o
 .text.TIM_ClearOC4Ref
                0x00000000       0x58 ..\obj\stm32f0xx_tim.o
 .text.TIM_OC1PolarityConfig
                0x00000000       0x54 ..\obj\stm32f0xx_tim.o
 .text.TIM_OC1NPolarityConfig
                0x00000000       0x54 ..\obj\stm32f0xx_tim.o
 .text.TIM_OC2PolarityConfig
                0x00000000       0x58 ..\obj\stm32f0xx_tim.o
 .text.TIM_OC2NPolarityConfig
                0x00000000       0x58 ..\obj\stm32f0xx_tim.o
 .text.TIM_OC3PolarityConfig
                0x00000000       0x5c ..\obj\stm32f0xx_tim.o
 .text.TIM_OC3NPolarityConfig
                0x00000000       0x5c ..\obj\stm32f0xx_tim.o
 .text.TIM_OC4PolarityConfig
                0x00000000       0x5c ..\obj\stm32f0xx_tim.o
 .text.TIM_SelectOCREFClear
                0x00000000       0x38 ..\obj\stm32f0xx_tim.o
 .text.TIM_CCxCmd
                0x00000000       0x64 ..\obj\stm32f0xx_tim.o
 .text.TIM_CCxNCmd
                0x00000000       0x64 ..\obj\stm32f0xx_tim.o
 .text.TIM_SelectCOM
                0x00000000       0x40 ..\obj\stm32f0xx_tim.o
 .text.TIM_ICInit
                0x00000000       0xb0 ..\obj\stm32f0xx_tim.o
 .text.TIM_ICStructInit
                0x00000000       0x2c ..\obj\stm32f0xx_tim.o
 .text.TIM_PWMIConfig
                0x00000000       0xe8 ..\obj\stm32f0xx_tim.o
 .text.TIM_GetCapture1
                0x00000000       0x14 ..\obj\stm32f0xx_tim.o
 .text.TIM_GetCapture2
                0x00000000       0x14 ..\obj\stm32f0xx_tim.o
 .text.TIM_GetCapture3
                0x00000000       0x14 ..\obj\stm32f0xx_tim.o
 .text.TIM_GetCapture4
                0x00000000       0x14 ..\obj\stm32f0xx_tim.o
 .text.TIM_SetIC1Prescaler
                0x00000000       0x38 ..\obj\stm32f0xx_tim.o
 .text.TIM_SetIC2Prescaler
                0x00000000       0x40 ..\obj\stm32f0xx_tim.o
 .text.TIM_SetIC3Prescaler
                0x00000000       0x38 ..\obj\stm32f0xx_tim.o
 .text.TIM_SetIC4Prescaler
                0x00000000       0x40 ..\obj\stm32f0xx_tim.o
 .text.TIM_ITConfig
                0x00000000       0x48 ..\obj\stm32f0xx_tim.o
 .text.TIM_GenerateEvent
                0x00000000       0x1c ..\obj\stm32f0xx_tim.o
 .text.TIM_GetFlagStatus
                0x00000000       0x48 ..\obj\stm32f0xx_tim.o
 .text.TIM_ClearFlag
                0x00000000       0x20 ..\obj\stm32f0xx_tim.o
 .text.TIM_GetITStatus
                0x00000000       0x80 ..\obj\stm32f0xx_tim.o
 .text.TIM_ClearITPendingBit
                0x00000000       0x20 ..\obj\stm32f0xx_tim.o
 .text.TIM_DMAConfig
                0x00000000       0x28 ..\obj\stm32f0xx_tim.o
 .text.TIM_DMACmd
                0x00000000       0x48 ..\obj\stm32f0xx_tim.o
 .text.TIM_SelectCCDMA
                0x00000000       0x40 ..\obj\stm32f0xx_tim.o
 .text.TIM_InternalClockConfig
                0x00000000       0x20 ..\obj\stm32f0xx_tim.o
 .text.TIM_ITRxExternalClockConfig
                0x00000000       0x34 ..\obj\stm32f0xx_tim.o
 .text.TIM_TIxExternalClockConfig
                0x00000000       0x7c ..\obj\stm32f0xx_tim.o
 .text.TIM_ETRClockMode1Config
                0x00000000       0x98 ..\obj\stm32f0xx_tim.o
 .text.TIM_ETRClockMode2Config
                0x00000000       0x4c ..\obj\stm32f0xx_tim.o
 .text.TIM_SelectInputTrigger
                0x00000000       0x54 ..\obj\stm32f0xx_tim.o
 .text.TIM_SelectOutputTrigger
                0x00000000       0x38 ..\obj\stm32f0xx_tim.o
 .text.TIM_SelectSlaveMode
                0x00000000       0x38 ..\obj\stm32f0xx_tim.o
 .text.TIM_SelectMasterSlaveMode
                0x00000000       0x38 ..\obj\stm32f0xx_tim.o
 .text.TIM_ETRConfig
                0x00000000       0x7c ..\obj\stm32f0xx_tim.o
 .text.TIM_EncoderInterfaceConfig
                0x00000000       0xf4 ..\obj\stm32f0xx_tim.o
 .text.TIM_SelectHallSensor
                0x00000000       0x40 ..\obj\stm32f0xx_tim.o
 .text.TIM_RemapConfig
                0x00000000       0x20 ..\obj\stm32f0xx_tim.o
 .text.TI1_Config
                0x00000000       0xc8 ..\obj\stm32f0xx_tim.o
 .text.TI2_Config
                0x00000000       0xf0 ..\obj\stm32f0xx_tim.o
 .text.TI3_Config
                0x00000000       0xe8 ..\obj\stm32f0xx_tim.o
 .text.TI4_Config
                0x00000000       0xf8 ..\obj\stm32f0xx_tim.o
 .debug_info    0x00000000     0x1c41 ..\obj\stm32f0xx_tim.o
 .debug_abbrev  0x00000000      0x1b5 ..\obj\stm32f0xx_tim.o
 .debug_aranges
                0x00000000      0x300 ..\obj\stm32f0xx_tim.o
 .debug_ranges  0x00000000      0x2f0 ..\obj\stm32f0xx_tim.o
 .debug_line    0x00000000      0xa09 ..\obj\stm32f0xx_tim.o
 .debug_str     0x00000000      0xda4 ..\obj\stm32f0xx_tim.o
 .comment       0x00000000       0x31 ..\obj\stm32f0xx_tim.o
 .ARM.attributes
                0x00000000       0x31 ..\obj\stm32f0xx_tim.o
 .debug_frame   0x00000000      0xbb0 ..\obj\stm32f0xx_tim.o
 .text          0x00000000        0x0 ..\obj\queue.o
 .data          0x00000000        0x0 ..\obj\queue.o
 .bss           0x00000000        0x0 ..\obj\queue.o
 .text.xQueueCreateMutex
                0x00000000       0x9c ..\obj\queue.o
 .text.xQueueGiveMutexRecursive
                0x00000000       0x58 ..\obj\queue.o
 .text.xQueueTakeMutexRecursive
                0x00000000       0x64 ..\obj\queue.o
 .text.xQueuePeekFromISR
                0x00000000       0x78 ..\obj\queue.o
 .text.uxQueueMessagesWaiting
                0x00000000       0x2c ..\obj\queue.o
 .text.uxQueueSpacesAvailable
                0x00000000       0x34 ..\obj\queue.o
 .text.uxQueueMessagesWaitingFromISR
                0x00000000       0x24 ..\obj\queue.o
 .text.vQueueDelete
                0x00000000       0x38 ..\obj\queue.o
 .text.ucQueueGetQueueNumber
                0x00000000       0x18 ..\obj\queue.o
 .text.vQueueSetQueueNumber
                0x00000000       0x20 ..\obj\queue.o
 .text.ucQueueGetQueueType
                0x00000000       0x18 ..\obj\queue.o
 .text.xQueueIsQueueEmptyFromISR
                0x00000000       0x30 ..\obj\queue.o
 .text.xQueueIsQueueFullFromISR
                0x00000000       0x34 ..\obj\queue.o
 .text.vQueueAddToRegistry
                0x00000000       0x4c ..\obj\queue.o
 .text.vQueueUnregisterQueue
                0x00000000       0x44 ..\obj\queue.o
 .text.xQueueRemoveFromSet
                0x00000000       0x48 ..\obj\queue.o
 .text.xQueueSelectFromSetFromISR
                0x00000000       0x28 ..\obj\queue.o
 COMMON         0x00000000       0x40 ..\obj\queue.o
 .text          0x00000000        0x0 ..\obj\port.o
 .bss           0x00000000        0x0 ..\obj\port.o
 .text.vPortEndScheduler
                0x00000000        0x8 ..\obj\port.o
 .text          0x00000000        0x0 ..\obj\system_stm32f0xx.o
 .data          0x00000000       0x14 ..\obj\system_stm32f0xx.o
 .bss           0x00000000        0x0 ..\obj\system_stm32f0xx.o
 .text.SystemCoreClockUpdate
                0x00000000       0xd0 ..\obj\system_stm32f0xx.o
 .text          0x00000000        0x0 ..\obj\croutine.o
 .data          0x00000000        0x0 ..\obj\croutine.o
 .bss           0x00000000       0x80 ..\obj\croutine.o
 .text.xCoRoutineCreate
                0x00000000       0xcc ..\obj\croutine.o
 .text.vCoRoutineAddToDelayedList
                0x00000000       0x84 ..\obj\croutine.o
 .text.prvCheckPendingReadyList
                0x00000000       0x74 ..\obj\croutine.o
 .text.prvCheckDelayedList
                0x00000000       0xf0 ..\obj\croutine.o
 .text.vCoRoutineSchedule
                0x00000000       0xa0 ..\obj\croutine.o
 .text.prvInitialiseCoRoutineLists
                0x00000000       0x70 ..\obj\croutine.o
 .text.xCoRoutineRemoveFromEventList
                0x00000000       0x54 ..\obj\croutine.o
 .debug_info    0x00000000      0x455 ..\obj\croutine.o
 .debug_abbrev  0x00000000      0x17e ..\obj\croutine.o
 .debug_aranges
                0x00000000       0x50 ..\obj\croutine.o
 .debug_ranges  0x00000000       0x40 ..\obj\croutine.o
 .debug_line    0x00000000      0x1db ..\obj\croutine.o
 .debug_str     0x00000000      0x438 ..\obj\croutine.o
 .comment       0x00000000       0x31 ..\obj\croutine.o
 .ARM.attributes
                0x00000000       0x31 ..\obj\croutine.o
 .debug_frame   0x00000000       0xf0 ..\obj\croutine.o
 .text          0x00000000        0x0 ..\obj\stm32f0xx_exti.o
 .data          0x00000000        0x0 ..\obj\stm32f0xx_exti.o
 .bss           0x00000000        0x0 ..\obj\stm32f0xx_exti.o
 .text.EXTI_DeInit
                0x00000000       0x34 ..\obj\stm32f0xx_exti.o
 .text.EXTI_Init
                0x00000000       0xd8 ..\obj\stm32f0xx_exti.o
 .text.EXTI_StructInit
                0x00000000       0x28 ..\obj\stm32f0xx_exti.o
 .text.EXTI_GenerateSWInterrupt
                0x00000000       0x20 ..\obj\stm32f0xx_exti.o
 .text.EXTI_GetFlagStatus
                0x00000000       0x40 ..\obj\stm32f0xx_exti.o
 .text.EXTI_ClearFlag
                0x00000000       0x18 ..\obj\stm32f0xx_exti.o
 .text.EXTI_GetITStatus
                0x00000000       0x54 ..\obj\stm32f0xx_exti.o
 .text.EXTI_ClearITPendingBit
                0x00000000       0x18 ..\obj\stm32f0xx_exti.o
 .debug_info    0x00000000      0x30c ..\obj\stm32f0xx_exti.o
 .debug_abbrev  0x00000000      0x185 ..\obj\stm32f0xx_exti.o
 .debug_aranges
                0x00000000       0x58 ..\obj\stm32f0xx_exti.o
 .debug_ranges  0x00000000       0x48 ..\obj\stm32f0xx_exti.o
 .debug_line    0x00000000      0x270 ..\obj\stm32f0xx_exti.o
 .debug_str     0x00000000      0x317 ..\obj\stm32f0xx_exti.o
 .comment       0x00000000       0x31 ..\obj\stm32f0xx_exti.o
 .ARM.attributes
                0x00000000       0x31 ..\obj\stm32f0xx_exti.o
 .debug_frame   0x00000000      0x10c ..\obj\stm32f0xx_exti.o
 .text          0x00000000        0x0 ..\obj\stm32f0xx_wwdg.o
 .data          0x00000000        0x0 ..\obj\stm32f0xx_wwdg.o
 .bss           0x00000000        0x0 ..\obj\stm32f0xx_wwdg.o
 .text.WWDG_DeInit
                0x00000000       0x20 ..\obj\stm32f0xx_wwdg.o
 .text.WWDG_SetPrescaler
                0x00000000       0x34 ..\obj\stm32f0xx_wwdg.o
 .text.WWDG_SetWindowValue
                0x00000000       0x38 ..\obj\stm32f0xx_wwdg.o
 .text.WWDG_EnableIT
                0x00000000       0x1c ..\obj\stm32f0xx_wwdg.o
 .text.WWDG_SetCounter
                0x00000000       0x24 ..\obj\stm32f0xx_wwdg.o
 .text.WWDG_Enable
                0x00000000       0x28 ..\obj\stm32f0xx_wwdg.o
 .text.WWDG_GetFlagStatus
                0x00000000       0x34 ..\obj\stm32f0xx_wwdg.o
 .text.WWDG_ClearFlag
                0x00000000       0x14 ..\obj\stm32f0xx_wwdg.o
 .debug_info    0x00000000      0x20f ..\obj\stm32f0xx_wwdg.o
 .debug_abbrev  0x00000000      0x12f ..\obj\stm32f0xx_wwdg.o
 .debug_aranges
                0x00000000       0x58 ..\obj\stm32f0xx_wwdg.o
 .debug_ranges  0x00000000       0x48 ..\obj\stm32f0xx_wwdg.o
 .debug_line    0x00000000      0x1ea ..\obj\stm32f0xx_wwdg.o
 .debug_str     0x00000000      0x234 ..\obj\stm32f0xx_wwdg.o
 .comment       0x00000000       0x31 ..\obj\stm32f0xx_wwdg.o
 .ARM.attributes
                0x00000000       0x31 ..\obj\stm32f0xx_wwdg.o
 .debug_frame   0x00000000      0x104 ..\obj\stm32f0xx_wwdg.o
 .text          0x00000000        0x0 ..\obj\nRF24L01+.o
 .data          0x00000000        0x0 ..\obj\nRF24L01+.o
 .rodata        0x00000000       0x28 ..\obj\nRF24L01+.o
 .text.nRF24L01_SetTxMode
                0x00000000       0x24 ..\obj\nRF24L01+.o
 .text.nRF24L01_SetRxMode
                0x00000000       0x24 ..\obj\nRF24L01+.o
 .text          0x00000000        0x0 ..\obj\stm32f0xx_syscfg.o
 .data          0x00000000        0x0 ..\obj\stm32f0xx_syscfg.o
 .bss           0x00000000        0x0 ..\obj\stm32f0xx_syscfg.o
 .text.SYSCFG_DeInit
                0x00000000       0x40 ..\obj\stm32f0xx_syscfg.o
 .text.SYSCFG_MemoryRemapConfig
                0x00000000       0x34 ..\obj\stm32f0xx_syscfg.o
 .text.SYSCFG_DMAChannelRemapConfig
                0x00000000       0x3c ..\obj\stm32f0xx_syscfg.o
 .text.SYSCFG_I2CFastModePlusConfig
                0x00000000       0x3c ..\obj\stm32f0xx_syscfg.o
 .text.SYSCFG_BreakConfig
                0x00000000       0x20 ..\obj\stm32f0xx_syscfg.o
 .text.SYSCFG_GetFlagStatus
                0x00000000       0x40 ..\obj\stm32f0xx_syscfg.o
 .text.SYSCFG_ClearFlag
                0x00000000       0x20 ..\obj\stm32f0xx_syscfg.o
 .text          0x00000000        0x0 ..\obj\stm32f0xx_pwr.o
 .data          0x00000000        0x0 ..\obj\stm32f0xx_pwr.o
 .bss           0x00000000        0x0 ..\obj\stm32f0xx_pwr.o
 .text.PWR_DeInit
                0x00000000       0x20 ..\obj\stm32f0xx_pwr.o
 .text.PWR_BackupAccessCmd
                0x00000000       0x40 ..\obj\stm32f0xx_pwr.o
 .text.PWR_PVDLevelConfig
                0x00000000       0x34 ..\obj\stm32f0xx_pwr.o
 .text.PWR_PVDCmd
                0x00000000       0x38 ..\obj\stm32f0xx_pwr.o
 .text.PWR_WakeUpPinCmd
                0x00000000       0x3c ..\obj\stm32f0xx_pwr.o
 .text.PWR_EnterSleepMode
                0x00000000       0x30 ..\obj\stm32f0xx_pwr.o
 .text.PWR_EnterSTOPMode
                0x00000000       0x64 ..\obj\stm32f0xx_pwr.o
 .text.PWR_EnterSTANDBYMode
                0x00000000       0x38 ..\obj\stm32f0xx_pwr.o
 .text.PWR_GetFlagStatus
                0x00000000       0x40 ..\obj\stm32f0xx_pwr.o
 .text.PWR_ClearFlag
                0x00000000       0x20 ..\obj\stm32f0xx_pwr.o
 .debug_info    0x00000000      0x3a4 ..\obj\stm32f0xx_pwr.o
 .debug_abbrev  0x00000000      0x186 ..\obj\stm32f0xx_pwr.o
 .debug_aranges
                0x00000000       0x68 ..\obj\stm32f0xx_pwr.o
 .debug_ranges  0x00000000       0x58 ..\obj\stm32f0xx_pwr.o
 .debug_line    0x00000000      0x2b6 ..\obj\stm32f0xx_pwr.o
 .debug_str     0x00000000      0x2e1 ..\obj\stm32f0xx_pwr.o
 .comment       0x00000000       0x31 ..\obj\stm32f0xx_pwr.o
 .ARM.attributes
                0x00000000       0x31 ..\obj\stm32f0xx_pwr.o
 .debug_frame   0x00000000      0x148 ..\obj\stm32f0xx_pwr.o
 .text          0x00000000        0x0 ..\obj\heap_2.o
 .rodata        0x00000000        0x2 ..\obj\heap_2.o
 .text.xPortGetFreeHeapSize
                0x00000000       0x14 ..\obj\heap_2.o
 .text.vPortInitialiseBlocks
                0x00000000        0x8 ..\obj\heap_2.o
 .text          0x00000000        0x0 ..\obj\stm32f0xx_misc.o
 .data          0x00000000        0x0 ..\obj\stm32f0xx_misc.o
 .bss           0x00000000        0x0 ..\obj\stm32f0xx_misc.o
 .text.NVIC_Init
                0x00000000       0xac ..\obj\stm32f0xx_misc.o
 .text.NVIC_SystemLPConfig
                0x00000000       0x44 ..\obj\stm32f0xx_misc.o
 .text.SysTick_CLKSourceConfig
                0x00000000       0x34 ..\obj\stm32f0xx_misc.o
 .debug_info    0x00000000      0x352 ..\obj\stm32f0xx_misc.o
 .debug_abbrev  0x00000000      0x143 ..\obj\stm32f0xx_misc.o
 .debug_aranges
                0x00000000       0x30 ..\obj\stm32f0xx_misc.o
 .debug_ranges  0x00000000       0x20 ..\obj\stm32f0xx_misc.o
 .debug_line    0x00000000      0x25c ..\obj\stm32f0xx_misc.o
 .debug_str     0x00000000      0x2c7 ..\obj\stm32f0xx_misc.o
 .comment       0x00000000       0x31 ..\obj\stm32f0xx_misc.o
 .ARM.attributes
                0x00000000       0x31 ..\obj\stm32f0xx_misc.o
 .debug_frame   0x00000000       0x70 ..\obj\stm32f0xx_misc.o
 .data          0x00000000        0x0 c:/users/lukasz/mentorgraphics/sourcery_codebench_lite_for_arm_eabi/bin/../lib/gcc/arm-none-eabi/4.8.1/armv6-m\libgcc.a(_udivsi3.o)
 .bss           0x00000000        0x0 c:/users/lukasz/mentorgraphics/sourcery_codebench_lite_for_arm_eabi/bin/../lib/gcc/arm-none-eabi/4.8.1/armv6-m\libgcc.a(_udivsi3.o)
 .data          0x00000000        0x0 c:/users/lukasz/mentorgraphics/sourcery_codebench_lite_for_arm_eabi/bin/../lib/gcc/arm-none-eabi/4.8.1/armv6-m\libgcc.a(_dvmd_tls.o)
 .bss           0x00000000        0x0 c:/users/lukasz/mentorgraphics/sourcery_codebench_lite_for_arm_eabi/bin/../lib/gcc/arm-none-eabi/4.8.1/armv6-m\libgcc.a(_dvmd_tls.o)
 .data          0x00000000        0x0 c:/users/lukasz/mentorgraphics/sourcery_codebench_lite_for_arm_eabi/bin/../lib/gcc/arm-none-eabi/4.8.1/../../../../arm-none-eabi/lib/armv6-m\libc.a(lib_a-memcpy-stub.o)
 .bss           0x00000000        0x0 c:/users/lukasz/mentorgraphics/sourcery_codebench_lite_for_arm_eabi/bin/../lib/gcc/arm-none-eabi/4.8.1/../../../../arm-none-eabi/lib/armv6-m\libc.a(lib_a-memcpy-stub.o)
 .data          0x00000000        0x0 c:/users/lukasz/mentorgraphics/sourcery_codebench_lite_for_arm_eabi/bin/../lib/gcc/arm-none-eabi/4.8.1/../../../../arm-none-eabi/lib/armv6-m\libc.a(lib_a-memset.o)
 .bss           0x00000000        0x0 c:/users/lukasz/mentorgraphics/sourcery_codebench_lite_for_arm_eabi/bin/../lib/gcc/arm-none-eabi/4.8.1/../../../../arm-none-eabi/lib/armv6-m\libc.a(lib_a-memset.o)
 .text          0x00000000       0x10 c:/users/lukasz/mentorgraphics/sourcery_codebench_lite_for_arm_eabi/bin/../lib/gcc/arm-none-eabi/4.8.1/../../../../arm-none-eabi/lib/armv6-m\libc.a(lib_a-strcpy.o)
 .data          0x00000000        0x0 c:/users/lukasz/mentorgraphics/sourcery_codebench_lite_for_arm_eabi/bin/../lib/gcc/arm-none-eabi/4.8.1/../../../../arm-none-eabi/lib/armv6-m\libc.a(lib_a-strcpy.o)
 .bss           0x00000000        0x0 c:/users/lukasz/mentorgraphics/sourcery_codebench_lite_for_arm_eabi/bin/../lib/gcc/arm-none-eabi/4.8.1/../../../../arm-none-eabi/lib/armv6-m\libc.a(lib_a-strcpy.o)
 .ARM.attributes
                0x00000000       0x2b c:/users/lukasz/mentorgraphics/sourcery_codebench_lite_for_arm_eabi/bin/../lib/gcc/arm-none-eabi/4.8.1/../../../../arm-none-eabi/lib/armv6-m\libc.a(lib_a-strcpy.o)
 .debug_frame   0x00000000       0x20 c:/users/lukasz/mentorgraphics/sourcery_codebench_lite_for_arm_eabi/bin/../lib/gcc/arm-none-eabi/4.8.1/../../../../arm-none-eabi/lib/armv6-m\libc.a(lib_a-strcpy.o)
 .data          0x00000000        0x0 c:/users/lukasz/mentorgraphics/sourcery_codebench_lite_for_arm_eabi/bin/../lib/gcc/arm-none-eabi/4.8.1/../../../../arm-none-eabi/lib/armv6-m\libc.a(lib_a-strlen.o)
 .bss           0x00000000        0x0 c:/users/lukasz/mentorgraphics/sourcery_codebench_lite_for_arm_eabi/bin/../lib/gcc/arm-none-eabi/4.8.1/../../../../arm-none-eabi/lib/armv6-m\libc.a(lib_a-strlen.o)
 .data          0x00000000        0x0 c:/users/lukasz/mentorgraphics/sourcery_codebench_lite_for_arm_eabi/bin/../lib/gcc/arm-none-eabi/4.8.1/../../../../arm-none-eabi/lib/armv6-m\libc.a(lib_a-strncmp.o)
 .bss           0x00000000        0x0 c:/users/lukasz/mentorgraphics/sourcery_codebench_lite_for_arm_eabi/bin/../lib/gcc/arm-none-eabi/4.8.1/../../../../arm-none-eabi/lib/armv6-m\libc.a(lib_a-strncmp.o)

Memory Configuration

Name             Origin             Length             Attributes
rom              0x08000000         0x00010000         xr
ram              0x20000000         0x00002000         xrw
*default*        0x00000000         0xffffffff

Linker script and memory map

                0x20002000                _eram = 0x20002000

.text           0x08000000     0x4578
 *(.isr_vector .isr_vector.*)
 .isr_vector    0x08000000       0xc4 ..\obj\startup_stm32f0xx.o
                0x08000000                g_pfnVectors
 *(.text .text.* .gnu.linkonce.t.*)
 .text.RCC_GetClocksFreq
                0x080000c4      0x1cc ..\obj\stm32f0xx_rcc.o
                0x080000c4                RCC_GetClocksFreq
 .text.RCC_AHBPeriphClockCmd
                0x08000290       0x3c ..\obj\stm32f0xx_rcc.o
                0x08000290                RCC_AHBPeriphClockCmd
 .text.RCC_APB2PeriphClockCmd
                0x080002cc       0x3c ..\obj\stm32f0xx_rcc.o
                0x080002cc                RCC_APB2PeriphClockCmd
 .text.RCC_APB1PeriphClockCmd
                0x08000308       0x3c ..\obj\stm32f0xx_rcc.o
                0x08000308                RCC_APB1PeriphClockCmd
 .text.main     0x08000344       0x2c ..\obj\main.o
                0x08000344                main
 .text.vSetupHardware
                0x08000370       0x38 ..\obj\main.o
                0x08000370                vSetupHardware
 .text.vTaskBlue
                0x080003a8       0x54 ..\obj\main.o
                0x080003a8                vTaskBlue
 .text.vStartLEDTasks
                0x080003fc       0x50 ..\obj\main.o
                0x080003fc                vStartLEDTasks
 .text.vApplicationStackOverflowHook
                0x0800044c       0xa4 ..\obj\main.o
                0x0800044c                vApplicationStackOverflowHook
 .text.Reset_Handler
                0x080004f0       0x44 ..\obj\startup_stm32f0xx.o
                0x080004f0                Reset_Handler
 .text.Default_Handler
                0x08000534        0x2 ..\obj\startup_stm32f0xx.o
                0x08000534                TIM1_CC_IRQHandler
                0x08000534                HardFault_Handler
                0x08000534                ADC1_COMP_IRQHandler
                0x08000534                PVD_IRQHandler
                0x08000534                NMI_Handler
                0x08000534                I2C1_IRQHandler
                0x08000534                SPI1_IRQHandler
                0x08000534                TIM6_DAC_IRQHandler
                0x08000534                I2C2_IRQHandler
                0x08000534                TIM17_IRQHandler
                0x08000534                RTC_IRQHandler
                0x08000534                TIM16_IRQHandler
                0x08000534                RCC_IRQHandler
                0x08000534                DMA1_Channel1_IRQHandler
                0x08000534                Default_Handler
                0x08000534                CEC_IRQHandler
                0x08000534                TIM14_IRQHandler
                0x08000534                DMA1_Channel4_5_IRQHandler
                0x08000534                TIM15_IRQHandler
                0x08000534                TS_IRQHandler
                0x08000534                WWDG_IRQHandler
                0x08000534                TIM2_IRQHandler
                0x08000534                DMA1_Channel2_3_IRQHandler
                0x08000534                USART2_IRQHandler
                0x08000534                FLASH_IRQHandler
                0x08000534                TIM1_BRK_UP_TRG_COM_IRQHandler
 *fill*         0x08000536        0x2 
 .text.xTimerCreateTimerTask
                0x08000538       0x5c ..\obj\timers.o
                0x08000538                xTimerCreateTimerTask
 .text.xTimerGenericCommand
                0x08000594       0xa0 ..\obj\timers.o
                0x08000594                xTimerGenericCommand
 .text.prvProcessExpiredTimer
                0x08000634       0x74 ..\obj\timers.o
 .text.prvTimerTask
                0x080006a8       0x28 ..\obj\timers.o
 .text.prvProcessTimerOrBlockTask
                0x080006d0       0x74 ..\obj\timers.o
 .text.prvGetNextExpireTime
                0x08000744       0x40 ..\obj\timers.o
 .text.prvSampleTimeNow
                0x08000784       0x48 ..\obj\timers.o
 .text.prvInsertTimerInActiveList
                0x080007cc       0x84 ..\obj\timers.o
 .text.prvProcessReceivedCommands
                0x08000850      0x104 ..\obj\timers.o
 .text.prvSwitchTimerLists
                0x08000954       0xb8 ..\obj\timers.o
 .text.prvCheckForValidListAndQueue
                0x08000a0c       0x58 ..\obj\timers.o
 .text.xTaskGenericCreate
                0x08000a64      0x174 ..\obj\tasks.o
                0x08000a64                xTaskGenericCreate
 .text.vTaskDelayUntil
                0x08000bd8       0xb0 ..\obj\tasks.o
                0x08000bd8                vTaskDelayUntil
 .text.vTaskDelay
                0x08000c88       0x54 ..\obj\tasks.o
                0x08000c88                vTaskDelay
 .text.vTaskStartScheduler
                0x08000cdc       0x74 ..\obj\tasks.o
                0x08000cdc                vTaskStartScheduler
 .text.vTaskSuspendAll
                0x08000d50       0x18 ..\obj\tasks.o
                0x08000d50                vTaskSuspendAll
 .text.xTaskResumeAll
                0x08000d68      0x108 ..\obj\tasks.o
                0x08000d68                xTaskResumeAll
 .text.xTaskGetTickCount
                0x08000e70       0x24 ..\obj\tasks.o
                0x08000e70                xTaskGetTickCount
 .text.xTaskIncrementTick
                0x08000e94      0x198 ..\obj\tasks.o
                0x08000e94                xTaskIncrementTick
 .text.vTaskSwitchContext
                0x0800102c       0xc4 ..\obj\tasks.o
                0x0800102c                vTaskSwitchContext
 .text.vTaskPlaceOnEventList
                0x080010f0       0x6c ..\obj\tasks.o
                0x080010f0                vTaskPlaceOnEventList
 .text.vTaskPlaceOnEventListRestricted
                0x0800115c       0x50 ..\obj\tasks.o
                0x0800115c                vTaskPlaceOnEventListRestricted
 .text.xTaskRemoveFromEventList
                0x080011ac       0xb8 ..\obj\tasks.o
                0x080011ac                xTaskRemoveFromEventList
 .text.vTaskSetTimeOutState
                0x08001264       0x30 ..\obj\tasks.o
                0x08001264                vTaskSetTimeOutState
 .text.xTaskCheckForTimeOut
                0x08001294       0x9c ..\obj\tasks.o
                0x08001294                xTaskCheckForTimeOut
 .text.vTaskMissedYield
                0x08001330       0x14 ..\obj\tasks.o
                0x08001330                vTaskMissedYield
 .text.prvIdleTask
                0x08001344       0x20 ..\obj\tasks.o
 .text.prvInitialiseTCBVariables
                0x08001364       0x90 ..\obj\tasks.o
 .text.prvInitialiseTaskLists
                0x080013f4       0x7c ..\obj\tasks.o
 .text.prvCheckTasksWaitingTermination
                0x08001470        0x8 ..\obj\tasks.o
 .text.prvAddCurrentTaskToDelayedList
                0x08001478       0x6c ..\obj\tasks.o
 .text.prvAllocateTCBAndStack
                0x080014e4       0x70 ..\obj\tasks.o
 .text.xTaskGetCurrentTaskHandle
                0x08001554       0x1c ..\obj\tasks.o
                0x08001554                xTaskGetCurrentTaskHandle
 .text.xTaskGetSchedulerState
                0x08001570       0x38 ..\obj\tasks.o
                0x08001570                xTaskGetSchedulerState
 .text.vTaskPriorityInherit
                0x080015a8       0xb4 ..\obj\tasks.o
                0x080015a8                vTaskPriorityInherit
 .text.vTaskPriorityDisinherit
                0x0800165c       0x7c ..\obj\tasks.o
                0x0800165c                vTaskPriorityDisinherit
 .text.NVIC_EnableIRQ
                0x080016d8       0x2c ..\obj\stm32_hardware_modules.o
 .text.NVIC_SetPriority
                0x08001704       0xe0 ..\obj\stm32_hardware_modules.o
 .text.SPI2_TxInterruptEnable
                0x080017e4       0x1c ..\obj\stm32_hardware_modules.o
 .text.SPI2_TxInterruptDisable
                0x08001800       0x1c ..\obj\stm32_hardware_modules.o
 .text.SPI2_RxInterruptEnable
                0x0800181c       0x1c ..\obj\stm32_hardware_modules.o
 .text.CS_PinSPI2_Set
                0x08001838       0x14 ..\obj\stm32_hardware_modules.o
 .text.CS_PinSPI2_Reset
                0x0800184c       0x14 ..\obj\stm32_hardware_modules.o
 .text.CE_PinForNRF24L01_Set
                0x08001860       0x14 ..\obj\stm32_hardware_modules.o
 .text.CE_PinForNRF24L01_Reset
                0x08001874       0x14 ..\obj\stm32_hardware_modules.o
 .text.SPI2_For_NRF24L01_init
                0x08001888      0x150 ..\obj\stm32_hardware_modules.o
                0x08001888                SPI2_For_NRF24L01_init
 .text.SPI2WriteDataViaInterrupt
                0x080019d8       0x5c ..\obj\stm32_hardware_modules.o
                0x080019d8                SPI2WriteDataViaInterrupt
 .text.SPI2_IRQHandler
                0x08001a34       0xd4 ..\obj\stm32_hardware_modules.o
                0x08001a34                SPI2_IRQHandler
 .text.vTaskSPI2
                0x08001b08       0x34 ..\obj\stm32_hardware_modules.o
 .text.vStartSPITask
                0x08001b3c       0x38 ..\obj\stm32_hardware_modules.o
                0x08001b3c                vStartSPITask
 .text.SetIRQPinFornRF24L01
                0x08001b74       0x70 ..\obj\stm32_hardware_modules.o
                0x08001b74                SetIRQPinFornRF24L01
 .text.EXTI4_15_IRQHandler
                0x08001be4       0x24 ..\obj\stm32_hardware_modules.o
                0x08001be4                EXTI4_15_IRQHandler
 .text.USART1Init
                0x08001c08       0xbc ..\obj\stm32_hardware_modules.o
 .text.USART1_IRQHandler
                0x08001cc4      0x108 ..\obj\stm32_hardware_modules.o
                0x08001cc4                USART1_IRQHandler
 .text.vTaskUSART1
                0x08001dcc      0x12c ..\obj\stm32_hardware_modules.o
 .text.vStartUSARTTask
                0x08001ef8       0x3c ..\obj\stm32_hardware_modules.o
                0x08001ef8                vStartUSARTTask
 .text.SPI_Init
                0x08001f34      0x104 ..\obj\stm32f0xx_spi.o
                0x08001f34                SPI_Init
 .text.SPI_Cmd  0x08002038       0x40 ..\obj\stm32f0xx_spi.o
                0x08002038                SPI_Cmd
 .text.SPI_SendData8
                0x08002078       0x2c ..\obj\stm32f0xx_spi.o
                0x08002078                SPI_SendData8
 .text.SPI_ReceiveData8
                0x080020a4       0x24 ..\obj\stm32f0xx_spi.o
                0x080020a4                SPI_ReceiveData8
 .text.SPI_CalculateCRC
                0x080020c8       0x44 ..\obj\stm32f0xx_spi.o
                0x080020c8                SPI_CalculateCRC
 .text.SPI_I2S_GetITStatus
                0x0800210c       0xb0 ..\obj\stm32f0xx_spi.o
                0x0800210c                SPI_I2S_GetITStatus
 .text.NVIC_EnableIRQ
                0x080021bc       0x2c ..\obj\keyboard4x4.o
 .text.NVIC_DisableIRQ
                0x080021e8       0x30 ..\obj\keyboard4x4.o
 .text.NVIC_SetPriority
                0x08002218       0xe0 ..\obj\keyboard4x4.o
 .text.keyboardLedsConfig
                0x080022f8       0x2c ..\obj\keyboard4x4.o
 .text.redLedOn
                0x08002324       0x14 ..\obj\keyboard4x4.o
 .text.redLedOff
                0x08002338       0x14 ..\obj\keyboard4x4.o
 .text.greenLedOn
                0x0800234c       0x14 ..\obj\keyboard4x4.o
 .text.greenLedOff
                0x08002360       0x14 ..\obj\keyboard4x4.o
 .text.enableTimer3
                0x08002374       0x3c ..\obj\keyboard4x4.o
 .text.disableTimer3
                0x080023b0       0x24 ..\obj\keyboard4x4.o
 .text.Timer3Configuration
                0x080023d4       0x34 ..\obj\keyboard4x4.o
 .text.Timer3Init
                0x08002408       0x2c ..\obj\keyboard4x4.o
 .text.enableInterruptsForInputButtons
                0x08002434       0x30 ..\obj\keyboard4x4.o
 .text.disableInterruptsForInputButtons
                0x08002464       0x24 ..\obj\keyboard4x4.o
 .text.setABCDToInputStateDefaultState
                0x08002488       0x4c ..\obj\keyboard4x4.o
 .text.setEFGHToInputStateWhenInterruptOccurs
                0x080024d4       0x50 ..\obj\keyboard4x4.o
 .text.KeyboardInit
                0x08002524       0xd0 ..\obj\keyboard4x4.o
 .text.getInputStateFromEFGH
                0x080025f4       0x5c ..\obj\keyboard4x4.o
 .text.EXTI0_1_IRQHandler
                0x08002650       0xb4 ..\obj\keyboard4x4.o
                0x08002650                EXTI0_1_IRQHandler
 .text.EXTI2_3_IRQHandler
                0x08002704       0xb4 ..\obj\keyboard4x4.o
                0x08002704                EXTI2_3_IRQHandler
 .text.TIM3_IRQHandler
                0x080027b8       0x74 ..\obj\keyboard4x4.o
                0x080027b8                TIM3_IRQHandler
 .text.blinkGivenLed
                0x0800282c       0x8c ..\obj\keyboard4x4.o
 .text.vTaskKeyboard
                0x080028b8      0x160 ..\obj\keyboard4x4.o
 .text.vStartKeyboardTask
                0x08002a18       0x38 ..\obj\keyboard4x4.o
                0x08002a18                vStartKeyboardTask
 .text.vListInitialise
                0x08002a50       0x3c ..\obj\list.o
                0x08002a50                vListInitialise
 .text.vListInitialiseItem
                0x08002a8c       0x14 ..\obj\list.o
                0x08002a8c                vListInitialiseItem
 .text.vListInsertEnd
                0x08002aa0       0x44 ..\obj\list.o
                0x08002aa0                vListInsertEnd
 .text.vListInsert
                0x08002ae4       0x6c ..\obj\list.o
                0x08002ae4                vListInsert
 .text.uxListRemove
                0x08002b50       0x50 ..\obj\list.o
                0x08002b50                uxListRemove
 .text.USART_Init
                0x08002ba0      0x160 ..\obj\stm32f0xx_usart.o
                0x08002ba0                USART_Init
 .text.USART_Cmd
                0x08002d00       0x3c ..\obj\stm32f0xx_usart.o
                0x08002d00                USART_Cmd
 .text.USART_SendData
                0x08002d3c       0x24 ..\obj\stm32f0xx_usart.o
                0x08002d3c                USART_SendData
 .text.USART_ReceiveData
                0x08002d60       0x1c ..\obj\stm32f0xx_usart.o
                0x08002d60                USART_ReceiveData
 .text.USART_ITConfig
                0x08002d7c       0x84 ..\obj\stm32f0xx_usart.o
                0x08002d7c                USART_ITConfig
 .text.USART_GetITStatus
                0x08002e00       0xb4 ..\obj\stm32f0xx_usart.o
                0x08002e00                USART_GetITStatus
 .text.xQueueGenericReset
                0x08002eb4       0xac ..\obj\queue.o
                0x08002eb4                xQueueGenericReset
 .text.xQueueGenericCreate
                0x08002f60       0x90 ..\obj\queue.o
                0x08002f60                xQueueGenericCreate
 .text.xQueueGenericSend
                0x08002ff0      0x184 ..\obj\queue.o
                0x08002ff0                xQueueGenericSend
 .text.xQueueGenericSendFromISR
                0x08003174       0xfc ..\obj\queue.o
                0x08003174                xQueueGenericSendFromISR
 .text.xQueueGenericReceive
                0x08003270      0x1a0 ..\obj\queue.o
                0x08003270                xQueueGenericReceive
 .text.xQueueReceiveFromISR
                0x08003410       0xb0 ..\obj\queue.o
                0x08003410                xQueueReceiveFromISR
 .text.prvCopyDataToQueue
                0x080034c0       0xd4 ..\obj\queue.o
 .text.prvCopyDataFromQueue
                0x08003594       0x50 ..\obj\queue.o
 .text.prvUnlockQueue
                0x080035e4       0xb4 ..\obj\queue.o
 .text.prvIsQueueEmpty
                0x08003698       0x2c ..\obj\queue.o
 .text.prvIsQueueFull
                0x080036c4       0x30 ..\obj\queue.o
 .text.vQueueWaitForMessageRestricted
                0x080036f4       0x58 ..\obj\queue.o
                0x080036f4                vQueueWaitForMessageRestricted
 .text.xQueueCreateSet
                0x0800374c       0x24 ..\obj\queue.o
                0x0800374c                xQueueCreateSet
 .text.xQueueAddToSet
                0x08003770       0x44 ..\obj\queue.o
                0x08003770                xQueueAddToSet
 .text.xQueueSelectFromSet
                0x080037b4       0x2c ..\obj\queue.o
                0x080037b4                xQueueSelectFromSet
 .text.prvNotifyQueueSetContainer
                0x080037e0       0x70 ..\obj\queue.o
 .text.pxPortInitialiseStack
                0x08003850       0x54 ..\obj\port.o
                0x08003850                pxPortInitialiseStack
 .text.prvTaskExitError
                0x080038a4       0x18 ..\obj\port.o
 .text.SVC_Handler
                0x080038bc        0x8 ..\obj\port.o
                0x080038bc                SVC_Handler
 .text.vPortStartFirstTask
                0x080038c4       0x20 ..\obj\port.o
 .text.xPortStartScheduler
                0x080038e4       0x44 ..\obj\port.o
                0x080038e4                xPortStartScheduler
 .text.vPortYield
                0x08003928       0x1c ..\obj\port.o
                0x08003928                vPortYield
 .text.vPortEnterCritical
                0x08003944       0x20 ..\obj\port.o
                0x08003944                vPortEnterCritical
 .text.vPortExitCritical
                0x08003964       0x20 ..\obj\port.o
                0x08003964                vPortExitCritical
 .text.ulSetInterruptMaskFromISR
                0x08003984        0xc ..\obj\port.o
                0x08003984                ulSetInterruptMaskFromISR
 .text.vClearInterruptMaskFromISR
                0x08003990        0x8 ..\obj\port.o
                0x08003990                vClearInterruptMaskFromISR
 .text.PendSV_Handler
                0x08003998       0x44 ..\obj\port.o
                0x08003998                PendSV_Handler
 .text.SysTick_Handler
                0x080039dc       0x34 ..\obj\port.o
                0x080039dc                SysTick_Handler
 .text.prvSetupTimerInterrupt
                0x08003a10       0x20 ..\obj\port.o
 .text.SystemInit
                0x08003a30       0x8c ..\obj\system_stm32f0xx.o
                0x08003a30                SystemInit
 .text.SetSysClock
                0x08003abc       0x2c ..\obj\system_stm32f0xx.o
 .text.nRF24L01_RegisterCallbacks
                0x08003ae8       0x70 ..\obj\nRF24L01+.o
                0x08003ae8                nRF24L01_RegisterCallbacks
 .text.nRF24L01_SPI_COMMAND
                0x08003b58      0x1e4 ..\obj\nRF24L01+.o
                0x08003b58                nRF24L01_SPI_COMMAND
 .text.nRF24L01_PowerUp
                0x08003d3c       0x20 ..\obj\nRF24L01+.o
                0x08003d3c                nRF24L01_PowerUp
 .text.nRF24L01_PowerDown
                0x08003d5c       0x20 ..\obj\nRF24L01+.o
                0x08003d5c                nRF24L01_PowerDown
 .text.nRF24L01_SetCE_PIN
                0x08003d7c       0x1c ..\obj\nRF24L01+.o
                0x08003d7c                nRF24L01_SetCE_PIN
 .text.nRF24L01_ResetCE_PIN
                0x08003d98       0x1c ..\obj\nRF24L01+.o
                0x08003d98                nRF24L01_ResetCE_PIN
 .text.nRF24L01_NOP
                0x08003db4       0x14 ..\obj\nRF24L01+.o
                0x08003db4                nRF24L01_NOP
 .text.nRF24L01_ReadSTATUS
                0x08003dc8       0x14 ..\obj\nRF24L01+.o
                0x08003dc8                nRF24L01_ReadSTATUS
 .text.nRF24L01_FlushSTATUSReg
                0x08003ddc       0x20 ..\obj\nRF24L01+.o
                0x08003ddc                nRF24L01_FlushSTATUSReg
 .text.nRF24L01_ReadCONFIGReg
                0x08003dfc       0x14 ..\obj\nRF24L01+.o
                0x08003dfc                nRF24L01_ReadCONFIGReg
 .text.nRF24L01_SendDataToFifo
                0x08003e10       0x20 ..\obj\nRF24L01+.o
                0x08003e10                nRF24L01_SendDataToFifo
 .text.nRF24L01_FlushTx
                0x08003e30       0x14 ..\obj\nRF24L01+.o
                0x08003e30                nRF24L01_FlushTx
 .text.nRF24L01_FlushRx
                0x08003e44       0x14 ..\obj\nRF24L01+.o
                0x08003e44                nRF24L01_FlushRx
 .text.nRF24L01_Init
                0x08003e58       0xc8 ..\obj\nRF24L01+.o
                0x08003e58                nRF24L01_Init
 .text.SYSCFG_EXTILineConfig
                0x08003f20       0x90 ..\obj\stm32f0xx_syscfg.o
                0x08003f20                SYSCFG_EXTILineConfig
 .text.pvPortMalloc
                0x08003fb0      0x118 ..\obj\heap_2.o
                0x08003fb0                pvPortMalloc
 .text.vPortFree
                0x080040c8       0x70 ..\obj\heap_2.o
                0x080040c8                vPortFree
 .text.prvHeapInit
                0x08004138       0x4c ..\obj\heap_2.o
 .text          0x08004184       0x9c c:/users/lukasz/mentorgraphics/sourcery_codebench_lite_for_arm_eabi/bin/../lib/gcc/arm-none-eabi/4.8.1/armv6-m\libgcc.a(_udivsi3.o)
                0x08004184                __aeabi_uidiv
                0x08004184                __udivsi3
                0x0800420c                __aeabi_uidivmod
 .text          0x08004220        0x4 c:/users/lukasz/mentorgraphics/sourcery_codebench_lite_for_arm_eabi/bin/../lib/gcc/arm-none-eabi/4.8.1/armv6-m\libgcc.a(_dvmd_tls.o)
                0x08004220                __aeabi_idiv0
                0x08004220                __aeabi_ldiv0
 .text          0x08004224       0x84 c:/users/lukasz/mentorgraphics/sourcery_codebench_lite_for_arm_eabi/bin/../lib/gcc/arm-none-eabi/4.8.1/../../../../arm-none-eabi/lib/armv6-m\libc.a(lib_a-memcpy-stub.o)
                0x08004224                memcpy
 .text          0x080042a8       0xb4 c:/users/lukasz/mentorgraphics/sourcery_codebench_lite_for_arm_eabi/bin/../lib/gcc/arm-none-eabi/4.8.1/../../../../arm-none-eabi/lib/armv6-m\libc.a(lib_a-memset.o)
                0x080042a8                memset
 .text          0x0800435c       0x10 c:/users/lukasz/mentorgraphics/sourcery_codebench_lite_for_arm_eabi/bin/../lib/gcc/arm-none-eabi/4.8.1/../../../../arm-none-eabi/lib/armv6-m\libc.a(lib_a-strlen.o)
                0x0800435c                strlen
 .text          0x0800436c       0xb8 c:/users/lukasz/mentorgraphics/sourcery_codebench_lite_for_arm_eabi/bin/../lib/gcc/arm-none-eabi/4.8.1/../../../../arm-none-eabi/lib/armv6-m\libc.a(lib_a-strncmp.o)
                0x0800436c                strncmp
 *(.glue_7t)
 .glue_7t       0x00000000        0x0 linker stubs
 *(.glue_7)
 .glue_7        0x00000000        0x0 linker stubs
 *(.rodata .rodata* .gnu.linkonce.r.*)
 .rodata        0x08004424       0x40 ..\obj\main.o
                0x0800444c                testData
 .rodata        0x08004464        0x8 ..\obj\timers.o
 .rodata        0x0800446c        0x8 ..\obj\tasks.o
 .rodata        0x08004474       0xfc ..\obj\stm32_hardware_modules.o
 .rodata        0x08004570        0x8 ..\obj\keyboard4x4.o

.vfp11_veneer   0x08004578        0x0
 .vfp11_veneer  0x00000000        0x0 linker stubs

.v4_bx          0x08004578        0x0
 .v4_bx         0x00000000        0x0 linker stubs

.iplt           0x08004578        0x0
 .iplt          0x00000000        0x0 ..\obj\stm32f0xx_crc.o

.rel.dyn        0x08004578        0x0
 .rel.iplt      0x00000000        0x0 ..\obj\stm32f0xx_crc.o

.ARM.extab
 *(.ARM.extab* .gnu.linkonce.armextab.*)

.ARM.exidx
 *(.ARM.exidx* .gnu.linkonce.armexidx.*)
                0x08004578                . = ALIGN (0x4)
                0x08004578                _etext = .
                0x08004578                _sidata = .

.data           0x20000000       0x1c load address 0x08004578
                0x20000000                _sdata = .
 *(.data .data.*)
 .data          0x20000000       0x10 ..\obj\stm32f0xx_rcc.o
 .data          0x20000010        0x4 ..\obj\tasks.o
 .data          0x20000014        0x4 ..\obj\port.o
 .data          0x20000018        0x4 ..\obj\heap_2.o
                0x2000001c                . = ALIGN (0x4)
                0x2000001c                _edata = .

.igot.plt       0x2000001c        0x0 load address 0x08004594
 .igot.plt      0x00000000        0x0 ..\obj\stm32f0xx_crc.o

.bss            0x2000001c     0x19e0 load address 0x08004594
                0x2000001c                _sbss = .
 *(.bss .bss.*)
 .bss           0x2000001c       0x38 ..\obj\timers.o
 .bss           0x20000054       0xf8 ..\obj\tasks.o
                0x20000054                pxCurrentTCB
 .bss           0x2000014c        0x4 ..\obj\stm32_hardware_modules.o
 .bss           0x20000150        0xc ..\obj\keyboard4x4.o
                0x20000150                tickCounterForPressingButtonEvent
                0x20000154                xTimer3Semphr
 .bss           0x2000015c       0x14 ..\obj\nRF24L01+.o
 .bss           0x20000170     0x1784 ..\obj\heap_2.o
 *(COMMON)
 COMMON         0x200018f4       0x10 ..\obj\main.o
                0x200018f4                xHandleLEDGREEN
                0x200018f8                xHandleLEDBLUE
                0x200018fc                xHandleTaskForStackOverlowDetection
                0x20001900                pcTaskForStackOverlowDetection
 COMMON         0x20001904       0xe2 ..\obj\stm32_hardware_modules.o
                0x20001904                USART_RxBuffer
                0x20001928                USART_RxData
                0x2000194c                SPI_TxData
                0x20001970                SPI_RxData
                0x20001994                USART_TxBuffer
                0x200019b8                xSPI2WriteQueueHandle
                0x200019bc                xUsartQueueHandle
                0x200019c0                xSPI2ReadQueueHandle
                0x200019c4                USART_TxData
 *fill*         0x200019e6        0x2 
 COMMON         0x200019e8       0x14 ..\obj\keyboard4x4.o
                0x200019e8                xKeyboardQueueSetMemberHandle
                0x200019ec                codeToSend
                0x200019f0                xKeyboardQueueSet
                0x200019f4                xReceivedCorrectDataCodeFromKeyboard
                0x200019f8                xKeyboardReceivedQueue
                0x200019fc                . = ALIGN (0x4)
                0x200019fc                _ebss = .

.co_stack       0x200019fc        0x4 load address 0x08005f74
                0x20001a00                . = ALIGN (0x8)
 *fill*         0x200019fc        0x4 
 *(.co_stack .co_stack.*)
                0x20001a00                . = ALIGN (0x4)
                0x20001a00                _end = .
LOAD ..\obj\stm32f0xx_crc.o
LOAD ..\obj\stm32f0xx_rcc.o
LOAD ..\obj\stm32f0xx_adc.o
LOAD ..\obj\AT24c64.o
LOAD ..\obj\stm32f0xx_iwdg.o
LOAD ..\obj\main.o
LOAD ..\obj\startup_stm32f0xx.o
LOAD ..\obj\timers.o
LOAD ..\obj\stm32f0xx_dma.o
LOAD ..\obj\printf.o
LOAD ..\obj\tasks.o
LOAD ..\obj\stm32_hardware_modules.o
LOAD ..\obj\stm32f0xx_spi.o
LOAD ..\obj\stm32f0xx_i2c.o
LOAD ..\obj\AT24c64_HW.o
LOAD ..\obj\stm32f0xx_gpio.o
LOAD ..\obj\keyboard4x4.o
LOAD ..\obj\list.o
LOAD ..\obj\syscalls.o
LOAD ..\obj\stm32f0xx_usart.o
LOAD ..\obj\stm32f0xx_tim.o
LOAD ..\obj\queue.o
LOAD ..\obj\port.o
LOAD ..\obj\system_stm32f0xx.o
LOAD ..\obj\croutine.o
LOAD ..\obj\stm32f0xx_exti.o
LOAD ..\obj\stm32f0xx_wwdg.o
LOAD ..\obj\nRF24L01+.o
LOAD ..\obj\stm32f0xx_syscfg.o
LOAD ..\obj\stm32f0xx_pwr.o
LOAD ..\obj\heap_2.o
LOAD ..\obj\stm32f0xx_misc.o
START GROUP
LOAD c:/users/lukasz/mentorgraphics/sourcery_codebench_lite_for_arm_eabi/bin/../lib/gcc/arm-none-eabi/4.8.1/armv6-m\libgcc.a
LOAD c:/users/lukasz/mentorgraphics/sourcery_codebench_lite_for_arm_eabi/bin/../lib/gcc/arm-none-eabi/4.8.1/../../../../arm-none-eabi/lib/armv6-m\libc.a
END GROUP
OUTPUT(zamekKodowyMaster.elf elf32-littlearm)

.debug_info     0x00000000     0x7c6b
 .debug_info    0x00000000      0x972 ..\obj\stm32f0xx_rcc.o
 .debug_info    0x00000972      0x430 ..\obj\main.o
 .debug_info    0x00000da2       0xfa ..\obj\startup_stm32f0xx.o
 .debug_info    0x00000e9c      0x6f4 ..\obj\timers.o
 .debug_info    0x00001590      0xf17 ..\obj\tasks.o
 .debug_info    0x000024a7      0xd3e ..\obj\stm32_hardware_modules.o
 .debug_info    0x000031e5      0xa67 ..\obj\stm32f0xx_spi.o
 .debug_info    0x00003c4c      0xab3 ..\obj\keyboard4x4.o
 .debug_info    0x000046ff      0x273 ..\obj\list.o
 .debug_info    0x00004972      0xe08 ..\obj\stm32f0xx_usart.o
 .debug_info    0x0000577a      0xcae ..\obj\queue.o
 .debug_info    0x00006428      0x1e8 ..\obj\port.o
 .debug_info    0x00006610      0x28a ..\obj\system_stm32f0xx.o
 .debug_info    0x0000689a      0xebc ..\obj\nRF24L01+.o
 .debug_info    0x00007756      0x28c ..\obj\stm32f0xx_syscfg.o
 .debug_info    0x000079e2      0x289 ..\obj\heap_2.o

.debug_abbrev   0x00000000     0x17d4
 .debug_abbrev  0x00000000      0x1ec ..\obj\stm32f0xx_rcc.o
 .debug_abbrev  0x000001ec      0x155 ..\obj\main.o
 .debug_abbrev  0x00000341       0x12 ..\obj\startup_stm32f0xx.o
 .debug_abbrev  0x00000353      0x16c ..\obj\timers.o
 .debug_abbrev  0x000004bf      0x222 ..\obj\tasks.o
 .debug_abbrev  0x000006e1      0x266 ..\obj\stm32_hardware_modules.o
 .debug_abbrev  0x00000947      0x1a1 ..\obj\stm32f0xx_spi.o
 .debug_abbrev  0x00000ae8      0x254 ..\obj\keyboard4x4.o
 .debug_abbrev  0x00000d3c       0xbc ..\obj\list.o
 .debug_abbrev  0x00000df8      0x15c ..\obj\stm32f0xx_usart.o
 .debug_abbrev  0x00000f54      0x1c7 ..\obj\queue.o
 .debug_abbrev  0x0000111b      0x171 ..\obj\port.o
 .debug_abbrev  0x0000128c      0x104 ..\obj\system_stm32f0xx.o
 .debug_abbrev  0x00001390      0x1bc ..\obj\nRF24L01+.o
 .debug_abbrev  0x0000154c      0x138 ..\obj\stm32f0xx_syscfg.o
 .debug_abbrev  0x00001684      0x150 ..\obj\heap_2.o

.debug_aranges  0x00000000      0xb38
 .debug_aranges
                0x00000000      0x150 ..\obj\stm32f0xx_rcc.o
 .debug_aranges
                0x00000150       0x48 ..\obj\main.o
 .debug_aranges
                0x00000198       0x28 ..\obj\startup_stm32f0xx.o
 .debug_aranges
                0x000001c0       0x88 ..\obj\timers.o
 .debug_aranges
                0x00000248      0x148 ..\obj\tasks.o
 .debug_aranges
                0x00000390       0xd8 ..\obj\stm32_hardware_modules.o
 .debug_aranges
                0x00000468      0x110 ..\obj\stm32f0xx_spi.o
 .debug_aranges
                0x00000578       0xd8 ..\obj\keyboard4x4.o
 .debug_aranges
                0x00000650       0x40 ..\obj\list.o
 .debug_aranges
                0x00000690      0x1a0 ..\obj\stm32f0xx_usart.o
 .debug_aranges
                0x00000830      0x120 ..\obj\queue.o
 .debug_aranges
                0x00000950       0x88 ..\obj\port.o
 .debug_aranges
                0x000009d8       0x30 ..\obj\system_stm32f0xx.o
 .debug_aranges
                0x00000a08       0x98 ..\obj\nRF24L01+.o
 .debug_aranges
                0x00000aa0       0x58 ..\obj\stm32f0xx_syscfg.o
 .debug_aranges
                0x00000af8       0x40 ..\obj\heap_2.o

.debug_ranges   0x00000000      0xa40
 .debug_ranges  0x00000000      0x140 ..\obj\stm32f0xx_rcc.o
 .debug_ranges  0x00000140       0x38 ..\obj\main.o
 .debug_ranges  0x00000178       0x20 ..\obj\startup_stm32f0xx.o
 .debug_ranges  0x00000198       0x78 ..\obj\timers.o
 .debug_ranges  0x00000210      0x138 ..\obj\tasks.o
 .debug_ranges  0x00000348       0xc8 ..\obj\stm32_hardware_modules.o
 .debug_ranges  0x00000410      0x100 ..\obj\stm32f0xx_spi.o
 .debug_ranges  0x00000510       0xc8 ..\obj\keyboard4x4.o
 .debug_ranges  0x000005d8       0x30 ..\obj\list.o
 .debug_ranges  0x00000608      0x190 ..\obj\stm32f0xx_usart.o
 .debug_ranges  0x00000798      0x110 ..\obj\queue.o
 .debug_ranges  0x000008a8       0x78 ..\obj\port.o
 .debug_ranges  0x00000920       0x20 ..\obj\system_stm32f0xx.o
 .debug_ranges  0x00000940       0x88 ..\obj\nRF24L01+.o
 .debug_ranges  0x000009c8       0x48 ..\obj\stm32f0xx_syscfg.o
 .debug_ranges  0x00000a10       0x30 ..\obj\heap_2.o

.debug_line     0x00000000     0x388e
 .debug_line    0x00000000      0x511 ..\obj\stm32f0xx_rcc.o
 .debug_line    0x00000511      0x27b ..\obj\main.o
 .debug_line    0x0000078c       0xce ..\obj\startup_stm32f0xx.o
 .debug_line    0x0000085a      0x291 ..\obj\timers.o
 .debug_line    0x00000aeb      0x7d2 ..\obj\tasks.o
 .debug_line    0x000012bd      0x56d ..\obj\stm32_hardware_modules.o
 .debug_line    0x0000182a      0x488 ..\obj\stm32f0xx_spi.o
 .debug_line    0x00001cb2      0x4ce ..\obj\keyboard4x4.o
 .debug_line    0x00002180      0x11b ..\obj\list.o
 .debug_line    0x0000229b      0x5d7 ..\obj\stm32f0xx_usart.o
 .debug_line    0x00002872      0x687 ..\obj\queue.o
 .debug_line    0x00002ef9      0x1bc ..\obj\port.o
 .debug_line    0x000030b5      0x150 ..\obj\system_stm32f0xx.o
 .debug_line    0x00003205      0x2df ..\obj\nRF24L01+.o
 .debug_line    0x000034e4      0x1f7 ..\obj\stm32f0xx_syscfg.o
 .debug_line    0x000036db      0x1b3 ..\obj\heap_2.o

.debug_str      0x00000000     0x4288
 .debug_str     0x00000000      0x667 ..\obj\stm32f0xx_rcc.o
                                0x6eb (size before relaxing)
 .debug_str     0x00000667      0x2c0 ..\obj\main.o
                                0x3c3 (size before relaxing)
 .debug_str     0x00000927      0x449 ..\obj\timers.o
                                0x578 (size before relaxing)
 .debug_str     0x00000d70      0x874 ..\obj\tasks.o
                                0xa51 (size before relaxing)
 .debug_str     0x000015e4      0x77f ..\obj\stm32_hardware_modules.o
                                0x989 (size before relaxing)
 .debug_str     0x00001d63      0x3d3 ..\obj\stm32f0xx_spi.o
                                0x6c4 (size before relaxing)
 .debug_str     0x00002136      0x443 ..\obj\keyboard4x4.o
                                0x8f8 (size before relaxing)
 .debug_str     0x00002579       0xeb ..\obj\list.o
                                0x26a (size before relaxing)
 .debug_str     0x00002664      0x67f ..\obj\stm32f0xx_usart.o
                                0x919 (size before relaxing)
 .debug_str     0x00002ce3      0x514 ..\obj\queue.o
                                0x791 (size before relaxing)
 .debug_str     0x000031f7      0x195 ..\obj\port.o
                                0x260 (size before relaxing)
 .debug_str     0x0000338c       0xc8 ..\obj\system_stm32f0xx.o
                                0x234 (size before relaxing)
 .debug_str     0x00003454      0xaed ..\obj\nRF24L01+.o
                                0xc98 (size before relaxing)
 .debug_str     0x00003f41      0x1b4 ..\obj\stm32f0xx_syscfg.o
                                0x2ec (size before relaxing)
 .debug_str     0x000040f5      0x193 ..\obj\heap_2.o
                                0x27f (size before relaxing)

.comment        0x00000000       0x30
 .comment       0x00000000       0x30 ..\obj\stm32f0xx_rcc.o
                                 0x31 (size before relaxing)
 .comment       0x00000000       0x31 ..\obj\main.o
 .comment       0x00000000       0x31 ..\obj\timers.o
 .comment       0x00000000       0x31 ..\obj\tasks.o
 .comment       0x00000000       0x31 ..\obj\stm32_hardware_modules.o
 .comment       0x00000000       0x31 ..\obj\stm32f0xx_spi.o
 .comment       0x00000000       0x31 ..\obj\keyboard4x4.o
 .comment       0x00000000       0x31 ..\obj\list.o
 .comment       0x00000000       0x31 ..\obj\stm32f0xx_usart.o
 .comment       0x00000000       0x31 ..\obj\queue.o
 .comment       0x00000000       0x31 ..\obj\port.o
 .comment       0x00000000       0x31 ..\obj\system_stm32f0xx.o
 .comment       0x00000000       0x31 ..\obj\nRF24L01+.o
 .comment       0x00000000       0x31 ..\obj\stm32f0xx_syscfg.o
 .comment       0x00000000       0x31 ..\obj\heap_2.o

.ARM.attributes
                0x00000000       0x2f
 .ARM.attributes
                0x00000000       0x31 ..\obj\stm32f0xx_rcc.o
 .ARM.attributes
                0x00000031       0x31 ..\obj\main.o
 .ARM.attributes
                0x00000062       0x21 ..\obj\startup_stm32f0xx.o
 .ARM.attributes
                0x00000083       0x31 ..\obj\timers.o
 .ARM.attributes
                0x000000b4       0x31 ..\obj\tasks.o
 .ARM.attributes
                0x000000e5       0x31 ..\obj\stm32_hardware_modules.o
 .ARM.attributes
                0x00000116       0x31 ..\obj\stm32f0xx_spi.o
 .ARM.attributes
                0x00000147       0x31 ..\obj\keyboard4x4.o
 .ARM.attributes
                0x00000178       0x31 ..\obj\list.o
 .ARM.attributes
                0x000001a9       0x31 ..\obj\stm32f0xx_usart.o
 .ARM.attributes
                0x000001da       0x31 ..\obj\queue.o
 .ARM.attributes
                0x0000020b       0x31 ..\obj\port.o
 .ARM.attributes
                0x0000023c       0x31 ..\obj\system_stm32f0xx.o
 .ARM.attributes
                0x0000026d       0x31 ..\obj\nRF24L01+.o
 .ARM.attributes
                0x0000029e       0x31 ..\obj\stm32f0xx_syscfg.o
 .ARM.attributes
                0x000002cf       0x31 ..\obj\heap_2.o
 .ARM.attributes
                0x00000300       0x1d c:/users/lukasz/mentorgraphics/sourcery_codebench_lite_for_arm_eabi/bin/../lib/gcc/arm-none-eabi/4.8.1/armv6-m\libgcc.a(_udivsi3.o)
 .ARM.attributes
                0x0000031d       0x1d c:/users/lukasz/mentorgraphics/sourcery_codebench_lite_for_arm_eabi/bin/../lib/gcc/arm-none-eabi/4.8.1/armv6-m\libgcc.a(_dvmd_tls.o)
 .ARM.attributes
                0x0000033a       0x2b c:/users/lukasz/mentorgraphics/sourcery_codebench_lite_for_arm_eabi/bin/../lib/gcc/arm-none-eabi/4.8.1/../../../../arm-none-eabi/lib/armv6-m\libc.a(lib_a-memcpy-stub.o)
 .ARM.attributes
                0x00000365       0x2b c:/users/lukasz/mentorgraphics/sourcery_codebench_lite_for_arm_eabi/bin/../lib/gcc/arm-none-eabi/4.8.1/../../../../arm-none-eabi/lib/armv6-m\libc.a(lib_a-memset.o)
 .ARM.attributes
                0x00000390       0x2b c:/users/lukasz/mentorgraphics/sourcery_codebench_lite_for_arm_eabi/bin/../lib/gcc/arm-none-eabi/4.8.1/../../../../arm-none-eabi/lib/armv6-m\libc.a(lib_a-strlen.o)
 .ARM.attributes
                0x000003bb       0x2b c:/users/lukasz/mentorgraphics/sourcery_codebench_lite_for_arm_eabi/bin/../lib/gcc/arm-none-eabi/4.8.1/../../../../arm-none-eabi/lib/armv6-m\libc.a(lib_a-strncmp.o)

.debug_frame    0x00000000     0x2758
 .debug_frame   0x00000000      0x4e4 ..\obj\stm32f0xx_rcc.o
 .debug_frame   0x000004e4       0xc8 ..\obj\main.o
 .debug_frame   0x000005ac      0x1cc ..\obj\timers.o
 .debug_frame   0x00000778      0x4bc ..\obj\tasks.o
 .debug_frame   0x00000c34      0x2f0 ..\obj\stm32_hardware_modules.o
 .debug_frame   0x00000f24      0x3f0 ..\obj\stm32f0xx_spi.o
 .debug_frame   0x00001314      0x2d8 ..\obj\keyboard4x4.o
 .debug_frame   0x000015ec       0xb0 ..\obj\list.o
 .debug_frame   0x0000169c      0x630 ..\obj\stm32f0xx_usart.o
 .debug_frame   0x00001ccc      0x430 ..\obj\queue.o
 .debug_frame   0x000020fc      0x170 ..\obj\port.o
 .debug_frame   0x0000226c       0x68 ..\obj\system_stm32f0xx.o
 .debug_frame   0x000022d4      0x1f8 ..\obj\nRF24L01+.o
 .debug_frame   0x000024cc      0x110 ..\obj\stm32f0xx_syscfg.o
 .debug_frame   0x000025dc       0xa8 ..\obj\heap_2.o
 .debug_frame   0x00002684       0x20 c:/users/lukasz/mentorgraphics/sourcery_codebench_lite_for_arm_eabi/bin/../lib/gcc/arm-none-eabi/4.8.1/armv6-m\libgcc.a(_udivsi3.o)
 .debug_frame   0x000026a4       0x30 c:/users/lukasz/mentorgraphics/sourcery_codebench_lite_for_arm_eabi/bin/../lib/gcc/arm-none-eabi/4.8.1/../../../../arm-none-eabi/lib/armv6-m\libc.a(lib_a-memcpy-stub.o)
 .debug_frame   0x000026d4       0x38 c:/users/lukasz/mentorgraphics/sourcery_codebench_lite_for_arm_eabi/bin/../lib/gcc/arm-none-eabi/4.8.1/../../../../arm-none-eabi/lib/armv6-m\libc.a(lib_a-memset.o)
 .debug_frame   0x0000270c       0x20 c:/users/lukasz/mentorgraphics/sourcery_codebench_lite_for_arm_eabi/bin/../lib/gcc/arm-none-eabi/4.8.1/../../../../arm-none-eabi/lib/armv6-m\libc.a(lib_a-strlen.o)
 .debug_frame   0x0000272c       0x2c c:/users/lukasz/mentorgraphics/sourcery_codebench_lite_for_arm_eabi/bin/../lib/gcc/arm-none-eabi/4.8.1/../../../../arm-none-eabi/lib/armv6-m\libc.a(lib_a-strncmp.o)
