Archive member included because of file (symbol)

c:/siliconlabs/simplicitystudio/v2/developer/toolchains/gnu_arm/4.8_2013q4/bin/../lib/gcc/arm-none-eabi/4.8.3/../../../../arm-none-eabi/lib/armv7-m\libc_s.a(lib_a-abs.o)
                              ./drivers/segmentlcd.o (abs)
c:/siliconlabs/simplicitystudio/v2/developer/toolchains/gnu_arm/4.8_2013q4/bin/../lib/gcc/arm-none-eabi/4.8.3/../../../../arm-none-eabi/lib/armv7-m\libc_s.a(lib_a-exit.o)
                              c:/siliconlabs/simplicitystudio/v2/developer/toolchains/gnu_arm/4.8_2013q4/bin/../lib/gcc/arm-none-eabi/4.8.3/../../../../arm-none-eabi/lib/armv7-m/crt0.o (exit)
c:/siliconlabs/simplicitystudio/v2/developer/toolchains/gnu_arm/4.8_2013q4/bin/../lib/gcc/arm-none-eabi/4.8.3/../../../../arm-none-eabi/lib/armv7-m\libc_s.a(lib_a-impure.o)
                              c:/siliconlabs/simplicitystudio/v2/developer/toolchains/gnu_arm/4.8_2013q4/bin/../lib/gcc/arm-none-eabi/4.8.3/../../../../arm-none-eabi/lib/armv7-m\libc_s.a(lib_a-exit.o) (_global_impure_ptr)
c:/siliconlabs/simplicitystudio/v2/developer/toolchains/gnu_arm/4.8_2013q4/bin/../lib/gcc/arm-none-eabi/4.8.3/../../../../arm-none-eabi/lib/armv7-m\libc_s.a(lib_a-init.o)
                              c:/siliconlabs/simplicitystudio/v2/developer/toolchains/gnu_arm/4.8_2013q4/bin/../lib/gcc/arm-none-eabi/4.8.3/../../../../arm-none-eabi/lib/armv7-m/crt0.o (__libc_init_array)
c:/siliconlabs/simplicitystudio/v2/developer/toolchains/gnu_arm/4.8_2013q4/bin/../lib/gcc/arm-none-eabi/4.8.3/../../../../arm-none-eabi/lib/armv7-m\libc_s.a(lib_a-memcpy-stub.o)
                              ./drivers/usb/cdc.o (memcpy)
c:/siliconlabs/simplicitystudio/v2/developer/toolchains/gnu_arm/4.8_2013q4/bin/../lib/gcc/arm-none-eabi/4.8.3/../../../../arm-none-eabi/lib/armv7-m\libc_s.a(lib_a-memset.o)
                              c:/siliconlabs/simplicitystudio/v2/developer/toolchains/gnu_arm/4.8_2013q4/bin/../lib/gcc/arm-none-eabi/4.8.3/../../../../arm-none-eabi/lib/armv7-m/crt0.o (memset)
c:/siliconlabs/simplicitystudio/v2/developer/toolchains/gnu_arm/4.8_2013q4/bin/../lib/gcc/arm-none-eabi/4.8.3/../../../../arm-none-eabi/lib/armv7-m\libc_s.a(lib_a-strlen.o)
                              ./src/utils.o (strlen)
c:/siliconlabs/simplicitystudio/v2/developer/toolchains/gnu_arm/4.8_2013q4/bin/../lib/gcc/arm-none-eabi/4.8.3/../../../../arm-none-eabi/lib/armv7-m\libnosys.a(_exit.o)
                              c:/siliconlabs/simplicitystudio/v2/developer/toolchains/gnu_arm/4.8_2013q4/bin/../lib/gcc/arm-none-eabi/4.8.3/../../../../arm-none-eabi/lib/armv7-m\libc_s.a(lib_a-exit.o) (_exit)

Allocating common symbols
Common symbol       size              file

SystemCoreClock     0x4               ./CMSIS/efm32gg/system_efm32gg.o
msTicks             0x4               ./src/utils.o

Discarded input sections

 .text          0x00000000        0x0 c:/siliconlabs/simplicitystudio/v2/developer/toolchains/gnu_arm/4.8_2013q4/bin/../lib/gcc/arm-none-eabi/4.8.3/armv7-m/crti.o
 .data          0x00000000        0x0 c:/siliconlabs/simplicitystudio/v2/developer/toolchains/gnu_arm/4.8_2013q4/bin/../lib/gcc/arm-none-eabi/4.8.3/armv7-m/crti.o
 .bss           0x00000000        0x0 c:/siliconlabs/simplicitystudio/v2/developer/toolchains/gnu_arm/4.8_2013q4/bin/../lib/gcc/arm-none-eabi/4.8.3/armv7-m/crti.o
 .data          0x00000000        0x4 c:/siliconlabs/simplicitystudio/v2/developer/toolchains/gnu_arm/4.8_2013q4/bin/../lib/gcc/arm-none-eabi/4.8.3/armv7-m/crtbegin.o
 .data          0x00000000        0x0 c:/siliconlabs/simplicitystudio/v2/developer/toolchains/gnu_arm/4.8_2013q4/bin/../lib/gcc/arm-none-eabi/4.8.3/../../../../arm-none-eabi/lib/armv7-m/crt0.o
 .bss           0x00000000        0x0 c:/siliconlabs/simplicitystudio/v2/developer/toolchains/gnu_arm/4.8_2013q4/bin/../lib/gcc/arm-none-eabi/4.8.3/../../../../arm-none-eabi/lib/armv7-m/crt0.o
 .ARM.extab     0x00000000        0x0 c:/siliconlabs/simplicitystudio/v2/developer/toolchains/gnu_arm/4.8_2013q4/bin/../lib/gcc/arm-none-eabi/4.8.3/../../../../arm-none-eabi/lib/armv7-m/crt0.o
 .text          0x00000000        0x0 ./src/main.o
 .data          0x00000000        0x0 ./src/main.o
 .bss           0x00000000        0x0 ./src/main.o
 .text          0x00000000        0x0 ./src/utils.o
 .data          0x00000000        0x0 ./src/utils.o
 .bss           0x00000000        0x0 ./src/utils.o
 .text.Delay    0x00000000       0x14 ./src/utils.o
 .text.utilsInit
                0x00000000       0x68 ./src/utils.o
 .text          0x00000000        0x0 ./emlib/em_assert.o
 .data          0x00000000        0x0 ./emlib/em_assert.o
 .bss           0x00000000        0x0 ./emlib/em_assert.o
 .debug_line    0x00000000        0x0 ./emlib/em_assert.o
 .debug_str     0x00000000        0x0 ./emlib/em_assert.o
 .comment       0x00000000       0x71 ./emlib/em_assert.o
 .ARM.attributes
                0x00000000       0x33 ./emlib/em_assert.o
 .text          0x00000000        0x0 ./emlib/em_cmu.o
 .data          0x00000000        0x0 ./emlib/em_cmu.o
 .bss           0x00000000        0x0 ./emlib/em_cmu.o
 .text.CMU_Calibrate
                0x00000000       0x78 ./emlib/em_cmu.o
 .text.CMU_CalibrateConfig
                0x00000000       0xac ./emlib/em_cmu.o
 .text.CMU_ClockDivGet
                0x00000000      0x110 ./emlib/em_cmu.o
 .text.CMU_FreezeEnable
                0x00000000       0x1c ./emlib/em_cmu.o
 .text.CMU_AUXHFRCOBandGet
                0x00000000       0x10 ./emlib/em_cmu.o
 .text.CMU_AUXHFRCOBandSet
                0x00000000       0x7c ./emlib/em_cmu.o
 .text.CMU_HFRCOBandGet
                0x00000000       0x10 ./emlib/em_cmu.o
 .text.CMU_HFRCOBandSet
                0x00000000       0xe4 ./emlib/em_cmu.o
 .text.CMU_HFRCOStartupDelayGet
                0x00000000       0x10 ./emlib/em_cmu.o
 .text.CMU_HFRCOStartupDelaySet
                0x00000000       0x30 ./emlib/em_cmu.o
 .text.CMU_LCDClkFDIVGet
                0x00000000       0x10 ./emlib/em_cmu.o
 .text.CMU_OscillatorTuningGet
                0x00000000       0x40 ./emlib/em_cmu.o
 .text.CMU_OscillatorTuningSet
                0x00000000       0x88 ./emlib/em_cmu.o
 .text.CMU_PCNTClockExternalGet
                0x00000000       0x44 ./emlib/em_cmu.o
 .text.CMU_PCNTClockExternalSet
                0x00000000       0x28 ./emlib/em_cmu.o
 .text          0x00000000        0x0 ./emlib/em_dma.o
 .data          0x00000000        0x0 ./emlib/em_dma.o
 .bss           0x00000000        0x0 ./emlib/em_dma.o
 .text.DMA_ActivateAuto
                0x00000000       0xb4 ./emlib/em_dma.o
 .text.DMA_ActivateBasic
                0x00000000       0xc8 ./emlib/em_dma.o
 .text.DMA_ActivatePingPong
                0x00000000      0x138 ./emlib/em_dma.o
 .text.DMA_ActivateScatterGather
                0x00000000       0xf8 ./emlib/em_dma.o
 .text.DMA_CfgChannel
                0x00000000       0x7c ./emlib/em_dma.o
 .text.DMA_CfgDescr
                0x00000000       0x60 ./emlib/em_dma.o
 .text.DMA_CfgLoop
                0x00000000       0x60 ./emlib/em_dma.o
 .text.DMA_CfgRect
                0x00000000       0x68 ./emlib/em_dma.o
 .text.DMA_CfgDescrScatterGather
                0x00000000       0xa0 ./emlib/em_dma.o
 .text.DMA_ChannelEnable
                0x00000000       0x30 ./emlib/em_dma.o
 .text.DMA_ChannelEnabled
                0x00000000       0x28 ./emlib/em_dma.o
 .text.DMA_Init
                0x00000000       0xf8 ./emlib/em_dma.o
 .text.DMA_RefreshPingPong
                0x00000000       0xb0 ./emlib/em_dma.o
 .text.DMA_Reset
                0x00000000       0x9c ./emlib/em_dma.o
 .rodata.str1.4
                0x00000000       0x14 ./emlib/em_dma.o
 .text          0x00000000        0x0 ./emlib/em_ebi.o
 .data          0x00000000        0x0 ./emlib/em_ebi.o
 .bss           0x00000000        0x0 ./emlib/em_ebi.o
 .text.EBI_Disable
                0x00000000       0x10 ./emlib/em_ebi.o
 .text.EBI_BankEnable
                0x00000000       0x34 ./emlib/em_ebi.o
 .text.EBI_BankAddress
                0x00000000       0xb8 ./emlib/em_ebi.o
 .text.EBI_ChipSelectEnable
                0x00000000       0x34 ./emlib/em_ebi.o
 .text.EBI_PolaritySet
                0x00000000       0x90 ./emlib/em_ebi.o
 .text.EBI_ReadTimingSet
                0x00000000       0x58 ./emlib/em_ebi.o
 .text.EBI_WriteTimingSet
                0x00000000       0x58 ./emlib/em_ebi.o
 .text.EBI_AddressTimingSet
                0x00000000       0x44 ./emlib/em_ebi.o
 .text.EBI_TFTInit
                0x00000000      0x1bc ./emlib/em_ebi.o
 .text.EBI_TFTSizeSet
                0x00000000       0x3c ./emlib/em_ebi.o
 .text.EBI_TFTHPorchSet
                0x00000000       0x50 ./emlib/em_ebi.o
 .text.EBI_TFTVPorchSet
                0x00000000       0x50 ./emlib/em_ebi.o
 .text.EBI_TFTTimingSet
                0x00000000       0x68 ./emlib/em_ebi.o
 .text.EBI_BankReadTimingConfig
                0x00000000       0x94 ./emlib/em_ebi.o
 .text.EBI_BankReadTimingSet
                0x00000000       0xb4 ./emlib/em_ebi.o
 .text.EBI_BankWriteTimingConfig
                0x00000000       0x70 ./emlib/em_ebi.o
 .text.EBI_BankWriteTimingSet
                0x00000000       0xb4 ./emlib/em_ebi.o
 .text.EBI_BankAddressTimingConfig
                0x00000000       0x50 ./emlib/em_ebi.o
 .text.EBI_BankAddressTimingSet
                0x00000000       0x9c ./emlib/em_ebi.o
 .text.EBI_Init
                0x00000000      0x6ac ./emlib/em_ebi.o
 .text.EBI_BankPolaritySet
                0x00000000      0x120 ./emlib/em_ebi.o
 .text.EBI_BankByteLaneEnable
                0x00000000       0x50 ./emlib/em_ebi.o
 .text.EBI_AltMapEnable
                0x00000000        0xc ./emlib/em_ebi.o
 .rodata.str1.4
                0x00000000       0x14 ./emlib/em_ebi.o
 .debug_info    0x00000000     0x3648 ./emlib/em_ebi.o
 .debug_abbrev  0x00000000      0x352 ./emlib/em_ebi.o
 .debug_loc     0x00000000     0x3e3a ./emlib/em_ebi.o
 .debug_aranges
                0x00000000       0xd0 ./emlib/em_ebi.o
 .debug_ranges  0x00000000      0x858 ./emlib/em_ebi.o
 .debug_line    0x00000000      0x9ad ./emlib/em_ebi.o
 .debug_str     0x00000000      0xdde ./emlib/em_ebi.o
 .comment       0x00000000       0x71 ./emlib/em_ebi.o
 .ARM.attributes
                0x00000000       0x33 ./emlib/em_ebi.o
 .debug_frame   0x00000000      0x284 ./emlib/em_ebi.o
 .text          0x00000000        0x0 ./emlib/em_emu.o
 .data          0x00000000        0x0 ./emlib/em_emu.o
 .bss           0x00000000        0x0 ./emlib/em_emu.o
 .text.EMU_EnterEM2
                0x00000000      0x10c ./emlib/em_emu.o
 .text.EMU_EnterEM3
                0x00000000      0x128 ./emlib/em_emu.o
 .text.EMU_EnterEM4
                0x00000000       0x24 ./emlib/em_emu.o
 .text.EMU_MemPwrDown
                0x00000000       0x20 ./emlib/em_emu.o
 .text.EMU_EM4Init
                0x00000000       0x2c ./emlib/em_emu.o
 .text.EMU_BUPDInit
                0x00000000       0x70 ./emlib/em_emu.o
 .text.EMU_BUThresholdSet
                0x00000000       0x44 ./emlib/em_emu.o
 .text.EMU_BUThresRangeSet
                0x00000000       0x48 ./emlib/em_emu.o
 .rodata.str1.4
                0x00000000       0x14 ./emlib/em_emu.o
 .text          0x00000000        0x0 ./emlib/em_gpio.o
 .data          0x00000000        0x0 ./emlib/em_gpio.o
 .bss           0x00000000        0x0 ./emlib/em_gpio.o
 .text.GPIO_DbgLocationSet
                0x00000000       0x2c ./emlib/em_gpio.o
 .text.GPIO_DriveModeSet
                0x00000000       0x34 ./emlib/em_gpio.o
 .text.GPIO_IntConfig
                0x00000000       0x88 ./emlib/em_gpio.o
 .text          0x00000000        0x0 ./emlib/em_int.o
 .data          0x00000000        0x0 ./emlib/em_int.o
 .bss           0x00000000        0x0 ./emlib/em_int.o
 .text          0x00000000        0x0 ./emlib/em_lcd.o
 .data          0x00000000        0x0 ./emlib/em_lcd.o
 .bss           0x00000000        0x0 ./emlib/em_lcd.o
 .text.LCD_UpdateCtrl
                0x00000000       0x14 ./emlib/em_lcd.o
 .text.LCD_FrameCountInit
                0x00000000       0x58 ./emlib/em_lcd.o
 .text.LCD_AnimInit
                0x00000000       0x64 ./emlib/em_lcd.o
 .text.LCD_ContrastSet
                0x00000000       0x2c ./emlib/em_lcd.o
 .text.LCD_BiasSegmentSet
                0x00000000       0xac ./emlib/em_lcd.o
 .text.LCD_BiasComSet
                0x00000000       0x38 ./emlib/em_lcd.o
 .text          0x00000000        0x0 ./emlib/em_msc.o
 .data          0x00000000        0x0 ./emlib/em_msc.o
 .bss           0x00000000        0x0 ./emlib/em_msc.o
 .text.MSC_Init
                0x00000000       0x88 ./emlib/em_msc.o
 .text.MSC_Deinit
                0x00000000       0x14 ./emlib/em_msc.o
 .ram           0x00000000      0x2f8 ./emlib/em_msc.o
 .rodata.str1.4
                0x00000000       0x14 ./emlib/em_msc.o
 .debug_info    0x00000000      0x6d1 ./emlib/em_msc.o
 .debug_abbrev  0x00000000      0x244 ./emlib/em_msc.o
 .debug_loc     0x00000000      0x6e7 ./emlib/em_msc.o
 .debug_aranges
                0x00000000       0x50 ./emlib/em_msc.o
 .debug_ranges  0x00000000       0x68 ./emlib/em_msc.o
 .debug_line    0x00000000      0x37d ./emlib/em_msc.o
 .debug_str     0x00000000      0x64a ./emlib/em_msc.o
 .comment       0x00000000       0x71 ./emlib/em_msc.o
 .ARM.attributes
                0x00000000       0x33 ./emlib/em_msc.o
 .debug_frame   0x00000000       0xb0 ./emlib/em_msc.o
 .text          0x00000000        0x0 ./emlib/em_system.o
 .data          0x00000000        0x0 ./emlib/em_system.o
 .bss           0x00000000        0x0 ./emlib/em_system.o
 .text.SYSTEM_GetCalibrationValue
                0x00000000       0x38 ./emlib/em_system.o
 .text          0x00000000        0x0 ./emlib/em_timer.o
 .data          0x00000000        0x0 ./emlib/em_timer.o
 .bss           0x00000000        0x0 ./emlib/em_timer.o
 .text.TIMER_InitDTI
                0x00000000      0x140 ./emlib/em_timer.o
 .text.TIMER_Reset
                0x00000000       0x78 ./emlib/em_timer.o
 .text          0x00000000        0x0 ./emlib/em_usart.o
 .data          0x00000000        0x0 ./emlib/em_usart.o
 .bss           0x00000000        0x0 ./emlib/em_usart.o
 .text.USART_BaudrateAsyncSet
                0x00000000       0xe8 ./emlib/em_usart.o
 .text.USART_BaudrateCalc
                0x00000000       0x50 ./emlib/em_usart.o
 .text.USART_BaudrateGet
                0x00000000       0x74 ./emlib/em_usart.o
 .text.USART_BaudrateSyncSet
                0x00000000       0x60 ./emlib/em_usart.o
 .text.USART_Enable
                0x00000000       0x4c ./emlib/em_usart.o
 .text.USART_InitAsync
                0x00000000      0x1d4 ./emlib/em_usart.o
 .text.USART_InitSync
                0x00000000      0x190 ./emlib/em_usart.o
 .text.USART_InitIrDA
                0x00000000      0x174 ./emlib/em_usart.o
 .text.USART_InitI2s
                0x00000000      0x240 ./emlib/em_usart.o
 .text.USART_InitPrsTrigger
                0x00000000       0x28 ./emlib/em_usart.o
 .text.USART_Reset
                0x00000000       0xa8 ./emlib/em_usart.o
 .text.USART_Rx
                0x00000000        0xc ./emlib/em_usart.o
 .text.USART_RxDouble
                0x00000000        0xc ./emlib/em_usart.o
 .text.USART_RxDoubleExt
                0x00000000        0xc ./emlib/em_usart.o
 .text.USART_RxExt
                0x00000000        0xc ./emlib/em_usart.o
 .text.USART_SpiTransfer
                0x00000000       0x14 ./emlib/em_usart.o
 .text.USART_Tx
                0x00000000        0xc ./emlib/em_usart.o
 .text.USART_TxDouble
                0x00000000        0xc ./emlib/em_usart.o
 .text.USART_TxDoubleExt
                0x00000000        0xc ./emlib/em_usart.o
 .text.USART_TxExt
                0x00000000        0xc ./emlib/em_usart.o
 .rodata.str1.4
                0x00000000       0x14 ./emlib/em_usart.o
 .debug_info    0x00000000     0x16ea ./emlib/em_usart.o
 .debug_abbrev  0x00000000      0x2f6 ./emlib/em_usart.o
 .debug_loc     0x00000000     0x11ae ./emlib/em_usart.o
 .debug_aranges
                0x00000000       0xb8 ./emlib/em_usart.o
 .debug_ranges  0x00000000      0x248 ./emlib/em_usart.o
 .debug_line    0x00000000      0x797 ./emlib/em_usart.o
 .debug_str     0x00000000      0xdeb ./emlib/em_usart.o
 .comment       0x00000000       0x71 ./emlib/em_usart.o
 .ARM.attributes
                0x00000000       0x33 ./emlib/em_usart.o
 .debug_frame   0x00000000      0x1d0 ./emlib/em_usart.o
 .text          0x00000000        0x0 ./drivers/usb/emusb/em_usbd.o
 .data          0x00000000        0x0 ./drivers/usb/emusb/em_usbd.o
 .bss           0x00000000        0x0 ./drivers/usb/emusb/em_usbd.o
 .text.USBD_AbortAllTransfers
                0x00000000       0x2c ./drivers/usb/emusb/em_usbd.o
 .text.USBD_Connect
                0x00000000       0x28 ./drivers/usb/emusb/em_usbd.o
 .text.USBD_Disconnect
                0x00000000       0x28 ./drivers/usb/emusb/em_usbd.o
 .text.USBD_EpIsBusy
                0x00000000       0x50 ./drivers/usb/emusb/em_usbd.o
 .text.USBD_GetUsbStateName
                0x00000000       0x14 ./drivers/usb/emusb/em_usbd.o
 .text.USBD_RemoteWakeup
                0x00000000       0x98 ./drivers/usb/emusb/em_usbd.o
 .text.USBD_SafeToEnterEM2
                0x00000000        0xc ./drivers/usb/emusb/em_usbd.o
 .text.USBD_StallEp
                0x00000000       0xd8 ./drivers/usb/emusb/em_usbd.o
 .text.USBD_Stop
                0x00000000       0x7c ./drivers/usb/emusb/em_usbd.o
 .text.USBD_UnStallEp
                0x00000000       0xd0 ./drivers/usb/emusb/em_usbd.o
 .rodata.stateNames
                0x00000000       0x20 ./drivers/usb/emusb/em_usbd.o
 .text          0x00000000        0x0 ./drivers/usb/emusb/em_usbdch9.o
 .data          0x00000000        0x0 ./drivers/usb/emusb/em_usbdch9.o
 .bss           0x00000000        0x0 ./drivers/usb/emusb/em_usbdch9.o
 .text          0x00000000        0x0 ./drivers/usb/emusb/em_usbdep.o
 .data          0x00000000        0x0 ./drivers/usb/emusb/em_usbdep.o
 .bss           0x00000000        0x0 ./drivers/usb/emusb/em_usbdep.o
 .text          0x00000000        0x0 ./drivers/usb/emusb/em_usbdint.o
 .data          0x00000000        0x0 ./drivers/usb/emusb/em_usbdint.o
 .bss           0x00000000        0x0 ./drivers/usb/emusb/em_usbdint.o
 .text          0x00000000        0x0 ./drivers/usb/emusb/em_usbhal.o
 .data          0x00000000        0x0 ./drivers/usb/emusb/em_usbhal.o
 .bss           0x00000000        0x0 ./drivers/usb/emusb/em_usbhal.o
 .text.USB_GetErrorMsgString
                0x00000000       0x1c ./drivers/usb/emusb/em_usbhal.o
 .text.USBHAL_CoreReset
                0x00000000       0x4c ./drivers/usb/emusb/em_usbhal.o
 .text.USBDHAL_Connect
                0x00000000       0x14 ./drivers/usb/emusb/em_usbhal.o
 .text.USBDHAL_Disconnect
                0x00000000       0x18 ./drivers/usb/emusb/em_usbhal.o
 .rodata.str1.4
                0x00000000      0x160 ./drivers/usb/emusb/em_usbhal.o
 .rodata.errMsg
                0x00000000       0x44 ./drivers/usb/emusb/em_usbhal.o
 .text          0x00000000        0x0 ./drivers/usb/emusb/em_usbtimer.o
 .data          0x00000000        0x0 ./drivers/usb/emusb/em_usbtimer.o
 .bss           0x00000000        0x0 ./drivers/usb/emusb/em_usbtimer.o
 .text.USBTIMER_Start
                0x00000000      0x10c ./drivers/usb/emusb/em_usbtimer.o
 .text.USBTIMER_Stop
                0x00000000       0x5c ./drivers/usb/emusb/em_usbtimer.o
 .bss.timers    0x00000000       0x20 ./drivers/usb/emusb/em_usbtimer.o
 .text          0x00000000        0x0 ./drivers/usb/cdc.o
 .data          0x00000000        0x0 ./drivers/usb/cdc.o
 .bss           0x00000000        0x0 ./drivers/usb/cdc.o
 .text          0x00000000        0x0 ./drivers/usb/descriptors.o
 .data          0x00000000        0x0 ./drivers/usb/descriptors.o
 .bss           0x00000000        0x0 ./drivers/usb/descriptors.o
 .text          0x00000000        0x0 ./drivers/ethspi.o
 .data          0x00000000        0x0 ./drivers/ethspi.o
 .bss           0x00000000        0x0 ./drivers/ethspi.o
 .text.ETHSPI_Init
                0x00000000       0x84 ./drivers/ethspi.o
 .text.ETHSPI_ReadRegister
                0x00000000       0xa8 ./drivers/ethspi.o
 .text.ETHSPI_WriteRegister
                0x00000000       0xa8 ./drivers/ethspi.o
 .text.ETHSPI_StartReadFIFO
                0x00000000       0x24 ./drivers/ethspi.o
 .text.ETHSPI_StartWriteFIFO
                0x00000000       0x24 ./drivers/ethspi.o
 .text.ETHSPI_StopFIFO
                0x00000000        0xc ./drivers/ethspi.o
 .text.ETHSPI_ReadFifoContinue
                0x00000000       0x50 ./drivers/ethspi.o
 .text.ETHSPI_WriteFifoContinue
                0x00000000       0x50 ./drivers/ethspi.o
 .rodata.str1.4
                0x00000000       0x14 ./drivers/ethspi.o
 .rodata.initSpi
                0x00000000       0x18 ./drivers/ethspi.o
 .rodata.bitEnable
                0x00000000        0x8 ./drivers/ethspi.o
 .debug_info    0x00000000     0x10cb ./drivers/ethspi.o
 .debug_abbrev  0x00000000      0x2e6 ./drivers/ethspi.o
 .debug_loc     0x00000000      0x72c ./drivers/ethspi.o
 .debug_aranges
                0x00000000       0x58 ./drivers/ethspi.o
 .debug_ranges  0x00000000      0x1a8 ./drivers/ethspi.o
 .debug_line    0x00000000      0x40e ./drivers/ethspi.o
 .debug_str     0x00000000      0xb80 ./drivers/ethspi.o
 .comment       0x00000000       0x71 ./drivers/ethspi.o
 .ARM.attributes
                0x00000000       0x33 ./drivers/ethspi.o
 .debug_frame   0x00000000       0xd0 ./drivers/ethspi.o
 .text          0x00000000        0x0 ./drivers/gpiointerrupt.o
 .data          0x00000000        0x0 ./drivers/gpiointerrupt.o
 .bss           0x00000000        0x0 ./drivers/gpiointerrupt.o
 .text.GPIOINT_Init
                0x00000000       0x1c ./drivers/gpiointerrupt.o
 .text.GPIOINT_CallbackRegister
                0x00000000       0x38 ./drivers/gpiointerrupt.o
 .text          0x00000000        0x0 ./drivers/segmentlcd.o
 .data          0x00000000        0x0 ./drivers/segmentlcd.o
 .bss           0x00000000        0x0 ./drivers/segmentlcd.o
 .text.SegmentLCD_AllOn
                0x00000000       0xcc ./drivers/segmentlcd.o
 .text.SegmentLCD_ARing
                0x00000000       0x20 ./drivers/segmentlcd.o
 .text.SegmentLCD_Battery
                0x00000000       0x3c ./drivers/segmentlcd.o
 .text.SegmentLCD_Disable
                0x00000000       0x30 ./drivers/segmentlcd.o
 .text.SegmentLCD_EnergyMode
                0x00000000       0x20 ./drivers/segmentlcd.o
 .text.SegmentLCD_LowerHex
                0x00000000      0x308 ./drivers/segmentlcd.o
 .text.SegmentLCD_LowerNumber
                0x00000000      0x424 ./drivers/segmentlcd.o
 .text.SegmentLCD_Number
                0x00000000      0x190 ./drivers/segmentlcd.o
 .text.SegmentLCD_NumberOff
                0x00000000       0x4c ./drivers/segmentlcd.o
 .text.SegmentLCD_UnsignedHex
                0x00000000      0x118 ./drivers/segmentlcd.o
 .rodata.EFM_Numbers
                0x00000000       0x24 ./drivers/segmentlcd.o
 .rodata.str1.4
                0x00000000        0x8 ./drivers/segmentlcd.o
 .text          0x00000000        0x0 ./drivers/sleep.o
 .data          0x00000000        0x0 ./drivers/sleep.o
 .bss           0x00000000        0x0 ./drivers/sleep.o
 .text.SLEEP_Init
                0x00000000       0x3c ./drivers/sleep.o
 .text.SLEEP_Sleep
                0x00000000       0x90 ./drivers/sleep.o
 .text.SLEEP_ForceSleepInEM4
                0x00000000       0x30 ./drivers/sleep.o
 .text.SLEEP_SleepBlockBegin
                0x00000000       0x50 ./drivers/sleep.o
 .text.SLEEP_SleepBlockEnd
                0x00000000       0x38 ./drivers/sleep.o
 .text.SLEEP_LowestEnergyModeGet
                0x00000000       0x24 ./drivers/sleep.o
 .bss.wakeUpCallback
                0x00000000        0x4 ./drivers/sleep.o
 .bss.sleepCallback
                0x00000000        0x4 ./drivers/sleep.o
 .rodata.str1.4
                0x00000000       0x14 ./drivers/sleep.o
 .bss.sleepBlockCnt
                0x00000000        0x4 ./drivers/sleep.o
 .debug_info    0x00000000      0x925 ./drivers/sleep.o
 .debug_abbrev  0x00000000      0x398 ./drivers/sleep.o
 .debug_loc     0x00000000      0x2de ./drivers/sleep.o
 .debug_aranges
                0x00000000       0x48 ./drivers/sleep.o
 .debug_ranges  0x00000000       0xe8 ./drivers/sleep.o
 .debug_line    0x00000000      0x35f ./drivers/sleep.o
 .debug_str     0x00000000      0x4d2 ./drivers/sleep.o
 .comment       0x00000000       0x71 ./drivers/sleep.o
 .ARM.attributes
                0x00000000       0x33 ./drivers/sleep.o
 .debug_frame   0x00000000       0xa4 ./drivers/sleep.o
 .data          0x00000000        0x0 ./CMSIS/efm32gg/startup_gcc_efm32gg.o
 .bss           0x00000000        0x0 ./CMSIS/efm32gg/startup_gcc_efm32gg.o
 .text          0x00000000        0x0 ./CMSIS/efm32gg/system_efm32gg.o
 .data          0x00000000        0x0 ./CMSIS/efm32gg/system_efm32gg.o
 .bss           0x00000000        0x0 ./CMSIS/efm32gg/system_efm32gg.o
 .text.SystemHFXOClockSet
                0x00000000       0xe4 ./CMSIS/efm32gg/system_efm32gg.o
 .text.SystemLFXOClockSet
                0x00000000       0xe4 ./CMSIS/efm32gg/system_efm32gg.o
 .text          0x00000000        0x0 ./BSP/bsp_bcc.o
 .data          0x00000000        0x0 ./BSP/bsp_bcc.o
 .bss           0x00000000        0x0 ./BSP/bsp_bcc.o
 .text.BSP_BccDeInit
                0x00000000       0x60 ./BSP/bsp_bcc.o
 .text.BSP_BccInit
                0x00000000       0x94 ./BSP/bsp_bcc.o
 .text.BSP_BccPacketReceive
                0x00000000       0x98 ./BSP/bsp_bcc.o
 .text.BSP_BccPacketSend
                0x00000000       0x78 ./BSP/bsp_bcc.o
 .text.BSP_BccPinsEnable
                0x00000000       0x70 ./BSP/bsp_bcc.o
 .rodata        0x00000000       0x18 ./BSP/bsp_bcc.o
 .bss.rxByteCount
                0x00000000        0x4 ./BSP/bsp_bcc.o
 .bss.txByteCount
                0x00000000        0x4 ./BSP/bsp_bcc.o
 .debug_info    0x00000000      0xc5c ./BSP/bsp_bcc.o
 .debug_abbrev  0x00000000      0x25e ./BSP/bsp_bcc.o
 .debug_loc     0x00000000      0x2ce ./BSP/bsp_bcc.o
 .debug_aranges
                0x00000000       0x40 ./BSP/bsp_bcc.o
 .debug_ranges  0x00000000      0x130 ./BSP/bsp_bcc.o
 .debug_line    0x00000000      0x39f ./BSP/bsp_bcc.o
 .debug_str     0x00000000      0xae7 ./BSP/bsp_bcc.o
 .comment       0x00000000       0x71 ./BSP/bsp_bcc.o
 .ARM.attributes
                0x00000000       0x33 ./BSP/bsp_bcc.o
 .debug_frame   0x00000000       0x9c ./BSP/bsp_bcc.o
 .text          0x00000000        0x0 ./BSP/bsp_stk.o
 .data          0x00000000        0x0 ./BSP/bsp_stk.o
 .bss           0x00000000        0x0 ./BSP/bsp_stk.o
 .text.BSP_Disable
                0x00000000        0xc ./BSP/bsp_stk.o
 .text.BSP_EbiInit
                0x00000000      0x110 ./BSP/bsp_stk.o
 .text.BSP_EbiDeInit
                0x00000000        0x4 ./BSP/bsp_stk.o
 .text.BSP_Init
                0x00000000       0x10 ./BSP/bsp_stk.o
 .text.BSP_CurrentGet
                0x00000000       0x30 ./BSP/bsp_stk.o
 .text.BSP_VoltageGet
                0x00000000       0x30 ./BSP/bsp_stk.o
 .rodata        0x00000000       0x50 ./BSP/bsp_stk.o
 .debug_info    0x00000000      0xe23 ./BSP/bsp_stk.o
 .debug_abbrev  0x00000000      0x1ff ./BSP/bsp_stk.o
 .debug_loc     0x00000000       0xe8 ./BSP/bsp_stk.o
 .debug_aranges
                0x00000000       0x48 ./BSP/bsp_stk.o
 .debug_ranges  0x00000000       0x38 ./BSP/bsp_stk.o
 .debug_line    0x00000000      0x2c3 ./BSP/bsp_stk.o
 .debug_str     0x00000000      0xc44 ./BSP/bsp_stk.o
 .comment       0x00000000       0x71 ./BSP/bsp_stk.o
 .ARM.attributes
                0x00000000       0x33 ./BSP/bsp_stk.o
 .debug_frame   0x00000000       0xa0 ./BSP/bsp_stk.o
 .text          0x00000000        0x0 ./BSP/bsp_stk_leds.o
 .data          0x00000000        0x0 ./BSP/bsp_stk_leds.o
 .bss           0x00000000        0x0 ./BSP/bsp_stk_leds.o
 .text.BSP_LedsGet
                0x00000000       0x1c ./BSP/bsp_stk_leds.o
 .text.BSP_LedsSet
                0x00000000       0x2c ./BSP/bsp_stk_leds.o
 .text.BSP_LedClear
                0x00000000       0x4c ./BSP/bsp_stk_leds.o
 .text.BSP_LedGet
                0x00000000       0x4c ./BSP/bsp_stk_leds.o
 .text.BSP_LedSet
                0x00000000       0x4c ./BSP/bsp_stk_leds.o
 .text          0x00000000        0x0 ./BSP/bsp_trace.o
 .data          0x00000000        0x0 ./BSP/bsp_trace.o
 .bss           0x00000000        0x0 ./BSP/bsp_trace.o
 .text.BSP_TraceSwoSetup
                0x00000000       0xb4 ./BSP/bsp_trace.o
 .text          0x00000000        0x0 c:/siliconlabs/simplicitystudio/v2/developer/toolchains/gnu_arm/4.8_2013q4/bin/../lib/gcc/arm-none-eabi/4.8.3/../../../../arm-none-eabi/lib/armv7-m\libc_s.a(lib_a-abs.o)
 .data          0x00000000        0x0 c:/siliconlabs/simplicitystudio/v2/developer/toolchains/gnu_arm/4.8_2013q4/bin/../lib/gcc/arm-none-eabi/4.8.3/../../../../arm-none-eabi/lib/armv7-m\libc_s.a(lib_a-abs.o)
 .bss           0x00000000        0x0 c:/siliconlabs/simplicitystudio/v2/developer/toolchains/gnu_arm/4.8_2013q4/bin/../lib/gcc/arm-none-eabi/4.8.3/../../../../arm-none-eabi/lib/armv7-m\libc_s.a(lib_a-abs.o)
 .text.abs      0x00000000        0x8 c:/siliconlabs/simplicitystudio/v2/developer/toolchains/gnu_arm/4.8_2013q4/bin/../lib/gcc/arm-none-eabi/4.8.3/../../../../arm-none-eabi/lib/armv7-m\libc_s.a(lib_a-abs.o)
 .ARM.attributes
                0x00000000       0x2d c:/siliconlabs/simplicitystudio/v2/developer/toolchains/gnu_arm/4.8_2013q4/bin/../lib/gcc/arm-none-eabi/4.8.3/../../../../arm-none-eabi/lib/armv7-m\libc_s.a(lib_a-abs.o)
 .debug_frame   0x00000000       0x20 c:/siliconlabs/simplicitystudio/v2/developer/toolchains/gnu_arm/4.8_2013q4/bin/../lib/gcc/arm-none-eabi/4.8.3/../../../../arm-none-eabi/lib/armv7-m\libc_s.a(lib_a-abs.o)
 .text          0x00000000        0x0 c:/siliconlabs/simplicitystudio/v2/developer/toolchains/gnu_arm/4.8_2013q4/bin/../lib/gcc/arm-none-eabi/4.8.3/../../../../arm-none-eabi/lib/armv7-m\libc_s.a(lib_a-exit.o)
 .data          0x00000000        0x0 c:/siliconlabs/simplicitystudio/v2/developer/toolchains/gnu_arm/4.8_2013q4/bin/../lib/gcc/arm-none-eabi/4.8.3/../../../../arm-none-eabi/lib/armv7-m\libc_s.a(lib_a-exit.o)
 .bss           0x00000000        0x0 c:/siliconlabs/simplicitystudio/v2/developer/toolchains/gnu_arm/4.8_2013q4/bin/../lib/gcc/arm-none-eabi/4.8.3/../../../../arm-none-eabi/lib/armv7-m\libc_s.a(lib_a-exit.o)
 .text          0x00000000        0x0 c:/siliconlabs/simplicitystudio/v2/developer/toolchains/gnu_arm/4.8_2013q4/bin/../lib/gcc/arm-none-eabi/4.8.3/../../../../arm-none-eabi/lib/armv7-m\libc_s.a(lib_a-impure.o)
 .data          0x00000000        0x0 c:/siliconlabs/simplicitystudio/v2/developer/toolchains/gnu_arm/4.8_2013q4/bin/../lib/gcc/arm-none-eabi/4.8.3/../../../../arm-none-eabi/lib/armv7-m\libc_s.a(lib_a-impure.o)
 .bss           0x00000000        0x0 c:/siliconlabs/simplicitystudio/v2/developer/toolchains/gnu_arm/4.8_2013q4/bin/../lib/gcc/arm-none-eabi/4.8.3/../../../../arm-none-eabi/lib/armv7-m\libc_s.a(lib_a-impure.o)
 .data._impure_ptr
                0x00000000        0x4 c:/siliconlabs/simplicitystudio/v2/developer/toolchains/gnu_arm/4.8_2013q4/bin/../lib/gcc/arm-none-eabi/4.8.3/../../../../arm-none-eabi/lib/armv7-m\libc_s.a(lib_a-impure.o)
 .text          0x00000000        0x0 c:/siliconlabs/simplicitystudio/v2/developer/toolchains/gnu_arm/4.8_2013q4/bin/../lib/gcc/arm-none-eabi/4.8.3/../../../../arm-none-eabi/lib/armv7-m\libc_s.a(lib_a-init.o)
 .data          0x00000000        0x0 c:/siliconlabs/simplicitystudio/v2/developer/toolchains/gnu_arm/4.8_2013q4/bin/../lib/gcc/arm-none-eabi/4.8.3/../../../../arm-none-eabi/lib/armv7-m\libc_s.a(lib_a-init.o)
 .bss           0x00000000        0x0 c:/siliconlabs/simplicitystudio/v2/developer/toolchains/gnu_arm/4.8_2013q4/bin/../lib/gcc/arm-none-eabi/4.8.3/../../../../arm-none-eabi/lib/armv7-m\libc_s.a(lib_a-init.o)
 .text          0x00000000        0x0 c:/siliconlabs/simplicitystudio/v2/developer/toolchains/gnu_arm/4.8_2013q4/bin/../lib/gcc/arm-none-eabi/4.8.3/../../../../arm-none-eabi/lib/armv7-m\libc_s.a(lib_a-memcpy-stub.o)
 .data          0x00000000        0x0 c:/siliconlabs/simplicitystudio/v2/developer/toolchains/gnu_arm/4.8_2013q4/bin/../lib/gcc/arm-none-eabi/4.8.3/../../../../arm-none-eabi/lib/armv7-m\libc_s.a(lib_a-memcpy-stub.o)
 .bss           0x00000000        0x0 c:/siliconlabs/simplicitystudio/v2/developer/toolchains/gnu_arm/4.8_2013q4/bin/../lib/gcc/arm-none-eabi/4.8.3/../../../../arm-none-eabi/lib/armv7-m\libc_s.a(lib_a-memcpy-stub.o)
 .text          0x00000000        0x0 c:/siliconlabs/simplicitystudio/v2/developer/toolchains/gnu_arm/4.8_2013q4/bin/../lib/gcc/arm-none-eabi/4.8.3/../../../../arm-none-eabi/lib/armv7-m\libc_s.a(lib_a-memset.o)
 .data          0x00000000        0x0 c:/siliconlabs/simplicitystudio/v2/developer/toolchains/gnu_arm/4.8_2013q4/bin/../lib/gcc/arm-none-eabi/4.8.3/../../../../arm-none-eabi/lib/armv7-m\libc_s.a(lib_a-memset.o)
 .bss           0x00000000        0x0 c:/siliconlabs/simplicitystudio/v2/developer/toolchains/gnu_arm/4.8_2013q4/bin/../lib/gcc/arm-none-eabi/4.8.3/../../../../arm-none-eabi/lib/armv7-m\libc_s.a(lib_a-memset.o)
 .text          0x00000000        0x0 c:/siliconlabs/simplicitystudio/v2/developer/toolchains/gnu_arm/4.8_2013q4/bin/../lib/gcc/arm-none-eabi/4.8.3/../../../../arm-none-eabi/lib/armv7-m\libc_s.a(lib_a-strlen.o)
 .data          0x00000000        0x0 c:/siliconlabs/simplicitystudio/v2/developer/toolchains/gnu_arm/4.8_2013q4/bin/../lib/gcc/arm-none-eabi/4.8.3/../../../../arm-none-eabi/lib/armv7-m\libc_s.a(lib_a-strlen.o)
 .bss           0x00000000        0x0 c:/siliconlabs/simplicitystudio/v2/developer/toolchains/gnu_arm/4.8_2013q4/bin/../lib/gcc/arm-none-eabi/4.8.3/../../../../arm-none-eabi/lib/armv7-m\libc_s.a(lib_a-strlen.o)
 .text          0x00000000        0x0 c:/siliconlabs/simplicitystudio/v2/developer/toolchains/gnu_arm/4.8_2013q4/bin/../lib/gcc/arm-none-eabi/4.8.3/../../../../arm-none-eabi/lib/armv7-m\libnosys.a(_exit.o)
 .data          0x00000000        0x0 c:/siliconlabs/simplicitystudio/v2/developer/toolchains/gnu_arm/4.8_2013q4/bin/../lib/gcc/arm-none-eabi/4.8.3/../../../../arm-none-eabi/lib/armv7-m\libnosys.a(_exit.o)
 .bss           0x00000000        0x0 c:/siliconlabs/simplicitystudio/v2/developer/toolchains/gnu_arm/4.8_2013q4/bin/../lib/gcc/arm-none-eabi/4.8.3/../../../../arm-none-eabi/lib/armv7-m\libnosys.a(_exit.o)
 .text          0x00000000        0x0 c:/siliconlabs/simplicitystudio/v2/developer/toolchains/gnu_arm/4.8_2013q4/bin/../lib/gcc/arm-none-eabi/4.8.3/armv7-m/crtend.o
 .data          0x00000000        0x0 c:/siliconlabs/simplicitystudio/v2/developer/toolchains/gnu_arm/4.8_2013q4/bin/../lib/gcc/arm-none-eabi/4.8.3/armv7-m/crtend.o
 .bss           0x00000000        0x0 c:/siliconlabs/simplicitystudio/v2/developer/toolchains/gnu_arm/4.8_2013q4/bin/../lib/gcc/arm-none-eabi/4.8.3/armv7-m/crtend.o
 .jcr           0x00000000        0x4 c:/siliconlabs/simplicitystudio/v2/developer/toolchains/gnu_arm/4.8_2013q4/bin/../lib/gcc/arm-none-eabi/4.8.3/armv7-m/crtend.o
 .text          0x00000000        0x0 c:/siliconlabs/simplicitystudio/v2/developer/toolchains/gnu_arm/4.8_2013q4/bin/../lib/gcc/arm-none-eabi/4.8.3/armv7-m/crtn.o
 .data          0x00000000        0x0 c:/siliconlabs/simplicitystudio/v2/developer/toolchains/gnu_arm/4.8_2013q4/bin/../lib/gcc/arm-none-eabi/4.8.3/armv7-m/crtn.o
 .bss           0x00000000        0x0 c:/siliconlabs/simplicitystudio/v2/developer/toolchains/gnu_arm/4.8_2013q4/bin/../lib/gcc/arm-none-eabi/4.8.3/armv7-m/crtn.o

Memory Configuration

Name             Origin             Length             Attributes
FLASH            0x00000000         0x00100000         xr
RAM              0x20000000         0x00020000         xrw
*default*        0x00000000         0xffffffff

Linker script and memory map

LOAD c:/siliconlabs/simplicitystudio/v2/developer/toolchains/gnu_arm/4.8_2013q4/bin/../lib/gcc/arm-none-eabi/4.8.3/armv7-m/crti.o
LOAD c:/siliconlabs/simplicitystudio/v2/developer/toolchains/gnu_arm/4.8_2013q4/bin/../lib/gcc/arm-none-eabi/4.8.3/armv7-m/crtbegin.o
LOAD c:/siliconlabs/simplicitystudio/v2/developer/toolchains/gnu_arm/4.8_2013q4/bin/../lib/gcc/arm-none-eabi/4.8.3/../../../../arm-none-eabi/lib/armv7-m/crt0.o
LOAD ./src/main.o
LOAD ./src/utils.o
LOAD ./emlib/em_assert.o
LOAD ./emlib/em_cmu.o
LOAD ./emlib/em_dma.o
LOAD ./emlib/em_ebi.o
LOAD ./emlib/em_emu.o
LOAD ./emlib/em_gpio.o
LOAD ./emlib/em_int.o
LOAD ./emlib/em_lcd.o
LOAD ./emlib/em_msc.o
LOAD ./emlib/em_system.o
LOAD ./emlib/em_timer.o
LOAD ./emlib/em_usart.o
LOAD ./drivers/usb/emusb/em_usbd.o
LOAD ./drivers/usb/emusb/em_usbdch9.o
LOAD ./drivers/usb/emusb/em_usbdep.o
LOAD ./drivers/usb/emusb/em_usbdint.o
LOAD ./drivers/usb/emusb/em_usbhal.o
LOAD ./drivers/usb/emusb/em_usbtimer.o
LOAD ./drivers/usb/cdc.o
LOAD ./drivers/usb/descriptors.o
LOAD ./drivers/ethspi.o
LOAD ./drivers/gpiointerrupt.o
LOAD ./drivers/segmentlcd.o
LOAD ./drivers/sleep.o
LOAD ./CMSIS/efm32gg/startup_gcc_efm32gg.o
LOAD ./CMSIS/efm32gg/system_efm32gg.o
LOAD ./BSP/bsp_bcc.o
LOAD ./BSP/bsp_stk.o
LOAD ./BSP/bsp_stk_leds.o
LOAD ./BSP/bsp_trace.o
START GROUP
LOAD c:/siliconlabs/simplicitystudio/v2/developer/toolchains/gnu_arm/4.8_2013q4/bin/../lib/gcc/arm-none-eabi/4.8.3/armv7-m\libgcc.a
LOAD c:/siliconlabs/simplicitystudio/v2/developer/toolchains/gnu_arm/4.8_2013q4/bin/../lib/gcc/arm-none-eabi/4.8.3/../../../../arm-none-eabi/lib/armv7-m\libc_s.a
LOAD c:/siliconlabs/simplicitystudio/v2/developer/toolchains/gnu_arm/4.8_2013q4/bin/../lib/gcc/arm-none-eabi/4.8.3/../../../../arm-none-eabi/lib/armv7-m\libnosys.a
END GROUP
START GROUP
LOAD c:/siliconlabs/simplicitystudio/v2/developer/toolchains/gnu_arm/4.8_2013q4/bin/../lib/gcc/arm-none-eabi/4.8.3/armv7-m\libgcc.a
LOAD c:/siliconlabs/simplicitystudio/v2/developer/toolchains/gnu_arm/4.8_2013q4/bin/../lib/gcc/arm-none-eabi/4.8.3/../../../../arm-none-eabi/lib/armv7-m\libg_s.a
LOAD c:/siliconlabs/simplicitystudio/v2/developer/toolchains/gnu_arm/4.8_2013q4/bin/../lib/gcc/arm-none-eabi/4.8.3/../../../../arm-none-eabi/lib/armv7-m\libc_s.a
END GROUP
START GROUP
LOAD c:/siliconlabs/simplicitystudio/v2/developer/toolchains/gnu_arm/4.8_2013q4/bin/../lib/gcc/arm-none-eabi/4.8.3/armv7-m\libgcc.a
LOAD c:/siliconlabs/simplicitystudio/v2/developer/toolchains/gnu_arm/4.8_2013q4/bin/../lib/gcc/arm-none-eabi/4.8.3/../../../../arm-none-eabi/lib/armv7-m\libc_s.a
END GROUP
LOAD c:/siliconlabs/simplicitystudio/v2/developer/toolchains/gnu_arm/4.8_2013q4/bin/../lib/gcc/arm-none-eabi/4.8.3/armv7-m/crtend.o
LOAD c:/siliconlabs/simplicitystudio/v2/developer/toolchains/gnu_arm/4.8_2013q4/bin/../lib/gcc/arm-none-eabi/4.8.3/armv7-m/crtn.o

.text           0x00000000     0x5840
 *(.isr_vector)
 .isr_vector    0x00000000      0x100 ./CMSIS/efm32gg/startup_gcc_efm32gg.o
                0x00000000                __isr_vector
 *(.text*)
 .text          0x00000100       0x54 c:/siliconlabs/simplicitystudio/v2/developer/toolchains/gnu_arm/4.8_2013q4/bin/../lib/gcc/arm-none-eabi/4.8.3/armv7-m/crtbegin.o
 .text          0x00000154       0x74 c:/siliconlabs/simplicitystudio/v2/developer/toolchains/gnu_arm/4.8_2013q4/bin/../lib/gcc/arm-none-eabi/4.8.3/../../../../arm-none-eabi/lib/armv7-m/crt0.o
                0x00000154                _start
                0x00000154                _mainCRTStartup
 .text.startup.main
                0x000001c8       0xa0 ./src/main.o
                0x000001c8                main
 .text.TIMER0_IRQHandler
                0x00000268       0x1c ./src/utils.o
                0x00000268                TIMER0_IRQHandler
 .text.USB_DEBUG_PUTS
                0x00000284       0x18 ./src/utils.o
                0x00000284                USB_DEBUG_PUTS
 .text.CMU_FlashWaitStateControl
                0x0000029c       0x98 ./emlib/em_cmu.o
 .text.CMU_ClockSelectGet
                0x00000334       0xd0 ./emlib/em_cmu.o
                0x00000334                CMU_ClockSelectGet
 .text.CMU_ClockFreqGet
                0x00000404      0x478 ./emlib/em_cmu.o
                0x00000404                CMU_ClockFreqGet
 .text.CMU_ClockDivSet
                0x0000087c      0x42c ./emlib/em_cmu.o
                0x0000087c                CMU_ClockDivSet
 .text.CMU_ClockEnable
                0x00000ca8      0x114 ./emlib/em_cmu.o
                0x00000ca8                CMU_ClockEnable
 .text.CMU_ClockSelectSet
                0x00000dbc      0x334 ./emlib/em_cmu.o
                0x00000dbc                CMU_ClockSelectSet
 .text.CMU_LCDClkFDIVSet
                0x000010f0       0x34 ./emlib/em_cmu.o
                0x000010f0                CMU_LCDClkFDIVSet
 .text.CMU_OscillatorEnable
                0x00001124       0x60 ./emlib/em_cmu.o
                0x00001124                CMU_OscillatorEnable
 .text.DMA_IRQHandler
                0x00001184       0x80 ./emlib/em_dma.o
                0x00001184                DMA_IRQHandler
 .text.EMU_UpdateOscConfig
                0x00001204       0x14 ./emlib/em_emu.o
                0x00001204                EMU_UpdateOscConfig
 .text.GPIO_PinModeSet
                0x00001218       0xc8 ./emlib/em_gpio.o
                0x00001218                GPIO_PinModeSet
 .text.LCD_Init
                0x000012e0       0x54 ./emlib/em_lcd.o
                0x000012e0                LCD_Init
 .text.LCD_VLCDSelect
                0x00001334       0x1c ./emlib/em_lcd.o
                0x00001334                LCD_VLCDSelect
 .text.LCD_SegmentRangeEnable
                0x00001350       0x18 ./emlib/em_lcd.o
                0x00001350                LCD_SegmentRangeEnable
 .text.LCD_SegmentSet
                0x00001368      0x10c ./emlib/em_lcd.o
                0x00001368                LCD_SegmentSet
 .text.LCD_SegmentSetLow
                0x00001474       0xd0 ./emlib/em_lcd.o
                0x00001474                LCD_SegmentSetLow
 .text.LCD_SegmentSetHigh
                0x00001544       0xc0 ./emlib/em_lcd.o
                0x00001544                LCD_SegmentSetHigh
 .text.LCD_VBoostSet
                0x00001604       0x14 ./emlib/em_lcd.o
                0x00001604                LCD_VBoostSet
 .text.SYSTEM_ChipRevisionGet
                0x00001618       0x48 ./emlib/em_system.o
                0x00001618                SYSTEM_ChipRevisionGet
 .text.TIMER_Init
                0x00001660       0xc8 ./emlib/em_timer.o
                0x00001660                TIMER_Init
 .text.TIMER_InitCC
                0x00001728       0xb0 ./emlib/em_timer.o
                0x00001728                TIMER_InitCC
 .text.USBD_AbortTransfer
                0x000017d8       0xfc ./drivers/usb/emusb/em_usbd.o
                0x000017d8                USBD_AbortTransfer
 .text.USBD_GetUsbState
                0x000018d4       0x10 ./drivers/usb/emusb/em_usbd.o
                0x000018d4                USBD_GetUsbState
 .text.USBD_Init
                0x000018e4      0x3a8 ./drivers/usb/emusb/em_usbd.o
                0x000018e4                USBD_Init
 .text.USBD_Read
                0x00001c8c      0x220 ./drivers/usb/emusb/em_usbd.o
                0x00001c8c                USBD_Read
 .text.USBD_SetUsbState
                0x00001eac       0x30 ./drivers/usb/emusb/em_usbd.o
                0x00001eac                USBD_SetUsbState
 .text.USBD_Write
                0x00001edc      0x224 ./drivers/usb/emusb/em_usbd.o
                0x00001edc                USBD_Write
 .text.USBDCH9_SetupCmd
                0x00002100      0xb48 ./drivers/usb/emusb/em_usbdch9.o
                0x00002100                USBDCH9_SetupCmd
 .text.USBDEP_Ep0Handler
                0x00002c48      0x334 ./drivers/usb/emusb/em_usbdep.o
                0x00002c48                USBDEP_Ep0Handler
 .text.USBDEP_EpHandler
                0x00002f7c       0x68 ./drivers/usb/emusb/em_usbdep.o
                0x00002f7c                USBDEP_EpHandler
 .text.UsbPowerDown.part.4
                0x00002fe4      0x1b4 ./drivers/usb/emusb/em_usbdint.o
 .text.UsbPowerUp.part.5
                0x00003198      0x1e0 ./drivers/usb/emusb/em_usbdint.o
 .text.USB_IRQHandler
                0x00003378      0x5f4 ./drivers/usb/emusb/em_usbdint.o
                0x00003378                USB_IRQHandler
 .text.assertEFM
                0x0000396c        0x4 ./drivers/usb/emusb/em_usbhal.o
                0x0000396c                assertEFM
 .text.USBDHAL_CoreInit
                0x00003970      0x3c0 ./drivers/usb/emusb/em_usbhal.o
                0x00003970                USBDHAL_CoreInit
 .text.USBDHAL_AbortEpIn
                0x00003d30       0xdc ./drivers/usb/emusb/em_usbhal.o
                0x00003d30                USBDHAL_AbortEpIn
 .text.USBDHAL_AbortEpOut
                0x00003e0c       0xfc ./drivers/usb/emusb/em_usbhal.o
                0x00003e0c                USBDHAL_AbortEpOut
 .text.USBDHAL_AbortAllEps
                0x00003f08      0x554 ./drivers/usb/emusb/em_usbhal.o
                0x00003f08                USBDHAL_AbortAllEps
 .text.USBDHAL_AbortAllTransfers
                0x0000445c       0xb8 ./drivers/usb/emusb/em_usbhal.o
                0x0000445c                USBDHAL_AbortAllTransfers
 .text.TIMER1_IRQHandler
                0x00004514       0x78 ./drivers/usb/emusb/em_usbtimer.o
                0x00004514                TIMER1_IRQHandler
 .text.USBTIMER_DelayMs
                0x0000458c       0x90 ./drivers/usb/emusb/em_usbtimer.o
                0x0000458c                USBTIMER_DelayMs
 .text.USBTIMER_DelayUs
                0x0000461c       0xc8 ./drivers/usb/emusb/em_usbtimer.o
                0x0000461c                USBTIMER_DelayUs
 .text.USBTIMER_Init
                0x000046e4      0x150 ./drivers/usb/emusb/em_usbtimer.o
                0x000046e4                USBTIMER_Init
 .text.LineCodingReceived
                0x00004834       0x34 ./drivers/usb/cdc.o
 .text.usbDataReceived
                0x00004868       0x24 ./drivers/usb/cdc.o
 .text.usbDataTransmitted
                0x0000488c       0x18 ./drivers/usb/cdc.o
 .text.CDC_Init
                0x000048a4       0x38 ./drivers/usb/cdc.o
                0x000048a4                CDC_Init
 .text.CDC_SetupCmd
                0x000048dc       0x80 ./drivers/usb/cdc.o
                0x000048dc                CDC_SetupCmd
 .text.CDC_StateChangeEvent
                0x0000495c       0x24 ./drivers/usb/cdc.o
                0x0000495c                CDC_StateChangeEvent
 .text.usbReadData
                0x00004980       0x80 ./drivers/usb/cdc.o
                0x00004980                usbReadData
 .text.usbWriteData
                0x00004a00       0x4c ./drivers/usb/cdc.o
                0x00004a00                usbWriteData
 .text.GPIO_EVEN_IRQHandler
                0x00004a4c       0x48 ./drivers/gpiointerrupt.o
                0x00004a4c                GPIO_EVEN_IRQHandler
 .text.GPIO_ODD_IRQHandler
                0x00004a94       0x48 ./drivers/gpiointerrupt.o
                0x00004a94                GPIO_ODD_IRQHandler
 .text.SegmentLCD_AllOff
                0x00004adc       0xac ./drivers/segmentlcd.o
                0x00004adc                SegmentLCD_AllOff
 .text.SegmentLCD_AlphaNumberOff
                0x00004b88       0xa8 ./drivers/segmentlcd.o
                0x00004b88                SegmentLCD_AlphaNumberOff
 .text.SegmentLCD_Init
                0x00004c30       0xac ./drivers/segmentlcd.o
                0x00004c30                SegmentLCD_Init
 .text.SegmentLCD_Symbol
                0x00004cdc       0x30 ./drivers/segmentlcd.o
                0x00004cdc                SegmentLCD_Symbol
 .text.SegmentLCD_Write
                0x00004d0c      0x188 ./drivers/segmentlcd.o
                0x00004d0c                SegmentLCD_Write
 .text          0x00004e94       0x98 ./CMSIS/efm32gg/startup_gcc_efm32gg.o
                0x00004e94                Reset_Handler
                0x00004ec8                Default_Handler
                0x00004eca                NMI_Handler
                0x00004ecc                HardFault_Handler
                0x00004ece                MemManage_Handler
                0x00004ed0                BusFault_Handler
                0x00004ed2                UsageFault_Handler
                0x00004ed4                SVC_Handler
                0x00004ed6                DebugMon_Handler
                0x00004ed8                PendSV_Handler
                0x00004eda                SysTick_Handler
                0x00004ee2                USART0_RX_IRQHandler
                0x00004ee4                USART0_TX_IRQHandler
                0x00004ee8                ACMP0_IRQHandler
                0x00004eea                ADC0_IRQHandler
                0x00004eec                DAC0_IRQHandler
                0x00004eee                I2C0_IRQHandler
                0x00004ef0                I2C1_IRQHandler
                0x00004ef6                TIMER2_IRQHandler
                0x00004ef8                TIMER3_IRQHandler
                0x00004efa                USART1_RX_IRQHandler
                0x00004efc                USART1_TX_IRQHandler
                0x00004efe                LESENSE_IRQHandler
                0x00004f00                USART2_RX_IRQHandler
                0x00004f02                USART2_TX_IRQHandler
                0x00004f04                UART0_RX_IRQHandler
                0x00004f06                UART0_TX_IRQHandler
                0x00004f08                UART1_RX_IRQHandler
                0x00004f0a                UART1_TX_IRQHandler
                0x00004f0c                LEUART0_IRQHandler
                0x00004f0e                LEUART1_IRQHandler
                0x00004f10                LETIMER0_IRQHandler
                0x00004f12                PCNT0_IRQHandler
                0x00004f14                PCNT1_IRQHandler
                0x00004f16                PCNT2_IRQHandler
                0x00004f18                RTC_IRQHandler
                0x00004f1a                BURTC_IRQHandler
                0x00004f1c                CMU_IRQHandler
                0x00004f1e                VCMP_IRQHandler
                0x00004f20                LCD_IRQHandler
                0x00004f22                MSC_IRQHandler
                0x00004f24                AES_IRQHandler
                0x00004f26                EBI_IRQHandler
                0x00004f28                EMU_IRQHandler
 .text.SystemCoreClockGet
                0x00004f2c       0xe0 ./CMSIS/efm32gg/system_efm32gg.o
                0x00004f2c                SystemCoreClockGet
 .text.SystemHFClockGet
                0x0000500c       0xc0 ./CMSIS/efm32gg/system_efm32gg.o
                0x0000500c                SystemHFClockGet
 .text.SystemHFXOClockGet
                0x000050cc        0xc ./CMSIS/efm32gg/system_efm32gg.o
                0x000050cc                SystemHFXOClockGet
 .text.SystemInit
                0x000050d8        0x4 ./CMSIS/efm32gg/system_efm32gg.o
                0x000050d8                SystemInit
 .text.SystemLFRCOClockGet
                0x000050dc        0x8 ./CMSIS/efm32gg/system_efm32gg.o
                0x000050dc                SystemLFRCOClockGet
 .text.SystemULFRCOClockGet
                0x000050e4        0x8 ./CMSIS/efm32gg/system_efm32gg.o
                0x000050e4                SystemULFRCOClockGet
 .text.SystemLFXOClockGet
                0x000050ec        0xc ./CMSIS/efm32gg/system_efm32gg.o
                0x000050ec                SystemLFXOClockGet
 .text.BSP_LedsInit
                0x000050f8       0x38 ./BSP/bsp_stk_leds.o
                0x000050f8                BSP_LedsInit
 .text.BSP_LedToggle
                0x00005130       0x4c ./BSP/bsp_stk_leds.o
                0x00005130                BSP_LedToggle
 .text.BSP_TraceProfilerSetup
                0x0000517c       0xd0 ./BSP/bsp_trace.o
                0x0000517c                BSP_TraceProfilerSetup
 .text.exit     0x0000524c       0x28 c:/siliconlabs/simplicitystudio/v2/developer/toolchains/gnu_arm/4.8_2013q4/bin/../lib/gcc/arm-none-eabi/4.8.3/../../../../arm-none-eabi/lib/armv7-m\libc_s.a(lib_a-exit.o)
                0x0000524c                exit
 .text.__libc_init_array
                0x00005274       0x4c c:/siliconlabs/simplicitystudio/v2/developer/toolchains/gnu_arm/4.8_2013q4/bin/../lib/gcc/arm-none-eabi/4.8.3/../../../../arm-none-eabi/lib/armv7-m\libc_s.a(lib_a-init.o)
                0x00005274                __libc_init_array
 .text.memcpy   0x000052c0       0x12 c:/siliconlabs/simplicitystudio/v2/developer/toolchains/gnu_arm/4.8_2013q4/bin/../lib/gcc/arm-none-eabi/4.8.3/../../../../arm-none-eabi/lib/armv7-m\libc_s.a(lib_a-memcpy-stub.o)
                0x000052c0                memcpy
 .text.memset   0x000052d2       0x10 c:/siliconlabs/simplicitystudio/v2/developer/toolchains/gnu_arm/4.8_2013q4/bin/../lib/gcc/arm-none-eabi/4.8.3/../../../../arm-none-eabi/lib/armv7-m\libc_s.a(lib_a-memset.o)
                0x000052d2                memset
 .text.strlen   0x000052e2       0x10 c:/siliconlabs/simplicitystudio/v2/developer/toolchains/gnu_arm/4.8_2013q4/bin/../lib/gcc/arm-none-eabi/4.8.3/../../../../arm-none-eabi/lib/armv7-m\libc_s.a(lib_a-strlen.o)
                0x000052e2                strlen
 *fill*         0x000052f2        0x2 
 .text._exit    0x000052f4        0x4 c:/siliconlabs/simplicitystudio/v2/developer/toolchains/gnu_arm/4.8_2013q4/bin/../lib/gcc/arm-none-eabi/4.8.3/../../../../arm-none-eabi/lib/armv7-m\libnosys.a(_exit.o)
                0x000052f4                _exit
 *(.init)
 .init          0x000052f8        0x4 c:/siliconlabs/simplicitystudio/v2/developer/toolchains/gnu_arm/4.8_2013q4/bin/../lib/gcc/arm-none-eabi/4.8.3/armv7-m/crti.o
                0x000052f8                _init
 .init          0x000052fc        0x8 c:/siliconlabs/simplicitystudio/v2/developer/toolchains/gnu_arm/4.8_2013q4/bin/../lib/gcc/arm-none-eabi/4.8.3/armv7-m/crtn.o
 *(.fini)
 .fini          0x00005304        0x4 c:/siliconlabs/simplicitystudio/v2/developer/toolchains/gnu_arm/4.8_2013q4/bin/../lib/gcc/arm-none-eabi/4.8.3/armv7-m/crti.o
                0x00005304                _fini
 .fini          0x00005308        0x8 c:/siliconlabs/simplicitystudio/v2/developer/toolchains/gnu_arm/4.8_2013q4/bin/../lib/gcc/arm-none-eabi/4.8.3/armv7-m/crtn.o
 *crtbegin.o(.ctors)
 *crtbegin?.o(.ctors)
 *(EXCLUDE_FILE(*crtend.o *crtend?.o) .ctors)
 *(SORT(.ctors.*))
 *(.ctors)
 *crtbegin.o(.dtors)
 *crtbegin?.o(.dtors)
 *(EXCLUDE_FILE(*crtend.o *crtend?.o) .dtors)
 *(SORT(.dtors.*))
 *(.dtors)
 *(.rodata*)
 .rodata.str1.4
                0x00005310       0x15 ./src/main.o
                                 0x18 (size before relaxing)
 *fill*         0x00005325        0x3 
 .rodata.str1.4
                0x00005328       0x12 ./emlib/em_cmu.o
                                 0x14 (size before relaxing)
 *fill*         0x0000533a        0x2 
 .rodata.str1.4
                0x0000533c       0x13 ./emlib/em_gpio.o
                                 0x14 (size before relaxing)
 *fill*         0x0000534f        0x1 
 .rodata.str1.4
                0x00005350       0x12 ./emlib/em_lcd.o
                                 0x14 (size before relaxing)
 *fill*         0x00005362        0x2 
 .rodata.str1.4
                0x00005364       0x15 ./emlib/em_system.o
                                 0x18 (size before relaxing)
 *fill*         0x00005379        0x3 
 .rodata.str1.4
                0x0000537c       0x64 ./emlib/em_timer.o
 .rodata.str1.4
                0x000053e0       0x7f ./drivers/usb/emusb/em_usbd.o
                                 0x80 (size before relaxing)
 *fill*         0x0000545f        0x1 
 .rodata.str1.4
                0x00005460       0x21 ./drivers/usb/emusb/em_usbdep.o
                                 0x24 (size before relaxing)
 *fill*         0x00005481        0x3 
 .rodata.strings
                0x00005484        0xc ./drivers/usb/descriptors.o
 .rodata.callbacks
                0x00005490       0x14 ./drivers/usb/descriptors.o
 .rodata.iProduct
                0x000054a4       0x28 ./drivers/usb/descriptors.o
 .rodata.configDesc
                0x000054cc       0x44 ./drivers/usb/descriptors.o
 .rodata.iManufacturer
                0x00005510       0x1c ./drivers/usb/descriptors.o
 .rodata.initstruct
                0x0000552c       0x1c ./drivers/usb/descriptors.o
                0x0000552c                initstruct
 .rodata.langID
                0x00005548        0x4 ./drivers/usb/descriptors.o
 .rodata.deviceDesc
                0x0000554c       0x14 ./drivers/usb/descriptors.o
 .rodata.EFM_Display
                0x00005560      0x120 ./drivers/segmentlcd.o
 .rodata.CSWTCH.24
                0x00005680       0x44 ./drivers/segmentlcd.o
 .rodata.CSWTCH.25
                0x000056c4       0x44 ./drivers/segmentlcd.o
 .rodata.lcdInit
                0x00005708       0x14 ./drivers/segmentlcd.o
 .rodata.EFM_Alphabet
                0x0000571c       0xb8 ./drivers/segmentlcd.o
 .rodata.str1.4
                0x000057d4       0x50 ./BSP/bsp_stk_leds.o
 .rodata.ledArray
                0x00005824       0x10 ./BSP/bsp_stk_leds.o
 .rodata.str1.1
                0x00005834        0x2 c:/siliconlabs/simplicitystudio/v2/developer/toolchains/gnu_arm/4.8_2013q4/bin/../lib/gcc/arm-none-eabi/4.8.3/../../../../arm-none-eabi/lib/armv7-m\libc_s.a(lib_a-impure.o)
 *fill*         0x00005836        0x2 
 .rodata._global_impure_ptr
                0x00005838        0x4 c:/siliconlabs/simplicitystudio/v2/developer/toolchains/gnu_arm/4.8_2013q4/bin/../lib/gcc/arm-none-eabi/4.8.3/../../../../arm-none-eabi/lib/armv7-m\libc_s.a(lib_a-impure.o)
                0x00005838                _global_impure_ptr
 *(.eh_frame*)
 .eh_frame      0x0000583c        0x0 c:/siliconlabs/simplicitystudio/v2/developer/toolchains/gnu_arm/4.8_2013q4/bin/../lib/gcc/arm-none-eabi/4.8.3/armv7-m/crtbegin.o
 .eh_frame      0x0000583c        0x4 c:/siliconlabs/simplicitystudio/v2/developer/toolchains/gnu_arm/4.8_2013q4/bin/../lib/gcc/arm-none-eabi/4.8.3/armv7-m/crtend.o

.glue_7         0x00005840        0x0
 .glue_7        0x00000000        0x0 linker stubs

.glue_7t        0x00005840        0x0
 .glue_7t       0x00000000        0x0 linker stubs

.vfp11_veneer   0x00005840        0x0
 .vfp11_veneer  0x00000000        0x0 linker stubs

.v4_bx          0x00005840        0x0
 .v4_bx         0x00000000        0x0 linker stubs

.iplt           0x00005840        0x0
 .iplt          0x00000000        0x0 c:/siliconlabs/simplicitystudio/v2/developer/toolchains/gnu_arm/4.8_2013q4/bin/../lib/gcc/arm-none-eabi/4.8.3/armv7-m/crtbegin.o

.ARM.extab
 *(.ARM.extab* .gnu.linkonce.armextab.*)
                0x00005840                __exidx_start = .

.ARM.exidx      0x00005840        0x8
 *(.ARM.exidx* .gnu.linkonce.armexidx.*)
 .ARM.exidx     0x00005840        0x8 c:/siliconlabs/simplicitystudio/v2/developer/toolchains/gnu_arm/4.8_2013q4/bin/../lib/gcc/arm-none-eabi/4.8.3/../../../../arm-none-eabi/lib/armv7-m/crt0.o
                0x00005848                __exidx_end = .
                0x00005848                __etext = .

.rel.dyn        0x00005848        0x0
 .rel.iplt      0x00000000        0x0 c:/siliconlabs/simplicitystudio/v2/developer/toolchains/gnu_arm/4.8_2013q4/bin/../lib/gcc/arm-none-eabi/4.8.3/armv7-m/crtbegin.o

.data           0x20000000       0x80 load address 0x00005848
                0x20000000                __data_start__ = .
 *(vtable)
 *(.data*)
 .data.dev      0x20000000        0x4 ./drivers/usb/emusb/em_usbd.o
                0x20000000                dev
 .data.cdcLineCoding
                0x20000004        0x8 ./drivers/usb/cdc.o
 .data.bufferingMultiplier
                0x2000000c        0x4 ./drivers/usb/descriptors.o
 .data.SystemLFXOClock
                0x20000010        0x4 ./CMSIS/efm32gg/system_efm32gg.o
 .data.SystemHFXOClock
                0x20000014        0x4 ./CMSIS/efm32gg/system_efm32gg.o
 .data.impure_data
                0x20000018       0x60 c:/siliconlabs/simplicitystudio/v2/developer/toolchains/gnu_arm/4.8_2013q4/bin/../lib/gcc/arm-none-eabi/4.8.3/../../../../arm-none-eabi/lib/armv7-m\libc_s.a(lib_a-impure.o)
                0x20000078                . = ALIGN (0x4)
 *(.ram)
                0x20000078                . = ALIGN (0x4)
                0x20000078                PROVIDE (__preinit_array_start, .)
 *(.preinit_array)
                0x20000078                PROVIDE (__preinit_array_end, .)
                0x20000078                . = ALIGN (0x4)
                0x20000078                PROVIDE (__init_array_start, .)
 *(SORT(.init_array.*))
 *(.init_array)
 .init_array    0x20000078        0x4 c:/siliconlabs/simplicitystudio/v2/developer/toolchains/gnu_arm/4.8_2013q4/bin/../lib/gcc/arm-none-eabi/4.8.3/armv7-m/crtbegin.o
                0x2000007c                PROVIDE (__init_array_end, .)
                0x2000007c                . = ALIGN (0x4)
                0x2000007c                PROVIDE (__fini_array_start, .)
 *(SORT(.fini_array.*))
 *(.fini_array)
 .fini_array    0x2000007c        0x4 c:/siliconlabs/simplicitystudio/v2/developer/toolchains/gnu_arm/4.8_2013q4/bin/../lib/gcc/arm-none-eabi/4.8.3/armv7-m/crtbegin.o
                0x20000080                PROVIDE (__fini_array_end, .)
                0x20000080                . = ALIGN (0x4)
                0x20000080                __data_end__ = .

.jcr            0x20000080        0x0 load address 0x000058c8
 .jcr           0x20000080        0x0 c:/siliconlabs/simplicitystudio/v2/developer/toolchains/gnu_arm/4.8_2013q4/bin/../lib/gcc/arm-none-eabi/4.8.3/armv7-m/crtbegin.o

.igot.plt       0x20000080        0x0 load address 0x000058c8
 .igot.plt      0x00000000        0x0 c:/siliconlabs/simplicitystudio/v2/developer/toolchains/gnu_arm/4.8_2013q4/bin/../lib/gcc/arm-none-eabi/4.8.3/armv7-m/crtbegin.o

.bss            0x20000080      0x278 load address 0x000058c8
                0x20000080                __bss_start__ = .
 *(.bss*)
 .bss           0x20000080       0x1c c:/siliconlabs/simplicitystudio/v2/developer/toolchains/gnu_arm/4.8_2013q4/bin/../lib/gcc/arm-none-eabi/4.8.3/armv7-m/crtbegin.o
 .bss.cmuStatus
                0x2000009c        0x2 ./emlib/em_emu.o
 *fill*         0x2000009e        0x2 
 .bss.INT_LockCnt
                0x200000a0        0x4 ./emlib/em_int.o
                0x200000a0                INT_LockCnt
 .bss.device    0x200000a4       0xf8 ./drivers/usb/emusb/em_usbd.o
 .bss.txBuf     0x2000019c        0x4 ./drivers/usb/emusb/em_usbdch9.o
 .bss.callback.5693
                0x200001a0        0x4 ./drivers/usb/emusb/em_usbdep.o
 .bss.xferred.5692
                0x200001a4        0x4 ./drivers/usb/emusb/em_usbdep.o
 .bss.statusIn.5691
                0x200001a8        0x1 ./drivers/usb/emusb/em_usbdep.o
 *fill*         0x200001a9        0x3 
 .bss.x_USB_EP_CTL
                0x200001ac        0xc ./drivers/usb/emusb/em_usbdint.o
 .bss.x_USB_GNPTXFSIZ
                0x200001b8        0x4 ./drivers/usb/emusb/em_usbdint.o
 .bss.x_USB_GRXFSIZ
                0x200001bc        0x4 ./drivers/usb/emusb/em_usbdint.o
 .bss.x_USB_EP_DMAADDR
                0x200001c0        0xc ./drivers/usb/emusb/em_usbdint.o
 .bss.x_USB_DIEPTXFS
                0x200001cc        0xc ./drivers/usb/emusb/em_usbdint.o
 .bss.x_USB_GAHBCFG
                0x200001d8        0x4 ./drivers/usb/emusb/em_usbdint.o
 .bss.x_USB_GINTMSK
                0x200001dc        0x4 ./drivers/usb/emusb/em_usbdint.o
 .bss.x_USB_DOEPMSK
                0x200001e0        0x4 ./drivers/usb/emusb/em_usbdint.o
 .bss.x_USB_GUSBCFG
                0x200001e4        0x4 ./drivers/usb/emusb/em_usbdint.o
 .bss.x_USB_DCFG
                0x200001e8        0x4 ./drivers/usb/emusb/em_usbdint.o
 .bss.x_USB_DAINTMSK
                0x200001ec        0x4 ./drivers/usb/emusb/em_usbdint.o
 .bss.x_USB_EP_TSIZ
                0x200001f0        0xc ./drivers/usb/emusb/em_usbdint.o
 .bss.x_USB_GOTGCTL
                0x200001fc        0x4 ./drivers/usb/emusb/em_usbdint.o
 .bss.USBD_poweredDown
                0x20000200        0x1 ./drivers/usb/emusb/em_usbdint.o
                0x20000200                USBD_poweredDown
 *fill*         0x20000201        0x3 
 .bss.x_USB_DIEPMSK
                0x20000204        0x4 ./drivers/usb/emusb/em_usbdint.o
 .bss.x_USB_DCTL
                0x20000208        0x4 ./drivers/usb/emusb/em_usbdint.o
 .bss.x_USB_PCGCCTL
                0x2000020c        0x4 ./drivers/usb/emusb/em_usbdint.o
 .bss.head      0x20000210        0x4 ./drivers/usb/emusb/em_usbtimer.o
 .bss.ticksPr10us
                0x20000214        0x4 ./drivers/usb/emusb/em_usbtimer.o
 .bss.ticksPr1us
                0x20000218        0x4 ./drivers/usb/emusb/em_usbtimer.o
 .bss.ticksPr100us
                0x2000021c        0x4 ./drivers/usb/emusb/em_usbtimer.o
 .bss.ticksPrMs
                0x20000220        0x4 ./drivers/usb/emusb/em_usbtimer.o
 .bss.usbCdcConfigured
                0x20000224        0x1 ./drivers/usb/cdc.o
 *fill*         0x20000225        0x3 
 .bss.usbBytesReceived
                0x20000228        0x4 ./drivers/usb/cdc.o
 .bss.usbTxTransferActive
                0x2000022c        0x1 ./drivers/usb/cdc.o
 .bss.usbRxTransferActive
                0x2000022d        0x1 ./drivers/usb/cdc.o
 *fill*         0x2000022e        0x2 
 .bss.usbRxBuffer
                0x20000230       0x40 ./drivers/usb/cdc.o
 .bss.usbTxBuffer
                0x20000270       0x40 ./drivers/usb/cdc.o
 .bss.gpioCallbacks
                0x200002b0       0x40 ./drivers/gpiointerrupt.o
 *(COMMON)
 COMMON         0x200002f0        0x4 ./src/utils.o
                0x200002f0                msTicks
 COMMON         0x200002f4        0x4 ./CMSIS/efm32gg/system_efm32gg.o
                0x200002f4                SystemCoreClock
                0x200002f8                __bss_end__ = .

.heap           0x200002f8      0xc00
                0x200002f8                __end__ = .
                0x200002f8                end = __end__
                0x200002f8                _end = __end__
 *(.heap*)
 .heap          0x200002f8      0xc00 ./CMSIS/efm32gg/startup_gcc_efm32gg.o
                0x200002f8                __HeapBase
                0x20000ef8                __HeapLimit = .

.stack_dummy    0x200002f8      0x400
 *(.stack)
 .stack         0x200002f8      0x400 ./CMSIS/efm32gg/startup_gcc_efm32gg.o
                0x20020000                __StackTop = (ORIGIN (RAM) + 0x20000)
                0x2001fc00                __StackLimit = (__StackTop - SIZEOF (.stack_dummy))
                0x20020000                PROVIDE (__stack, __StackTop)
                0x00000001                ASSERT ((__StackLimit >= __HeapLimit), region RAM overflowed with stack)
                0x00000001                ASSERT ((0x100000 >= (__etext + SIZEOF (.data))), FLASH memory overflowed !)
OUTPUT(STK3700_usbEcho.axf elf32-littlearm)

.ARM.attributes
                0x00000000       0x29
 .ARM.attributes
                0x00000000       0x1d c:/siliconlabs/simplicitystudio/v2/developer/toolchains/gnu_arm/4.8_2013q4/bin/../lib/gcc/arm-none-eabi/4.8.3/armv7-m/crti.o
 .ARM.attributes
                0x0000001d       0x2d c:/siliconlabs/simplicitystudio/v2/developer/toolchains/gnu_arm/4.8_2013q4/bin/../lib/gcc/arm-none-eabi/4.8.3/armv7-m/crtbegin.o
 .ARM.attributes
                0x0000004a       0x1b c:/siliconlabs/simplicitystudio/v2/developer/toolchains/gnu_arm/4.8_2013q4/bin/../lib/gcc/arm-none-eabi/4.8.3/../../../../arm-none-eabi/lib/armv7-m/crt0.o
 .ARM.attributes
                0x00000065       0x33 ./src/main.o
 .ARM.attributes
                0x00000098       0x33 ./src/utils.o
 .ARM.attributes
                0x000000cb       0x33 ./emlib/em_cmu.o
 .ARM.attributes
                0x000000fe       0x33 ./emlib/em_dma.o
 .ARM.attributes
                0x00000131       0x33 ./emlib/em_emu.o
 .ARM.attributes
                0x00000164       0x33 ./emlib/em_gpio.o
 .ARM.attributes
                0x00000197       0x33 ./emlib/em_int.o
 .ARM.attributes
                0x000001ca       0x33 ./emlib/em_lcd.o
 .ARM.attributes
                0x000001fd       0x33 ./emlib/em_system.o
 .ARM.attributes
                0x00000230       0x33 ./emlib/em_timer.o
 .ARM.attributes
                0x00000263       0x33 ./drivers/usb/emusb/em_usbd.o
 .ARM.attributes
                0x00000296       0x33 ./drivers/usb/emusb/em_usbdch9.o
 .ARM.attributes
                0x000002c9       0x33 ./drivers/usb/emusb/em_usbdep.o
 .ARM.attributes
                0x000002fc       0x33 ./drivers/usb/emusb/em_usbdint.o
 .ARM.attributes
                0x0000032f       0x33 ./drivers/usb/emusb/em_usbhal.o
 .ARM.attributes
                0x00000362       0x33 ./drivers/usb/emusb/em_usbtimer.o
 .ARM.attributes
                0x00000395       0x33 ./drivers/usb/cdc.o
 .ARM.attributes
                0x000003c8       0x33 ./drivers/usb/descriptors.o
 .ARM.attributes
                0x000003fb       0x33 ./drivers/gpiointerrupt.o
 .ARM.attributes
                0x0000042e       0x33 ./drivers/segmentlcd.o
 .ARM.attributes
                0x00000461       0x1b ./CMSIS/efm32gg/startup_gcc_efm32gg.o
 .ARM.attributes
                0x0000047c       0x33 ./CMSIS/efm32gg/system_efm32gg.o
 .ARM.attributes
                0x000004af       0x33 ./BSP/bsp_stk_leds.o
 .ARM.attributes
                0x000004e2       0x33 ./BSP/bsp_trace.o
 .ARM.attributes
                0x00000515       0x2d c:/siliconlabs/simplicitystudio/v2/developer/toolchains/gnu_arm/4.8_2013q4/bin/../lib/gcc/arm-none-eabi/4.8.3/../../../../arm-none-eabi/lib/armv7-m\libc_s.a(lib_a-exit.o)
 .ARM.attributes
                0x00000542       0x2d c:/siliconlabs/simplicitystudio/v2/developer/toolchains/gnu_arm/4.8_2013q4/bin/../lib/gcc/arm-none-eabi/4.8.3/../../../../arm-none-eabi/lib/armv7-m\libc_s.a(lib_a-impure.o)
 .ARM.attributes
                0x0000056f       0x2d c:/siliconlabs/simplicitystudio/v2/developer/toolchains/gnu_arm/4.8_2013q4/bin/../lib/gcc/arm-none-eabi/4.8.3/../../../../arm-none-eabi/lib/armv7-m\libc_s.a(lib_a-init.o)
 .ARM.attributes
                0x0000059c       0x2d c:/siliconlabs/simplicitystudio/v2/developer/toolchains/gnu_arm/4.8_2013q4/bin/../lib/gcc/arm-none-eabi/4.8.3/../../../../arm-none-eabi/lib/armv7-m\libc_s.a(lib_a-memcpy-stub.o)
 .ARM.attributes
                0x000005c9       0x2d c:/siliconlabs/simplicitystudio/v2/developer/toolchains/gnu_arm/4.8_2013q4/bin/../lib/gcc/arm-none-eabi/4.8.3/../../../../arm-none-eabi/lib/armv7-m\libc_s.a(lib_a-memset.o)
 .ARM.attributes
                0x000005f6       0x2d c:/siliconlabs/simplicitystudio/v2/developer/toolchains/gnu_arm/4.8_2013q4/bin/../lib/gcc/arm-none-eabi/4.8.3/../../../../arm-none-eabi/lib/armv7-m\libc_s.a(lib_a-strlen.o)
 .ARM.attributes
                0x00000623       0x2d c:/siliconlabs/simplicitystudio/v2/developer/toolchains/gnu_arm/4.8_2013q4/bin/../lib/gcc/arm-none-eabi/4.8.3/../../../../arm-none-eabi/lib/armv7-m\libnosys.a(_exit.o)
 .ARM.attributes
                0x00000650       0x2d c:/siliconlabs/simplicitystudio/v2/developer/toolchains/gnu_arm/4.8_2013q4/bin/../lib/gcc/arm-none-eabi/4.8.3/armv7-m/crtend.o
 .ARM.attributes
                0x0000067d       0x1d c:/siliconlabs/simplicitystudio/v2/developer/toolchains/gnu_arm/4.8_2013q4/bin/../lib/gcc/arm-none-eabi/4.8.3/armv7-m/crtn.o

.comment        0x00000000       0x70
 .comment       0x00000000       0x70 ./src/main.o
                                 0x71 (size before relaxing)
 .comment       0x00000000       0x71 ./src/utils.o
 .comment       0x00000000       0x71 ./emlib/em_cmu.o
 .comment       0x00000000       0x71 ./emlib/em_dma.o
 .comment       0x00000000       0x71 ./emlib/em_emu.o
 .comment       0x00000000       0x71 ./emlib/em_gpio.o
 .comment       0x00000000       0x71 ./emlib/em_int.o
 .comment       0x00000000       0x71 ./emlib/em_lcd.o
 .comment       0x00000000       0x71 ./emlib/em_system.o
 .comment       0x00000000       0x71 ./emlib/em_timer.o
 .comment       0x00000000       0x71 ./drivers/usb/emusb/em_usbd.o
 .comment       0x00000000       0x71 ./drivers/usb/emusb/em_usbdch9.o
 .comment       0x00000000       0x71 ./drivers/usb/emusb/em_usbdep.o
 .comment       0x00000000       0x71 ./drivers/usb/emusb/em_usbdint.o
 .comment       0x00000000       0x71 ./drivers/usb/emusb/em_usbhal.o
 .comment       0x00000000       0x71 ./drivers/usb/emusb/em_usbtimer.o
 .comment       0x00000000       0x71 ./drivers/usb/cdc.o
 .comment       0x00000000       0x71 ./drivers/usb/descriptors.o
 .comment       0x00000000       0x71 ./drivers/gpiointerrupt.o
 .comment       0x00000000       0x71 ./drivers/segmentlcd.o
 .comment       0x00000000       0x71 ./CMSIS/efm32gg/system_efm32gg.o
 .comment       0x00000000       0x71 ./BSP/bsp_stk_leds.o
 .comment       0x00000000       0x71 ./BSP/bsp_trace.o

.debug_info     0x00000000    0x1a246
 .debug_info    0x00000000      0x63e ./src/main.o
 .debug_info    0x0000063e      0xb60 ./src/utils.o
 .debug_info    0x0000119e     0x28f6 ./emlib/em_cmu.o
 .debug_info    0x00003a94     0x1948 ./emlib/em_dma.o
 .debug_info    0x000053dc      0xe93 ./emlib/em_emu.o
 .debug_info    0x0000626f      0x61a ./emlib/em_gpio.o
 .debug_info    0x00006889       0xa6 ./emlib/em_int.o
 .debug_info    0x0000692f     0x101b ./emlib/em_lcd.o
 .debug_info    0x0000794a      0x2a7 ./emlib/em_system.o
 .debug_info    0x00007bf1      0xa41 ./emlib/em_timer.o
 .debug_info    0x00008632     0x346f ./drivers/usb/emusb/em_usbd.o
 .debug_info    0x0000baa1     0x1d81 ./drivers/usb/emusb/em_usbdch9.o
 .debug_info    0x0000d822     0x1814 ./drivers/usb/emusb/em_usbdep.o
 .debug_info    0x0000f036     0x2155 ./drivers/usb/emusb/em_usbdint.o
 .debug_info    0x0001118b     0x1ec1 ./drivers/usb/emusb/em_usbhal.o
 .debug_info    0x0001304c     0x14cb ./drivers/usb/emusb/em_usbtimer.o
 .debug_info    0x00014517      0xaf3 ./drivers/usb/cdc.o
 .debug_info    0x0001500a      0x6ef ./drivers/usb/descriptors.o
 .debug_info    0x000156f9      0x96c ./drivers/gpiointerrupt.o
 .debug_info    0x00016065     0x268a ./drivers/segmentlcd.o
 .debug_info    0x000186ef       0xa6 ./CMSIS/efm32gg/startup_gcc_efm32gg.o
 .debug_info    0x00018795      0x673 ./CMSIS/efm32gg/system_efm32gg.o
 .debug_info    0x00018e08      0x93d ./BSP/bsp_stk_leds.o
 .debug_info    0x00019745      0xb01 ./BSP/bsp_trace.o

.debug_abbrev   0x00000000     0x4152
 .debug_abbrev  0x00000000      0x1fe ./src/main.o
 .debug_abbrev  0x000001fe      0x291 ./src/utils.o
 .debug_abbrev  0x0000048f      0x3ff ./emlib/em_cmu.o
 .debug_abbrev  0x0000088e      0x30d ./emlib/em_dma.o
 .debug_abbrev  0x00000b9b      0x31a ./emlib/em_emu.o
 .debug_abbrev  0x00000eb5      0x1b5 ./emlib/em_gpio.o
 .debug_abbrev  0x0000106a       0x5c ./emlib/em_int.o
 .debug_abbrev  0x000010c6      0x2a9 ./emlib/em_lcd.o
 .debug_abbrev  0x0000136f      0x120 ./emlib/em_system.o
 .debug_abbrev  0x0000148f      0x1c5 ./emlib/em_timer.o
 .debug_abbrev  0x00001654      0x60c ./drivers/usb/emusb/em_usbd.o
 .debug_abbrev  0x00001c60      0x3e6 ./drivers/usb/emusb/em_usbdch9.o
 .debug_abbrev  0x00002046      0x3d1 ./drivers/usb/emusb/em_usbdep.o
 .debug_abbrev  0x00002417      0x3fe ./drivers/usb/emusb/em_usbdint.o
 .debug_abbrev  0x00002815      0x529 ./drivers/usb/emusb/em_usbhal.o
 .debug_abbrev  0x00002d3e      0x3d1 ./drivers/usb/emusb/em_usbtimer.o
 .debug_abbrev  0x0000310f      0x339 ./drivers/usb/cdc.o
 .debug_abbrev  0x00003448      0x1a0 ./drivers/usb/descriptors.o
 .debug_abbrev  0x000035e8      0x2d2 ./drivers/gpiointerrupt.o
 .debug_abbrev  0x000038ba      0x34f ./drivers/segmentlcd.o
 .debug_abbrev  0x00003c09       0x14 ./CMSIS/efm32gg/startup_gcc_efm32gg.o
 .debug_abbrev  0x00003c1d      0x1b5 ./CMSIS/efm32gg/system_efm32gg.o
 .debug_abbrev  0x00003dd2      0x212 ./BSP/bsp_stk_leds.o
 .debug_abbrev  0x00003fe4      0x16e ./BSP/bsp_trace.o

.debug_loc      0x00000000    0x1193f
 .debug_loc     0x00000000       0x41 ./src/main.o
 .debug_loc     0x00000041       0xad ./src/utils.o
 .debug_loc     0x000000ee     0x3258 ./emlib/em_cmu.o
 .debug_loc     0x00003346     0x1700 ./emlib/em_dma.o
 .debug_loc     0x00004a46      0x53a ./emlib/em_emu.o
 .debug_loc     0x00004f80      0x404 ./emlib/em_gpio.o
 .debug_loc     0x00005384     0x132d ./emlib/em_lcd.o
 .debug_loc     0x000066b1      0x124 ./emlib/em_system.o
 .debug_loc     0x000067d5      0x2c8 ./emlib/em_timer.o
 .debug_loc     0x00006a9d     0x3509 ./drivers/usb/emusb/em_usbd.o
 .debug_loc     0x00009fa6     0x1a06 ./drivers/usb/emusb/em_usbdch9.o
 .debug_loc     0x0000b9ac      0x6a6 ./drivers/usb/emusb/em_usbdep.o
 .debug_loc     0x0000c052      0xa00 ./drivers/usb/emusb/em_usbdint.o
 .debug_loc     0x0000ca52      0xf76 ./drivers/usb/emusb/em_usbhal.o
 .debug_loc     0x0000d9c8      0x62a ./drivers/usb/emusb/em_usbtimer.o
 .debug_loc     0x0000dff2      0x453 ./drivers/usb/cdc.o
 .debug_loc     0x0000e445      0x1a0 ./drivers/gpiointerrupt.o
 .debug_loc     0x0000e5e5     0x2b05 ./drivers/segmentlcd.o
 .debug_loc     0x000110ea      0x369 ./CMSIS/efm32gg/system_efm32gg.o
 .debug_loc     0x00011453      0x4ac ./BSP/bsp_stk_leds.o
 .debug_loc     0x000118ff       0x40 ./BSP/bsp_trace.o

.debug_aranges  0x00000000      0x738
 .debug_aranges
                0x00000000       0x20 ./src/main.o
 .debug_aranges
                0x00000020       0x38 ./src/utils.o
 .debug_aranges
                0x00000058       0xd0 ./emlib/em_cmu.o
 .debug_aranges
                0x00000128       0x90 ./emlib/em_dma.o
 .debug_aranges
                0x000001b8       0x60 ./emlib/em_emu.o
 .debug_aranges
                0x00000218       0x38 ./emlib/em_gpio.o
 .debug_aranges
                0x00000250       0x18 ./emlib/em_int.o
 .debug_aranges
                0x00000268       0x80 ./emlib/em_lcd.o
 .debug_aranges
                0x000002e8       0x28 ./emlib/em_system.o
 .debug_aranges
                0x00000310       0x38 ./emlib/em_timer.o
 .debug_aranges
                0x00000348       0x98 ./drivers/usb/emusb/em_usbd.o
 .debug_aranges
                0x000003e0       0x20 ./drivers/usb/emusb/em_usbdch9.o
 .debug_aranges
                0x00000400       0x28 ./drivers/usb/emusb/em_usbdep.o
 .debug_aranges
                0x00000428       0x30 ./drivers/usb/emusb/em_usbdint.o
 .debug_aranges
                0x00000458       0x68 ./drivers/usb/emusb/em_usbhal.o
 .debug_aranges
                0x000004c0       0x48 ./drivers/usb/emusb/em_usbtimer.o
 .debug_aranges
                0x00000508       0x58 ./drivers/usb/cdc.o
 .debug_aranges
                0x00000560       0x18 ./drivers/usb/descriptors.o
 .debug_aranges
                0x00000578       0x38 ./drivers/gpiointerrupt.o
 .debug_aranges
                0x000005b0       0x90 ./drivers/segmentlcd.o
 .debug_aranges
                0x00000640       0x20 ./CMSIS/efm32gg/startup_gcc_efm32gg.o
 .debug_aranges
                0x00000660       0x60 ./CMSIS/efm32gg/system_efm32gg.o
 .debug_aranges
                0x000006c0       0x50 ./BSP/bsp_stk_leds.o
 .debug_aranges
                0x00000710       0x28 ./BSP/bsp_trace.o

.debug_ranges   0x00000000     0x2460
 .debug_ranges  0x00000000       0x10 ./src/main.o
 .debug_ranges  0x00000010       0xb8 ./src/utils.o
 .debug_ranges  0x000000c8      0x770 ./emlib/em_cmu.o
 .debug_ranges  0x00000838      0x190 ./emlib/em_dma.o
 .debug_ranges  0x000009c8      0x198 ./emlib/em_emu.o
 .debug_ranges  0x00000b60       0x40 ./emlib/em_gpio.o
 .debug_ranges  0x00000ba0       0xc0 ./emlib/em_lcd.o
 .debug_ranges  0x00000c60       0x18 ./emlib/em_system.o
 .debug_ranges  0x00000c78       0xa8 ./emlib/em_timer.o
 .debug_ranges  0x00000d20      0x4e8 ./drivers/usb/emusb/em_usbd.o
 .debug_ranges  0x00001208      0x368 ./drivers/usb/emusb/em_usbdch9.o
 .debug_ranges  0x00001570      0x188 ./drivers/usb/emusb/em_usbdep.o
 .debug_ranges  0x000016f8      0x2f0 ./drivers/usb/emusb/em_usbdint.o
 .debug_ranges  0x000019e8      0x350 ./drivers/usb/emusb/em_usbhal.o
 .debug_ranges  0x00001d38      0x1f8 ./drivers/usb/emusb/em_usbtimer.o
 .debug_ranges  0x00001f30       0x48 ./drivers/usb/cdc.o
 .debug_ranges  0x00001f78       0xd0 ./drivers/gpiointerrupt.o
 .debug_ranges  0x00002048      0x1a8 ./drivers/segmentlcd.o
 .debug_ranges  0x000021f0      0x158 ./CMSIS/efm32gg/system_efm32gg.o
 .debug_ranges  0x00002348       0xe8 ./BSP/bsp_stk_leds.o
 .debug_ranges  0x00002430       0x30 ./BSP/bsp_trace.o

.debug_line     0x00000000     0x7014
 .debug_line    0x00000000      0x261 ./src/main.o
 .debug_line    0x00000261      0x3c3 ./src/utils.o
 .debug_line    0x00000624      0xbc8 ./emlib/em_cmu.o
 .debug_line    0x000011ec      0x6b8 ./emlib/em_dma.o
 .debug_line    0x000018a4      0x4c5 ./emlib/em_emu.o
 .debug_line    0x00001d69      0x2c8 ./emlib/em_gpio.o
 .debug_line    0x00002031       0xf6 ./emlib/em_int.o
 .debug_line    0x00002127      0x4f2 ./emlib/em_lcd.o
 .debug_line    0x00002619      0x231 ./emlib/em_system.o
 .debug_line    0x0000284a      0x399 ./emlib/em_timer.o
 .debug_line    0x00002be3      0xbcd ./drivers/usb/emusb/em_usbd.o
 .debug_line    0x000037b0      0x683 ./drivers/usb/emusb/em_usbdch9.o
 .debug_line    0x00003e33      0x45f ./drivers/usb/emusb/em_usbdep.o
 .debug_line    0x00004292      0x6bb ./drivers/usb/emusb/em_usbdint.o
 .debug_line    0x0000494d      0x822 ./drivers/usb/emusb/em_usbhal.o
 .debug_line    0x0000516f      0x540 ./drivers/usb/emusb/em_usbtimer.o
 .debug_line    0x000056af      0x391 ./drivers/usb/cdc.o
 .debug_line    0x00005a40      0x173 ./drivers/usb/descriptors.o
 .debug_line    0x00005bb3      0x351 ./drivers/gpiointerrupt.o
 .debug_line    0x00005f04      0x7fd ./drivers/segmentlcd.o
 .debug_line    0x00006701       0x9f ./CMSIS/efm32gg/startup_gcc_efm32gg.o
 .debug_line    0x000067a0      0x33b ./CMSIS/efm32gg/system_efm32gg.o
 .debug_line    0x00006adb      0x315 ./BSP/bsp_stk_leds.o
 .debug_line    0x00006df0      0x224 ./BSP/bsp_trace.o

.debug_str      0x00000000     0x4b00
 .debug_str     0x00000000      0x75b ./src/main.o
                                0x79c (size before relaxing)
 .debug_str     0x0000075b      0x644 ./src/utils.o
                                0xae0 (size before relaxing)
 .debug_str     0x00000d9f      0x6b8 ./emlib/em_cmu.o
                                0xcd4 (size before relaxing)
 .debug_str     0x00001457      0x5d4 ./emlib/em_dma.o
                                0xd61 (size before relaxing)
 .debug_str     0x00001a2b      0x404 ./emlib/em_emu.o
                                0x7e1 (size before relaxing)
 .debug_str     0x00001e2f      0x33d ./emlib/em_gpio.o
                                0x551 (size before relaxing)
 .debug_str     0x0000216c       0x12 ./emlib/em_int.o
                                0x1df (size before relaxing)
 .debug_str     0x0000217e      0x69a ./emlib/em_lcd.o
                                0x8e0 (size before relaxing)
 .debug_str     0x00002818       0x64 ./emlib/em_system.o
                                0x2c0 (size before relaxing)
 .debug_str     0x0000287c      0x4b2 ./emlib/em_timer.o
                                0x976 (size before relaxing)
 .debug_str     0x00002d2e      0xf22 ./drivers/usb/emusb/em_usbd.o
                               0x1997 (size before relaxing)
 .debug_str     0x00003c50      0x172 ./drivers/usb/emusb/em_usbdch9.o
                                0xea6 (size before relaxing)
 .debug_str     0x00003dc2       0x74 ./drivers/usb/emusb/em_usbdep.o
                                0xd7c (size before relaxing)
 .debug_str     0x00003e36      0x307 ./drivers/usb/emusb/em_usbdint.o
                               0x14cd (size before relaxing)
 .debug_str     0x0000413d       0xc7 ./drivers/usb/emusb/em_usbhal.o
                               0x15a8 (size before relaxing)
 .debug_str     0x00004204      0x17e ./drivers/usb/emusb/em_usbtimer.o
                                0xf24 (size before relaxing)
 .debug_str     0x00004382      0x15a ./drivers/usb/cdc.o
                                0x8e4 (size before relaxing)
 .debug_str     0x000044dc       0x6b ./drivers/usb/descriptors.o
                                0x5bf (size before relaxing)
 .debug_str     0x00004547       0xe9 ./drivers/gpiointerrupt.o
                                0x6aa (size before relaxing)
 .debug_str     0x00004630      0x20b ./drivers/segmentlcd.o
                                0xdfe (size before relaxing)
 .debug_str     0x0000483b       0x8e ./CMSIS/efm32gg/system_efm32gg.o
                                0x478 (size before relaxing)
 .debug_str     0x000048c9       0xb0 ./BSP/bsp_stk_leds.o
                                0x7b2 (size before relaxing)
 .debug_str     0x00004979      0x187 ./BSP/bsp_trace.o
                                0x561 (size before relaxing)

.debug_frame    0x00000000     0x120c
 .debug_frame   0x00000000       0x2c ./src/main.o
 .debug_frame   0x0000002c       0x68 ./src/utils.o
 .debug_frame   0x00000094      0x214 ./emlib/em_cmu.o
 .debug_frame   0x000002a8      0x200 ./emlib/em_dma.o
 .debug_frame   0x000004a8       0xec ./emlib/em_emu.o
 .debug_frame   0x00000594       0x84 ./emlib/em_gpio.o
 .debug_frame   0x00000618      0x148 ./emlib/em_lcd.o
 .debug_frame   0x00000760       0x40 ./emlib/em_system.o
 .debug_frame   0x000007a0       0x90 ./emlib/em_timer.o
 .debug_frame   0x00000830      0x1b0 ./drivers/usb/emusb/em_usbd.o
 .debug_frame   0x000009e0       0x2c ./drivers/usb/emusb/em_usbdch9.o
 .debug_frame   0x00000a0c       0x44 ./drivers/usb/emusb/em_usbdep.o
 .debug_frame   0x00000a50       0x74 ./drivers/usb/emusb/em_usbdint.o
 .debug_frame   0x00000ac4      0x110 ./drivers/usb/emusb/em_usbhal.o
 .debug_frame   0x00000bd4       0xd4 ./drivers/usb/emusb/em_usbtimer.o
 .debug_frame   0x00000ca8       0xd0 ./drivers/usb/cdc.o
 .debug_frame   0x00000d78       0x70 ./drivers/gpiointerrupt.o
 .debug_frame   0x00000de8      0x1a0 ./drivers/segmentlcd.o
 .debug_frame   0x00000f88       0xa0 ./CMSIS/efm32gg/system_efm32gg.o
 .debug_frame   0x00001028       0xb8 ./BSP/bsp_stk_leds.o
 .debug_frame   0x000010e0       0x50 ./BSP/bsp_trace.o
 .debug_frame   0x00001130       0x28 c:/siliconlabs/simplicitystudio/v2/developer/toolchains/gnu_arm/4.8_2013q4/bin/../lib/gcc/arm-none-eabi/4.8.3/../../../../arm-none-eabi/lib/armv7-m\libc_s.a(lib_a-exit.o)
 .debug_frame   0x00001158       0x2c c:/siliconlabs/simplicitystudio/v2/developer/toolchains/gnu_arm/4.8_2013q4/bin/../lib/gcc/arm-none-eabi/4.8.3/../../../../arm-none-eabi/lib/armv7-m\libc_s.a(lib_a-init.o)
 .debug_frame   0x00001184       0x28 c:/siliconlabs/simplicitystudio/v2/developer/toolchains/gnu_arm/4.8_2013q4/bin/../lib/gcc/arm-none-eabi/4.8.3/../../../../arm-none-eabi/lib/armv7-m\libc_s.a(lib_a-memcpy-stub.o)
 .debug_frame   0x000011ac       0x20 c:/siliconlabs/simplicitystudio/v2/developer/toolchains/gnu_arm/4.8_2013q4/bin/../lib/gcc/arm-none-eabi/4.8.3/../../../../arm-none-eabi/lib/armv7-m\libc_s.a(lib_a-memset.o)
 .debug_frame   0x000011cc       0x20 c:/siliconlabs/simplicitystudio/v2/developer/toolchains/gnu_arm/4.8_2013q4/bin/../lib/gcc/arm-none-eabi/4.8.3/../../../../arm-none-eabi/lib/armv7-m\libc_s.a(lib_a-strlen.o)
 .debug_frame   0x000011ec       0x20 c:/siliconlabs/simplicitystudio/v2/developer/toolchains/gnu_arm/4.8_2013q4/bin/../lib/gcc/arm-none-eabi/4.8.3/../../../../arm-none-eabi/lib/armv7-m\libnosys.a(_exit.o)
